Product: MDK-ARM Standard 5.10
Component: ARM Compiler 5.04 update 1 (build 49)
Tool: armlink [5040049]

==============================================================================

Section Cross References

    startup_stm32f10x_hd.o(RESET) refers to startup_stm32f10x_hd.o(STACK) for __initial_sp
    startup_stm32f10x_hd.o(RESET) refers to startup_stm32f10x_hd.o(.text) for Reset_Handler
    startup_stm32f10x_hd.o(RESET) refers to stm32f10x_it.o(.text) for NMI_Handler
    startup_stm32f10x_hd.o(RESET) refers to platform.o(.text) for EXTI1_IRQHandler
    startup_stm32f10x_hd.o(RESET) refers to usart.o(.text) for USART1_IRQHandler
    startup_stm32f10x_hd.o(.text) refers to system_stm32f10x.o(.text) for SystemInit
    startup_stm32f10x_hd.o(.text) refers to entry.o(.ARM.Collect$$$$00000000) for __main
    system_stm32f10x.o(.text) refers to system_stm32f10x.o(.data) for SystemCoreClock
    stm32f10x_spi.o(.text) refers to stm32f10x_rcc.o(.text) for RCC_APB2PeriphResetCmd
    stm32f10x_tim.o(.text) refers to stm32f10x_rcc.o(.text) for RCC_APB2PeriphResetCmd
    stm32f10x_gpio.o(.text) refers to stm32f10x_rcc.o(.text) for RCC_APB2PeriphResetCmd
    stm32f10x_rcc.o(.text) refers to stm32f10x_rcc.o(.data) for APBAHBPrescTable
    stm32f10x_usart.o(.text) refers to stm32f10x_rcc.o(.text) for RCC_APB2PeriphResetCmd
    delay.o(.text) refers to delay.o(.data) for fac_us
    sys.o(.text) refers to printf8.o(i.__0sprintf$8) for __2sprintf
    sys.o(.text) refers to misc.o(.text) for NVIC_PriorityGroupConfig
    sys.o(.text) refers to sys.o(.emb_text) for WFI_SET
    usart.o(.text) refers to sys.o(.text) for MY_NVIC_Init
    usart.o(.text) refers to stm32f10x_rcc.o(.text) for RCC_APB2PeriphClockCmd
    usart.o(.text) refers to stm32f10x_usart.o(.text) for USART_DeInit
    usart.o(.text) refers to stm32f10x_gpio.o(.text) for GPIO_Init
    usart.o(.text) refers to misc.o(.text) for NVIC_Init
    usart.o(.text) refers to memseta.o(.text) for __aeabi_memclr
    usart.o(.text) refers to platform.o(.text) for platform_timer_refresh
    usart.o(.text) refers to main.o(.data) for ctrler
    usart.o(.text) refers to usart.o(.data) for serial_count
    usart.o(.text) refers to usart.o(.bss) for serial_buf
    signal.o(.text) refers to signal.o(.bss) for g_signal_queue
    main.o(.text) refers to misc.o(.text) for NVIC_PriorityGroupConfig
    main.o(.text) refers to delay.o(.text) for delay_init
    main.o(.text) refers to usart.o(.text) for USARTx_Init
    main.o(.text) refers to signal.o(.text) for init_signal_queue
    main.o(.text) refers to platform.o(.text) for platform_counter_init
    main.o(.text) refers to controller.o(.text) for controller_init
    main.o(.text) refers to main.o(.data) for para
    platform.o(.text) refers to stm32f10x_rcc.o(.text) for RCC_APB2PeriphClockCmd
    platform.o(.text) refers to stm32f10x_gpio.o(.text) for GPIO_Init
    platform.o(.text) refers to spi.o(.text) for spi_write_read
    platform.o(.text) refers to stm32f10x_exti.o(.text) for EXTI_Init
    platform.o(.text) refers to misc.o(.text) for NVIC_Init
    platform.o(.text) refers to stm32f10x_tim.o(.text) for TIM_TimeBaseInit
    platform.o(.text) refers to main.o(.data) for ctrler
    platform.o(.text) refers to usart.o(.text) for serial_packet_received
    platform.o(.text) refers to platform.o(.data) for platform_counter
    controller.o(.text) refers to _scanf_int.o(.text) for _scanf_int
    controller.o(.text) refers to printf8.o(i.__0printf$8) for __2printf
    controller.o(.text) refers to platform.o(.text) for gpio_set_value
    controller.o(.text) refers to delay.o(.text) for delay_ms
    controller.o(.text) refers to strncmp.o(.text) for strncmp
    controller.o(.text) refers to strncpy.o(.text) for strncpy
    controller.o(.text) refers to __0sscanf.o(.text) for __0sscanf
    controller.o(.text) refers to signal.o(.text) for queue_callback
    controller.o(.text) refers to calloc.o(.text) for calloc
    controller.o(.text) refers to us_motor.o(.text) for us_motor_init
    controller.o(.text) refers to ble102.o(.text) for ble10x_device_init
    controller.o(.text) refers to controller.o(.constdata) for __func__
    ble102.o(.text) refers to usart.o(.text) for serial_xfer_string
    ble102.o(.text) refers to delay.o(.text) for delay_ms
    ble102.o(.text) refers to printf8.o(i.__0printf$8) for __2printf
    ble102.o(.text) refers to calloc.o(.text) for calloc
    ble102.o(.text) refers to memcpya.o(.text) for __aeabi_memcpy
    ble102.o(.text) refers to strncmp.o(.text) for strncmp
    ble102.o(.text) refers to platform.o(.text) for platform_timer_intr_init
    ble102.o(.text) refers to ble102.o(.constdata) for __func__
    ble102.o(.text) refers to main.o(.data) for ctrler
    ble102.o(.data) refers to ble102.o(.conststring) for .conststring
    us_motor.o(.text) refers to platform.o(.text) for gpio_set_value
[...]
    printf5.o(i.__0vsprintf$5) refers to printf5.o(i._printf_core) for _printf_core
    printf5.o(i.__0vsprintf$5) refers to printf5.o(i._sputc) for _sputc
    printf5.o(i._printf_core) refers to uldiv.o(.text) for __aeabi_uldivmod
    printf6.o(i.__0fprintf$6) refers to printf6.o(i._printf_core) for _printf_core
    printf6.o(i.__0fprintf$6) refers to usart.o(.text) for fputc
    printf6.o(i.__0printf$6) refers to printf6.o(i._printf_core) for _printf_core
    printf6.o(i.__0printf$6) refers to usart.o(.text) for fputc
    printf6.o(i.__0printf$6) refers to usart.o(.data) for __stdout
    printf6.o(i.__0snprintf$6) refers to printf6.o(i._printf_core) for _printf_core
    printf6.o(i.__0snprintf$6) refers to printf6.o(i._snputc) for _snputc
    printf6.o(i.__0sprintf$6) refers to printf6.o(i._printf_core) for _printf_core
    printf6.o(i.__0sprintf$6) refers to printf6.o(i._sputc) for _sputc
    printf6.o(i.__0vfprintf$6) refers to printf6.o(i._printf_core) for _printf_core
    printf6.o(i.__0vfprintf$6) refers to usart.o(.text) for fputc
    printf6.o(i.__0vprintf$6) refers to printf6.o(i._printf_core) for _printf_core
    printf6.o(i.__0vprintf$6) refers to usart.o(.text) for fputc
    printf6.o(i.__0vprintf$6) refers to usart.o(.data) for __stdout
    printf6.o(i.__0vsnprintf$6) refers to printf6.o(i._printf_core) for _printf_core
    printf6.o(i.__0vsnprintf$6) refers to printf6.o(i._snputc) for _snputc
    printf6.o(i.__0vsprintf$6) refers to printf6.o(i._printf_core) for _printf_core
    printf6.o(i.__0vsprintf$6) refers to printf6.o(i._sputc) for _sputc
    printf6.o(i._printf_core) refers to printf6.o(i._printf_pre_padding) for _printf_pre_padding
    printf6.o(i._printf_core) refers to uidiv.o(.text) for __aeabi_uidivmod
    printf6.o(i._printf_core) refers to printf6.o(i._printf_post_padding) for _printf_post_padding
    printf7.o(i.__0fprintf$7) refers to printf7.o(i._printf_core) for _printf_core
    printf7.o(i.__0fprintf$7) refers to usart.o(.text) for fputc
    printf7.o(i.__0printf$7) refers to printf7.o(i._printf_core) for _printf_core
    printf7.o(i.__0printf$7) refers to usart.o(.text) for fputc
    printf7.o(i.__0printf$7) refers to usart.o(.data) for __stdout
    printf7.o(i.__0snprintf$7) refers to printf7.o(i._printf_core) for _printf_core
    printf7.o(i.__0snprintf$7) refers to printf7.o(i._snputc) for _snputc
    printf7.o(i.__0sprintf$7) refers to printf7.o(i._printf_core) for _printf_core
    printf7.o(i.__0sprintf$7) refers to printf7.o(i._sputc) for _sputc
    printf7.o(i.__0vfprintf$7) refers to printf7.o(i._printf_core) for _printf_core
    printf7.o(i.__0vfprintf$7) refers to usart.o(.text) for fputc
    printf7.o(i.__0vprintf$7) refers to printf7.o(i._printf_core) for _printf_core
    printf7.o(i.__0vprintf$7) refers to usart.o(.text) for fputc
    printf7.o(i.__0vprintf$7) refers to usart.o(.data) for __stdout
    printf7.o(i.__0vsnprintf$7) refers to printf7.o(i._printf_core) for _printf_core
    printf7.o(i.__0vsnprintf$7) refers to printf7.o(i._snputc) for _snputc
    printf7.o(i.__0vsprintf$7) refers to printf7.o(i._printf_core) for _printf_core
    printf7.o(i.__0vsprintf$7) refers to printf7.o(i._sputc) for _sputc
    printf7.o(i._printf_core) refers to printf7.o(i._printf_pre_padding) for _printf_pre_padding
    printf7.o(i._printf_core) refers to uldiv.o(.text) for __aeabi_uldivmod
    printf7.o(i._printf_core) refers to printf7.o(i._printf_post_padding) for _printf_post_padding
    printf8.o(i.__0fprintf$8) refers to printf8.o(i._printf_core) for _printf_core
    printf8.o(i.__0fprintf$8) refers to usart.o(.text) for fputc
    printf8.o(i.__0printf$8) refers to printf8.o(i._printf_core) for _printf_core
    printf8.o(i.__0printf$8) refers to usart.o(.text) for fputc
    printf8.o(i.__0printf$8) refers to usart.o(.data) for __stdout
    printf8.o(i.__0snprintf$8) refers to printf8.o(i._printf_core) for _printf_core
    printf8.o(i.__0snprintf$8) refers to printf8.o(i._snputc) for _snputc
    printf8.o(i.__0sprintf$8) refers to printf8.o(i._printf_core) for _printf_core
    printf8.o(i.__0sprintf$8) refers to printf8.o(i._sputc) for _sputc
    printf8.o(i.__0vfprintf$8) refers to printf8.o(i._printf_core) for _printf_core
    printf8.o(i.__0vfprintf$8) refers to usart.o(.text) for fputc
    printf8.o(i.__0vprintf$8) refers to printf8.o(i._printf_core) for _printf_core
    printf8.o(i.__0vprintf$8) refers to usart.o(.text) for fputc
    printf8.o(i.__0vprintf$8) refers to usart.o(.data) for __stdout
    printf8.o(i.__0vsnprintf$8) refers to printf8.o(i._printf_core) for _printf_core
    printf8.o(i.__0vsnprintf$8) refers to printf8.o(i._snputc) for _snputc
    printf8.o(i.__0vsprintf$8) refers to printf8.o(i._printf_core) for _printf_core
    printf8.o(i.__0vsprintf$8) refers to printf8.o(i._sputc) for _sputc
    printf8.o(i._printf_core) refers to printf8.o(i._printf_pre_padding) for _printf_pre_padding
    printf8.o(i._printf_core) refers to uldiv.o(.text) for __aeabi_uldivmod
    printf8.o(i._printf_core) refers to printf8.o(i._printf_post_padding) for _printf_post_padding
    printfa.o(i.__0fprintf) refers (Special) to iusefp.o(.text) for __I$use$fp
    printfa.o(i.__0fprintf) refers to printfa.o(i._printf_core) for _printf_core
    printfa.o(i.__0fprintf) refers to usart.o(.text) for fputc
    printfa.o(i.__0printf) refers (Special) to iusefp.o(.text) for __I$use$fp
    printfa.o(i.__0printf) refers to printfa.o(i._printf_core) for _printf_core
    printfa.o(i.__0printf) refers to usart.o(.text) for fputc
    printfa.o(i.__0printf) refers to usart.o(.data) for __stdout
    printfa.o(i.__0snprintf) refers (Special) to iusefp.o(.text) for __I$use$fp
    printfa.o(i.__0snprintf) refers to printfa.o(i._printf_core) for _printf_core
    printfa.o(i.__0snprintf) refers to printfa.o(i._snputc) for _snputc
    printfa.o(i.__0sprintf) refers (Special) to iusefp.o(.text) for __I$use$fp
    printfa.o(i.__0sprintf) refers to printfa.o(i._printf_core) for _printf_core
    printfa.o(i.__0sprintf) refers to printfa.o(i._sputc) for _sputc
    printfa.o(i.__0vfprintf) refers (Special) to iusefp.o(.text) for __I$use$fp
    printfa.o(i.__0vfprintf) refers to printfa.o(i._printf_core) for _printf_core
    printfa.o(i.__0vfprintf) refers to usart.o(.text) for fputc
    printfa.o(i.__0vprintf) refers (Special) to iusefp.o(.text) for __I$use$fp
    printfa.o(i.__0vprintf) refers to printfa.o(i._printf_core) for _printf_core
    printfa.o(i.__0vprintf) refers to usart.o(.text) for fputc
    printfa.o(i.__0vprintf) refers to usart.o(.data) for __stdout
    printfa.o(i.__0vsnprintf) refers (Special) to iusefp.o(.text) for __I$use$fp
    printfa.o(i.__0vsnprintf) refers to printfa.o(i._printf_core) for _printf_core
    printfa.o(i.__0vsnprintf) refers to printfa.o(i._snputc) for _snputc
    printfa.o(i.__0vsprintf) refers (Special) to iusefp.o(.text) for __I$use$fp
    printfa.o(i.__0vsprintf) refers to printfa.o(i._printf_core) for _printf_core
    printfa.o(i.__0vsprintf) refers to printfa.o(i._sputc) for _sputc
    printfa.o(i._fp_digits) refers (Special) to iusefp.o(.text) for __I$use$fp
    printfa.o(i._fp_digits) refers to dmul.o(.text) for __aeabi_dmul
    printfa.o(i._fp_digits) refers to ddiv.o(.text) for __aeabi_ddiv
    printfa.o(i._fp_digits) refers to cdrcmple.o(.text) for __aeabi_cdrcmple
    printfa.o(i._fp_digits) refers to dadd.o(.text) for __aeabi_dadd
    printfa.o(i._fp_digits) refers to dfixul.o(.text) for __aeabi_d2ulz
    printfa.o(i._fp_digits) refers to uldiv.o(.text) for __aeabi_uldivmod
    printfa.o(i._printf_core) refers (Special) to iusefp.o(.text) for __I$use$fp
    printfa.o(i._printf_core) refers to printfa.o(i._printf_pre_padding) for _printf_pre_padding
    printfa.o(i._printf_core) refers to uldiv.o(.text) for __aeabi_uldivmod
    printfa.o(i._printf_core) refers to printfa.o(i._printf_post_padding) for _printf_post_padding
    printfa.o(i._printf_core) refers to printfa.o(i._fp_digits) for _fp_digits
    printfa.o(i._printf_core) refers to uidiv.o(.text) for __aeabi_uidivmod
    printfa.o(i._printf_post_padding) refers (Special) to iusefp.o(.text) for __I$use$fp
    printfa.o(i._printf_pre_padding) refers (Special) to iusefp.o(.text) for __I$use$fp
    printfa.o(i._snputc) refers (Special) to iusefp.o(.text) for __I$use$fp
    printfa.o(i._sputc) refers (Special) to iusefp.o(.text) for __I$use$fp
    calloc.o(.text) refers to malloc.o(i.malloc) for malloc
    __0sscanf.o(.text) refers to scanf_char.o(.text) for __vfscanf_char
    __0sscanf.o(.text) refers to _sgetc.o(.text) for _sgetc
    _scanf_int.o(.text) refers to _chval.o(.text) for _chval
    entry2.o(.ARM.Collect$$$$00000001) refers to entry2.o(.ARM.Collect$$$$00002712) for __lit__00000000
    entry2.o(.ARM.Collect$$$$00002712) refers to startup_stm32f10x_hd.o(STACK) for __initial_sp
    entry2.o(__vectab_stack_and_reset_area) refers to startup_stm32f10x_hd.o(STACK) for __initial_sp
    entry2.o(__vectab_stack_and_reset_area) refers to entry.o(.ARM.Collect$$$$00000000) for __main
    entry5.o(.ARM.Collect$$$$00000004) refers to init.o(.text) for __scatterload
    entry9a.o(.ARM.Collect$$$$0000000B) refers to main.o(.text) for main
    entry9b.o(.ARM.Collect$$$$0000000C) refers to main.o(.text) for main
    uldiv.o(.text) refers to llushr.o(.text) for __aeabi_llsr
    uldiv.o(.text) refers to llshl.o(.text) for __aeabi_llsl
    malloc.o(i.free) refers to mvars.o(.data) for __microlib_freelist
    malloc.o(i.malloc) refers to mvars.o(.data) for __microlib_freelist_initialised
    malloc.o(i.malloc) refers to mvars.o(.data) for __microlib_freelist
    malloc.o(i.malloc) refers to startup_stm32f10x_hd.o(HEAP) for __heap_base
    mallocr.o(i.__free$realloc) refers to mvars.o(.data) for __microlib_freelist
    mallocr.o(i.__malloc$realloc) refers to mallocr.o(i.internal_alloc) for internal_alloc
    mallocr.o(i.__malloc$realloc) refers to mvars.o(.data) for __microlib_freelist_initialised
    mallocr.o(i.__malloc$realloc) refers to startup_stm32f10x_hd.o(HEAP) for __heap_base
    mallocr.o(i.__malloc$realloc) refers to mvars.o(.data) for __microlib_freelist
    mallocr.o(i.internal_alloc) refers to memcpya.o(.text) for __aeabi_memcpy
    mallocr.o(i.internal_alloc) refers to mvars.o(.data) for __microlib_freelist
    mallocr.o(i.realloc) refers to mallocr.o(i.__free$realloc) for __free$realloc
    mallocr.o(i.realloc) refers to mallocr.o(i.internal_alloc) for internal_alloc
    mallocr.o(i.realloc) refers to mallocr.o(i.__malloc$realloc) for __malloc$realloc
    mallocr.o(i.realloc) refers to mvars.o(.data) for __microlib_freelist
    malloca.o(i.__aligned_malloc) refers to mvars.o(.data) for __microlib_freelist_initialised
    malloca.o(i.__aligned_malloc) refers to mvars.o(.data) for __microlib_freelist
    malloca.o(i.__aligned_malloc) refers to startup_stm32f10x_hd.o(HEAP) for __heap_base
    malloca.o(i.__free$memalign) refers to mvars.o(.data) for __microlib_freelist
    malloca.o(i.__malloc$memalign) refers to malloca.o(i.__aligned_malloc) for __aligned_malloc
    mallocra.o(i.__aligned_malloc$realloc) refers to mallocra.o(i.internal_alloc) for internal_alloc
    mallocra.o(i.__aligned_malloc$realloc) refers to mvars.o(.data) for __microlib_freelist_initialised
    mallocra.o(i.__aligned_malloc$realloc) refers to startup_stm32f10x_hd.o(HEAP) for __heap_base
    mallocra.o(i.__aligned_malloc$realloc) refers to mvars.o(.data) for __microlib_freelist
    mallocra.o(i.__free$realloc$memalign) refers to mvars.o(.data) for __microlib_freelist
    mallocra.o(i.__malloc$realloc$memalign) refers to mallocra.o(i.__aligned_malloc$realloc) for __aligned_malloc$realloc
    mallocra.o(i.__realloc$memalign) refers to mallocra.o(i.__free$realloc$memalign) for __free$realloc$memalign
    mallocra.o(i.__realloc$memalign) refers to mallocra.o(i.internal_alloc) for internal_alloc
    mallocra.o(i.__realloc$memalign) refers to mallocra.o(i.__malloc$realloc$memalign) for __malloc$realloc$memalign
    mallocra.o(i.__realloc$memalign) refers to mvars.o(.data) for __microlib_freelist
    mallocra.o(i.internal_alloc) refers to memcpya.o(.text) for __aeabi_memcpy
    mallocra.o(i.internal_alloc) refers to mvars.o(.data) for __microlib_freelist
    scanf_char.o(.text) refers to _scanf.o(.text) for __vfscanf
    scanf_char.o(.text) refers to isspace_c.o(.text) for isspace
    dadd.o(.text) refers to llshl.o(.text) for __aeabi_llsl
    dadd.o(.text) refers to llsshr.o(.text) for __aeabi_lasr
    dadd.o(.text) refers to depilogue.o(.text) for _double_epilogue
    dmul.o(.text) refers to depilogue.o(.text) for _double_epilogue
    ddiv.o(.text) refers to depilogue.o(.text) for _double_round
    dfixul.o(.text) refers to llushr.o(.text) for __aeabi_llsr
    dfixul.o(.text) refers to llshl.o(.text) for __aeabi_llsl
    init.o(.text) refers to entry5.o(.ARM.Collect$$$$00000004) for __main_after_scatterload
    isspace_c.o(.text) refers to ctype_c.o(.text) for __ctype_lookup
    _scanf.o(.text) refers (Weak) to _scanf_int.o(.text) for _scanf_int
    depilogue.o(.text) refers to llshl.o(.text) for __aeabi_llsl
    depilogue.o(.text) refers to llushr.o(.text) for __aeabi_llsr
    ctype_c.o(.text) refers to ctype_c.o(.constdata) for .constdata


==============================================================================

Removing Unused input sections from the image.

    Removing core_cm3.o(.emb_text), (32 bytes).
    Removing stm32f10x_fsmc.o(.text), (1548 bytes).
    Removing ble102.o(.conststring), (117 bytes).
    Removing ble102.o(.data), (12 bytes).
    Removing led.o(.text), (80 bytes).
    Removing dadd.o(.text), (334 bytes).
    Removing dmul.o(.text), (228 bytes).
    Removing ddiv.o(.text), (222 bytes).
    Removing dfixul.o(.text), (48 bytes).
    Removing cdrcmple.o(.text), (40 bytes).
    Removing depilogue.o(.text), (182 bytes).

11 unused section(s) (total 2843 bytes) removed from the image.

==============================================================================

Image Symbol Table

    Local Symbols

    Symbol Name                              Value     Ov Type        Size  Object(Section)

    ../clib/../cmprslib/zerorunl2.c          0x00000000   Number         0  __dczerorl2.o ABSOLUTE
    ../clib/microlib/ctype/ctype.c           0x00000000   Number         0  isspace_c.o ABSOLUTE
    ../clib/microlib/ctype/ctype.c           0x00000000   Number         0  ctype_c.o ABSOLUTE
    ../clib/microlib/division.c              0x00000000   Number         0  uidiv.o ABSOLUTE
    ../clib/microlib/division.c              0x00000000   Number         0  uldiv.o ABSOLUTE
    ../clib/microlib/init/entry.s            0x00000000   Number         0  entry2.o ABSOLUTE
    ../clib/microlib/init/entry.s            0x00000000   Number         0  entry5.o ABSOLUTE
    ../clib/microlib/init/entry.s            0x00000000   Number         0  entry7a.o ABSOLUTE
    ../clib/microlib/init/entry.s            0x00000000   Number         0  entry7b.o ABSOLUTE
    ../clib/microlib/init/entry.s            0x00000000   Number         0  entry.o ABSOLUTE
    ../clib/microlib/init/entry.s            0x00000000   Number         0  entry11a.o ABSOLUTE
    ../clib/microlib/init/entry.s            0x00000000   Number         0  entry8a.o ABSOLUTE
    ../clib/microlib/init/entry.s            0x00000000   Number         0  entry8b.o ABSOLUTE
    ../clib/microlib/init/entry.s            0x00000000   Number         0  entry9b.o ABSOLUTE
    ../clib/microlib/init/entry.s            0x00000000   Number         0  entry10a.o ABSOLUTE
    ../clib/microlib/init/entry.s            0x00000000   Number         0  entry10b.o ABSOLUTE
    ../clib/microlib/init/entry.s            0x00000000   Number         0  entry11b.o ABSOLUTE
    ../clib/microlib/init/entry.s            0x00000000   Number         0  entry9a.o ABSOLUTE
    ../clib/microlib/longlong.c              0x00000000   Number         0  llshl.o ABSOLUTE
    ../clib/microlib/longlong.c              0x00000000   Number         0  llushr.o ABSOLUTE
    ../clib/microlib/longlong.c              0x00000000   Number         0  llsshr.o ABSOLUTE
    ../clib/microlib/malloc/calloc.c         0x00000000   Number         0  calloc.o ABSOLUTE
    ../clib/microlib/malloc/malloc.c         0x00000000   Number         0  malloc.o ABSOLUTE
    ../clib/microlib/malloc/malloc.c         0x00000000   Number         0  mallocr.o ABSOLUTE
    ../clib/microlib/malloc/malloc.c         0x00000000   Number         0  malloca.o ABSOLUTE
    ../clib/microlib/malloc/malloc.c         0x00000000   Number         0  mallocra.o ABSOLUTE
    ../clib/microlib/malloc/mvars.c          0x00000000   Number         0  mvars.o ABSOLUTE
    ../clib/microlib/printf/printf.c         0x00000000   Number         0  printf5.o ABSOLUTE
    ../clib/microlib/printf/printf.c         0x00000000   Number         0  printf4.o ABSOLUTE
    ../clib/microlib/printf/printf.c         0x00000000   Number         0  printf3.o ABSOLUTE
    ../clib/microlib/printf/printf.c         0x00000000   Number         0  printf1.o ABSOLUTE
    ../clib/microlib/printf/printf.c         0x00000000   Number         0  printfa.o ABSOLUTE
    ../clib/microlib/printf/printf.c         0x00000000   Number         0  printf0.o ABSOLUTE
    ../clib/microlib/printf/printf.c         0x00000000   Number         0  printf8.o ABSOLUTE
    ../clib/microlib/printf/printf.c         0x00000000   Number         0  printfb.o ABSOLUTE
    ../clib/microlib/printf/printf.c         0x00000000   Number         0  printf7.o ABSOLUTE
    ../clib/microlib/printf/printf.c         0x00000000   Number         0  printf6.o ABSOLUTE
    ../clib/microlib/printf/printf.c         0x00000000   Number         0  printf2.o ABSOLUTE
    ../clib/microlib/printf/stubs.s          0x00000000   Number         0  stubs.o ABSOLUTE
    ../clib/microlib/string/memcpy.c         0x00000000   Number         0  memcpyb.o ABSOLUTE
    ../clib/microlib/string/memcpy.c         0x00000000   Number         0  memcpya.o ABSOLUTE
    ../clib/microlib/string/memset.c         0x00000000   Number         0  memseta.o ABSOLUTE
    ../clib/microlib/string/strncmp.c        0x00000000   Number         0  strncmp.o ABSOLUTE
    ../clib/microlib/string/strncpy.c        0x00000000   Number         0  strncpy.o ABSOLUTE
    ../clib/microlib/stubs.s                 0x00000000   Number         0  iusefp.o ABSOLUTE
    ../clib/microlib/stubs.s                 0x00000000   Number         0  useno.o ABSOLUTE
    ../clib/scanf.c                          0x00000000   Number         0  _scanf_int.o ABSOLUTE
    ../clib/scanf.c                          0x00000000   Number         0  __0sscanf.o ABSOLUTE
    ../clib/scanf.c                          0x00000000   Number         0  _sgetc.o ABSOLUTE
    ../clib/scanf.c                          0x00000000   Number         0  scanf_char.o ABSOLUTE
    ../clib/scanf.c                          0x00000000   Number         0  _chval.o ABSOLUTE
    ../clib/scanf.c                          0x00000000   Number         0  _scanf.o ABSOLUTE
    ../fplib/microlib/fpadd.c                0x00000000   Number         0  dadd.o ABSOLUTE
    ../fplib/microlib/fpdiv.c                0x00000000   Number         0  ddiv.o ABSOLUTE
    ../fplib/microlib/fpepilogue.c           0x00000000   Number         0  depilogue.o ABSOLUTE
    ../fplib/microlib/fpfix.c                0x00000000   Number         0  dfixul.o ABSOLUTE
    ../fplib/microlib/fpmul.c                0x00000000   Number         0  dmul.o ABSOLUTE
    ..\CMSIS\CM3\CORE\core_cm3.c             0x00000000   Number         0  core_cm3.o ABSOLUTE
    ..\CMSIS\CM3\STARTUP\startup_stm32f10x_hd.s 0x00000000   Number         0  startup_stm32f10x_hd.o ABSOLUTE
    ..\CMSIS\CM3\stm32f10x_it.c              0x00000000   Number         0  stm32f10x_it.o ABSOLUTE
    ..\CMSIS\CM3\system_stm32f10x.c          0x00000000   Number         0  system_stm32f10x.o ABSOLUTE
    ..\CMSIS\STM32LIB\src\misc.c             0x00000000   Number         0  misc.o ABSOLUTE
    ..\CMSIS\STM32LIB\src\stm32f10x_exti.c   0x00000000   Number         0  stm32f10x_exti.o ABSOLUTE
    ..\CMSIS\STM32LIB\src\stm32f10x_fsmc.c   0x00000000   Number         0  stm32f10x_fsmc.o ABSOLUTE
    ..\CMSIS\STM32LIB\src\stm32f10x_gpio.c   0x00000000   Number         0  stm32f10x_gpio.o ABSOLUTE
    ..\CMSIS\STM32LIB\src\stm32f10x_rcc.c    0x00000000   Number         0  stm32f10x_rcc.o ABSOLUTE
    ..\CMSIS\STM32LIB\src\stm32f10x_spi.c    0x00000000   Number         0  stm32f10x_spi.o ABSOLUTE
    ..\CMSIS\STM32LIB\src\stm32f10x_tim.c    0x00000000   Number         0  stm32f10x_tim.o ABSOLUTE
    ..\CMSIS\STM32LIB\src\stm32f10x_usart.c  0x00000000   Number         0  stm32f10x_usart.o ABSOLUTE
    ..\HARDWARE\LED\led.c                    0x00000000   Number         0  led.o ABSOLUTE
    ..\HARDWARE\spi\spi.c                    0x00000000   Number         0  spi.o ABSOLUTE
    ..\SYSTEM\delay\delay.c                  0x00000000   Number         0  delay.o ABSOLUTE
    ..\SYSTEM\signal\signal.c                0x00000000   Number         0  signal.o ABSOLUTE
    ..\SYSTEM\sys\sys.c                      0x00000000   Number         0  sys.o ABSOLUTE
    ..\SYSTEM\usart\usart.c                  0x00000000   Number         0  usart.o ABSOLUTE
    ..\\CMSIS\\CM3\\CORE\\core_cm3.c         0x00000000   Number         0  core_cm3.o ABSOLUTE
    ..\\SYSTEM\\sys\\sys.c                   0x00000000   Number         0  sys.o ABSOLUTE
    ble102.c                                 0x00000000   Number         0  ble102.o ABSOLUTE
    cdrcmple.s                               0x00000000   Number         0  cdrcmple.o ABSOLUTE
    controller.c                             0x00000000   Number         0  controller.o ABSOLUTE
    dc.s                                     0x00000000   Number         0  dc.o ABSOLUTE
    handlers.s                               0x00000000   Number         0  handlers.o ABSOLUTE
    init.s                                   0x00000000   Number         0  init.o ABSOLUTE
    main.c                                   0x00000000   Number         0  main.o ABSOLUTE
    platform.c                               0x00000000   Number         0  platform.o ABSOLUTE
    us_motor.c                               0x00000000   Number         0  us_motor.o ABSOLUTE
    RESET                                    0x08000000   Section      304  startup_stm32f10x_hd.o(RESET)
    .ARM.Collect$$$$00000000                 0x08000130   Section        0  entry.o(.ARM.Collect$$$$00000000)
    .ARM.Collect$$$$00000001                 0x08000130   Section        4  entry2.o(.ARM.Collect$$$$00000001)
    .ARM.Collect$$$$00000004                 0x08000134   Section        4  entry5.o(.ARM.Collect$$$$00000004)
    .ARM.Collect$$$$00000008                 0x08000138   Section        0  entry7b.o(.ARM.Collect$$$$00000008)
    .ARM.Collect$$$$0000000A                 0x08000138   Section        0  entry8b.o(.ARM.Collect$$$$0000000A)
    .ARM.Collect$$$$0000000B                 0x08000138   Section        8  entry9a.o(.ARM.Collect$$$$0000000B)
    .ARM.Collect$$$$0000000D                 0x08000140   Section        0  entry10a.o(.ARM.Collect$$$$0000000D)
    .ARM.Collect$$$$0000000F                 0x08000140   Section        0  entry11a.o(.ARM.Collect$$$$0000000F)
    .ARM.Collect$$$$00002712                 0x08000140   Section        4  entry2.o(.ARM.Collect$$$$00002712)
    __lit__00000000                          0x08000140   Data           4  entry2.o(.ARM.Collect$$$$00002712)
    .emb_text                                0x08000144   Section        2  sys.o(.emb_text)
    .text                                    0x08000148   Section       36  startup_stm32f10x_hd.o(.text)
    .text                                    0x0800016c   Section        0  stm32f10x_it.o(.text)
    .text                                    0x08000188   Section        0  system_stm32f10x.o(.text)
    SetSysClockTo72                          0x08000189   Thumb Code   214  system_stm32f10x.o(.text)
    SetSysClock                              0x0800025f   Thumb Code     8  system_stm32f10x.o(.text)
    .text                                    0x08000368   Section        0  stm32f10x_spi.o(.text)
    .text                                    0x08000674   Section        0  stm32f10x_tim.o(.text)
    TI4_Config                               0x08000b1b   Thumb Code   130  stm32f10x_tim.o(.text)
    TI3_Config                               0x08000baf   Thumb Code   122  stm32f10x_tim.o(.text)
    TI2_Config                               0x08000c43   Thumb Code   130  stm32f10x_tim.o(.text)
    TI1_Config                               0x08000cd7   Thumb Code   108  stm32f10x_tim.o(.text)
    .text                                    0x08001490   Section        0  misc.o(.text)
    .text                                    0x0800156c   Section        0  stm32f10x_exti.o(.text)
    .text                                    0x08001688   Section        0  stm32f10x_gpio.o(.text)
    .text                                    0x080019e4   Section        0  stm32f10x_rcc.o(.text)
    .text                                    0x08001d88   Section        0  stm32f10x_usart.o(.text)
    .text                                    0x08002190   Section        0  delay.o(.text)
    .text                                    0x08002260   Section        0  sys.o(.text)
    .text                                    0x080024d8   Section        0  usart.o(.text)
    .text                                    0x080026fc   Section        0  signal.o(.text)
    .text                                    0x08002804   Section        0  main.o(.text)
    .text                                    0x08002874   Section        0  platform.o(.text)
    .text                                    0x08002f00   Section        0  controller.o(.text)
    .text                                    0x080034a0   Section        0  ble102.o(.text)
    exit_command_mode                        0x080034c1   Thumb Code    24  ble102.o(.text)
    set_uuid                                 0x080034d9   Thumb Code     6  ble102.o(.text)
    set_workmode                             0x080034df   Thumb Code    26  ble102.o(.text)
    enter_command_mode                       0x080034f9   Thumb Code    24  ble102.o(.text)
    setup_buffers                            0x08003511   Thumb Code    76  ble102.o(.text)
    init_module_gpios                        0x080035f9   Thumb Code    72  ble102.o(.text)
    set_name                                 0x0800372d   Thumb Code     6  ble102.o(.text)
    set_uart_packtime                        0x08003733   Thumb Code     6  ble102.o(.text)
    .text                                    0x080037c0   Section        0  us_motor.o(.text)
    .text                                    0x08003b30   Section        0  spi.o(.text)
    .text                                    0x08003d00   Section        0  memcpya.o(.text)
    .text                                    0x08003d24   Section        0  memseta.o(.text)
    .text                                    0x08003d48   Section        0  strncpy.o(.text)
    .text                                    0x08003d60   Section        0  strncmp.o(.text)
    .text                                    0x08003d7e   Section        0  calloc.o(.text)
    .text                                    0x08003d9c   Section        0  __0sscanf.o(.text)
    .text                                    0x08003dd4   Section        0  _scanf_int.o(.text)
    .text                                    0x08003f20   Section        0  uldiv.o(.text)
    .text                                    0x08003f82   Section        0  _chval.o(.text)
    .text                                    0x08003fa0   Section        0  scanf_char.o(.text)
    _scanf_char_input                        0x08003fa1   Thumb Code    12  scanf_char.o(.text)
    .text                                    0x08003fc8   Section        0  _sgetc.o(.text)
    .text                                    0x08004008   Section       36  init.o(.text)
    .text                                    0x0800402c   Section        0  llshl.o(.text)
    .text                                    0x0800404a   Section        0  llushr.o(.text)
    .text                                    0x0800406a   Section        0  isspace_c.o(.text)
    .text                                    0x08004074   Section        0  _scanf.o(.text)
    .text                                    0x0800439c   Section        0  ctype_c.o(.text)
    .text                                    0x080043c4   Section        0  __dczerorl2.o(.text)
    i.__0printf$8                            0x0800441c   Section        0  printf8.o(i.__0printf$8)
    i.__0sprintf$8                           0x0800443c   Section        0  printf8.o(i.__0sprintf$8)
    i.__scatterload_copy                     0x08004464   Section       14  handlers.o(i.__scatterload_copy)
    i.__scatterload_null                     0x08004472   Section        2  handlers.o(i.__scatterload_null)
    i.__scatterload_zeroinit                 0x08004474   Section       14  handlers.o(i.__scatterload_zeroinit)
    i._printf_core                           0x08004484   Section        0  printf8.o(i._printf_core)
    _printf_core                             0x08004485   Thumb Code   988  printf8.o(i._printf_core)
    i._printf_post_padding                   0x0800488c   Section        0  printf8.o(i._printf_post_padding)
    _printf_post_padding                     0x0800488d   Thumb Code    36  printf8.o(i._printf_post_padding)
    i._printf_pre_padding                    0x080048b0   Section        0  printf8.o(i._printf_pre_padding)
    _printf_pre_padding                      0x080048b1   Thumb Code    46  printf8.o(i._printf_pre_padding)
    i._sputc                                 0x080048de   Section        0  printf8.o(i._sputc)
    _sputc                                   0x080048df   Thumb Code    10  printf8.o(i._sputc)
    i.malloc                                 0x080048e8   Section        0  malloc.o(i.malloc)
    .constdata                               0x08004954   Section      147  controller.o(.constdata)
    __func__                                 0x08004954   Data          32  controller.o(.constdata)
    __func__                                 0x08004974   Data          16  controller.o(.constdata)
    __func__                                 0x08004984   Data          28  controller.o(.constdata)
    __func__                                 0x080049a0   Data          30  controller.o(.constdata)
    __func__                                 0x080049be   Data          29  controller.o(.constdata)
    __func__                                 0x080049db   Data          12  controller.o(.constdata)
    .constdata                               0x080049e7   Section       76  ble102.o(.constdata)
    __func__                                 0x080049e7   Data          19  ble102.o(.constdata)
    __func__                                 0x080049fa   Data          18  ble102.o(.constdata)
    __func__                                 0x08004a0c   Data          14  ble102.o(.constdata)
    __func__                                 0x08004a1a   Data          25  ble102.o(.constdata)
    .constdata                               0x08004a33   Section       24  us_motor.o(.constdata)
    __func__                                 0x08004a33   Data          10  us_motor.o(.constdata)
    __func__                                 0x08004a3d   Data          14  us_motor.o(.constdata)
    .constdata                               0x08004a4b   Section        9  spi.o(.constdata)
    __func__                                 0x08004a4b   Data           9  spi.o(.constdata)
    .constdata                               0x08004a54   Section       64  ctype_c.o(.constdata)
    .data                                    0x20000000   Section       20  system_stm32f10x.o(.data)
    .data                                    0x20000014   Section       20  stm32f10x_rcc.o(.data)
    APBAHBPrescTable                         0x20000014   Data          16  stm32f10x_rcc.o(.data)
    ADCPrescTable                            0x20000024   Data           4  stm32f10x_rcc.o(.data)
    .data                                    0x20000028   Section        4  delay.o(.data)
    fac_us                                   0x20000028   Data           1  delay.o(.data)
    fac_ms                                   0x2000002a   Data           2  delay.o(.data)
    .data                                    0x2000002c   Section        8  usart.o(.data)
    .data                                    0x20000034   Section      248  main.o(.data)
    .data                                    0x2000012c   Section        4  platform.o(.data)
    .data                                    0x20000130   Section        4  mvars.o(.data)
    .data                                    0x20000134   Section        4  mvars.o(.data)
    .bss                                     0x20000138   Section       50  usart.o(.bss)
    .bss                                     0x2000016c   Section     3204  signal.o(.bss)
    HEAP                                     0x20000df0   Section      512  startup_stm32f10x_hd.o(HEAP)
    STACK                                    0x20000ff0   Section     1024  startup_stm32f10x_hd.o(STACK)

    Global Symbols

    Symbol Name                              Value     Ov Type        Size  Object(Section)

    BuildAttributes$$THM_ISAv4$P$D$K$B$S$PE$A:L22UL41UL21$X:L11$S22US41US21$IEEE1$IW$USESV6$~STKCKD$USESV7$~SHL$OSPACE$ROPI$EBA8$MICROLIB$REQ8$PRES8$EABIv2 0x00000000   Number         0  anon$$obj.o ABSOLUTE
    __ARM_use_no_argv                        0x00000000   Number         0  main.o ABSOLUTE
    __use_no_errno                           0x00000000   Number         0  useno.o ABSOLUTE
    __use_no_exception_handling              0x00000000   Number         0  useno.o ABSOLUTE
    __use_no_fp                              0x00000000   Number         0  useno.o ABSOLUTE
    __use_no_heap                            0x00000000   Number         0  useno.o ABSOLUTE
    __use_no_heap_region                     0x00000000   Number         0  useno.o ABSOLUTE
    __use_no_semihosting                     0x00000000   Number         0  useno.o ABSOLUTE
    __use_no_semihosting_swi                 0x00000000   Number         0  useno.o ABSOLUTE
    __use_no_signal_handling                 0x00000000   Number         0  useno.o ABSOLUTE
    _printf_a                                0x00000000   Number         0  stubs.o ABSOLUTE
    _printf_c                                0x00000000   Number         0  stubs.o ABSOLUTE
    _printf_charcount                        0x00000000   Number         0  stubs.o ABSOLUTE
    _printf_d                                0x00000000   Number         0  stubs.o ABSOLUTE
    _printf_e                                0x00000000   Number         0  stubs.o ABSOLUTE
    _printf_f                                0x00000000   Number         0  stubs.o ABSOLUTE
    _printf_flags                            0x00000000   Number         0  stubs.o ABSOLUTE
    _printf_fp_dec                           0x00000000   Number         0  stubs.o ABSOLUTE
    _printf_fp_hex                           0x00000000   Number         0  stubs.o ABSOLUTE
    _printf_g                                0x00000000   Number         0  stubs.o ABSOLUTE
    _printf_i                                0x00000000   Number         0  stubs.o ABSOLUTE
    _printf_int_dec                          0x00000000   Number         0  stubs.o ABSOLUTE
    _printf_l                                0x00000000   Number         0  stubs.o ABSOLUTE
    _printf_lc                               0x00000000   Number         0  stubs.o ABSOLUTE
    _printf_ll                               0x00000000   Number         0  stubs.o ABSOLUTE
    _printf_lld                              0x00000000   Number         0  stubs.o ABSOLUTE
    _printf_lli                              0x00000000   Number         0  stubs.o ABSOLUTE
    _printf_llo                              0x00000000   Number         0  stubs.o ABSOLUTE
    _printf_llu                              0x00000000   Number         0  stubs.o ABSOLUTE
    _printf_llx                              0x00000000   Number         0  stubs.o ABSOLUTE
    _printf_longlong_dec                     0x00000000   Number         0  stubs.o ABSOLUTE
    _printf_longlong_hex                     0x00000000   Number         0  stubs.o ABSOLUTE
    _printf_longlong_oct                     0x00000000   Number         0  stubs.o ABSOLUTE
    _printf_ls                               0x00000000   Number         0  stubs.o ABSOLUTE
    _printf_mbtowc                           0x00000000   Number         0  stubs.o ABSOLUTE
    _printf_n                                0x00000000   Number         0  stubs.o ABSOLUTE
    _printf_o                                0x00000000   Number         0  stubs.o ABSOLUTE
    _printf_p                                0x00000000   Number         0  stubs.o ABSOLUTE
    _printf_percent                          0x00000000   Number         0  stubs.o ABSOLUTE
    _printf_pre_padding                      0x00000000   Number         0  stubs.o ABSOLUTE
    _printf_return_value                     0x00000000   Number         0  stubs.o ABSOLUTE
    _printf_s                                0x00000000   Number         0  stubs.o ABSOLUTE
    _printf_sizespec                         0x00000000   Number         0  stubs.o ABSOLUTE
    _printf_str                              0x00000000   Number         0  stubs.o ABSOLUTE
    _printf_truncate_signed                  0x00000000   Number         0  stubs.o ABSOLUTE
    _printf_truncate_unsigned                0x00000000   Number         0  stubs.o ABSOLUTE
    _printf_u                                0x00000000   Number         0  stubs.o ABSOLUTE
    _printf_wc                               0x00000000   Number         0  stubs.o ABSOLUTE
    _printf_wctomb                           0x00000000   Number         0  stubs.o ABSOLUTE
    _printf_widthprec                        0x00000000   Number         0  stubs.o ABSOLUTE
    _printf_x                                0x00000000   Number         0  stubs.o ABSOLUTE
    __cpp_initialize__aeabi_                  - Undefined Weak Reference
    __cxa_finalize                            - Undefined Weak Reference
    _clock_init                               - Undefined Weak Reference
    _microlib_exit                            - Undefined Weak Reference
    _scanf_longlong                           - Undefined Weak Reference
    _scanf_real                               - Undefined Weak Reference
    _scanf_string                             - Undefined Weak Reference
    __Vectors_Size                           0x00000130   Number         0  startup_stm32f10x_hd.o ABSOLUTE
    __Vectors                                0x08000000   Data           4  startup_stm32f10x_hd.o(RESET)
    __Vectors_End                            0x08000130   Data           0  startup_stm32f10x_hd.o(RESET)
    __main                                   0x08000131   Thumb Code     0  entry.o(.ARM.Collect$$$$00000000)
    _main_stk                                0x08000131   Thumb Code     0  entry2.o(.ARM.Collect$$$$00000001)
    _main_scatterload                        0x08000135   Thumb Code     0  entry5.o(.ARM.Collect$$$$00000004)
    __main_after_scatterload                 0x08000139   Thumb Code     0  entry5.o(.ARM.Collect$$$$00000004)
    _main_clock                              0x08000139   Thumb Code     0  entry7b.o(.ARM.Collect$$$$00000008)
    _main_cpp_init                           0x08000139   Thumb Code     0  entry8b.o(.ARM.Collect$$$$0000000A)
    _main_init                               0x08000139   Thumb Code     0  entry9a.o(.ARM.Collect$$$$0000000B)
    __rt_final_cpp                           0x08000141   Thumb Code     0  entry10a.o(.ARM.Collect$$$$0000000D)
    __rt_final_exit                          0x08000141   Thumb Code     0  entry11a.o(.ARM.Collect$$$$0000000F)
    WFI_SET                                  0x08000145   Thumb Code     2  sys.o(.emb_text)
    Reset_Handler                            0x08000149   Thumb Code     8  startup_stm32f10x_hd.o(.text)
    ADC1_2_IRQHandler                        0x08000163   Thumb Code     0  startup_stm32f10x_hd.o(.text)
    ADC3_IRQHandler                          0x08000163   Thumb Code     0  startup_stm32f10x_hd.o(.text)
    CAN1_RX1_IRQHandler                      0x08000163   Thumb Code     0  startup_stm32f10x_hd.o(.text)
    CAN1_SCE_IRQHandler                      0x08000163   Thumb Code     0  startup_stm32f10x_hd.o(.text)
    DMA1_Channel1_IRQHandler                 0x08000163   Thumb Code     0  startup_stm32f10x_hd.o(.text)
    DMA1_Channel2_IRQHandler                 0x08000163   Thumb Code     0  startup_stm32f10x_hd.o(.text)
    DMA1_Channel3_IRQHandler                 0x08000163   Thumb Code     0  startup_stm32f10x_hd.o(.text)
    DMA1_Channel4_IRQHandler                 0x08000163   Thumb Code     0  startup_stm32f10x_hd.o(.text)
    DMA1_Channel5_IRQHandler                 0x08000163   Thumb Code     0  startup_stm32f10x_hd.o(.text)
    DMA1_Channel6_IRQHandler                 0x08000163   Thumb Code     0  startup_stm32f10x_hd.o(.text)
    DMA1_Channel7_IRQHandler                 0x08000163   Thumb Code     0  startup_stm32f10x_hd.o(.text)
    DMA2_Channel1_IRQHandler                 0x08000163   Thumb Code     0  startup_stm32f10x_hd.o(.text)
    DMA2_Channel2_IRQHandler                 0x08000163   Thumb Code     0  startup_stm32f10x_hd.o(.text)
    DMA2_Channel3_IRQHandler                 0x08000163   Thumb Code     0  startup_stm32f10x_hd.o(.text)
    DMA2_Channel4_5_IRQHandler               0x08000163   Thumb Code     0  startup_stm32f10x_hd.o(.text)
    EXTI0_IRQHandler                         0x08000163   Thumb Code     0  startup_stm32f10x_hd.o(.text)
    EXTI2_IRQHandler                         0x08000163   Thumb Code     0  startup_stm32f10x_hd.o(.text)
    EXTI4_IRQHandler                         0x08000163   Thumb Code     0  startup_stm32f10x_hd.o(.text)
    FLASH_IRQHandler                         0x08000163   Thumb Code     0  startup_stm32f10x_hd.o(.text)
    FSMC_IRQHandler                          0x08000163   Thumb Code     0  startup_stm32f10x_hd.o(.text)
    I2C1_ER_IRQHandler                       0x08000163   Thumb Code     0  startup_stm32f10x_hd.o(.text)
    I2C1_EV_IRQHandler                       0x08000163   Thumb Code     0  startup_stm32f10x_hd.o(.text)
    I2C2_ER_IRQHandler                       0x08000163   Thumb Code     0  startup_stm32f10x_hd.o(.text)
    I2C2_EV_IRQHandler                       0x08000163   Thumb Code     0  startup_stm32f10x_hd.o(.text)
    PVD_IRQHandler                           0x08000163   Thumb Code     0  startup_stm32f10x_hd.o(.text)
    RCC_IRQHandler                           0x08000163   Thumb Code     0  startup_stm32f10x_hd.o(.text)
    RTCAlarm_IRQHandler                      0x08000163   Thumb Code     0  startup_stm32f10x_hd.o(.text)
    RTC_IRQHandler                           0x08000163   Thumb Code     0  startup_stm32f10x_hd.o(.text)
    SDIO_IRQHandler                          0x08000163   Thumb Code     0  startup_stm32f10x_hd.o(.text)
    SPI1_IRQHandler                          0x08000163   Thumb Code     0  startup_stm32f10x_hd.o(.text)
    SPI2_IRQHandler                          0x08000163   Thumb Code     0  startup_stm32f10x_hd.o(.text)
    SPI3_IRQHandler                          0x08000163   Thumb Code     0  startup_stm32f10x_hd.o(.text)
    TAMPER_IRQHandler                        0x08000163   Thumb Code     0  startup_stm32f10x_hd.o(.text)
    TIM1_BRK_IRQHandler                      0x08000163   Thumb Code     0  startup_stm32f10x_hd.o(.text)
    TIM1_CC_IRQHandler                       0x08000163   Thumb Code     0  startup_stm32f10x_hd.o(.text)
    TIM1_TRG_COM_IRQHandler                  0x08000163   Thumb Code     0  startup_stm32f10x_hd.o(.text)
    TIM1_UP_IRQHandler                       0x08000163   Thumb Code     0  startup_stm32f10x_hd.o(.text)
    TIM2_IRQHandler                          0x08000163   Thumb Code     0  startup_stm32f10x_hd.o(.text)
    TIM5_IRQHandler                          0x08000163   Thumb Code     0  startup_stm32f10x_hd.o(.text)
    TIM6_IRQHandler                          0x08000163   Thumb Code     0  startup_stm32f10x_hd.o(.text)
    TIM7_IRQHandler                          0x08000163   Thumb Code     0  startup_stm32f10x_hd.o(.text)
    TIM8_BRK_IRQHandler                      0x08000163   Thumb Code     0  startup_stm32f10x_hd.o(.text)
    TIM8_CC_IRQHandler                       0x08000163   Thumb Code     0  startup_stm32f10x_hd.o(.text)
    TIM8_TRG_COM_IRQHandler                  0x08000163   Thumb Code     0  startup_stm32f10x_hd.o(.text)
    TIM8_UP_IRQHandler                       0x08000163   Thumb Code     0  startup_stm32f10x_hd.o(.text)
    UART4_IRQHandler                         0x08000163   Thumb Code     0  startup_stm32f10x_hd.o(.text)
    UART5_IRQHandler                         0x08000163   Thumb Code     0  startup_stm32f10x_hd.o(.text)
    USART2_IRQHandler                        0x08000163   Thumb Code     0  startup_stm32f10x_hd.o(.text)
    USBWakeUp_IRQHandler                     0x08000163   Thumb Code     0  startup_stm32f10x_hd.o(.text)
    USB_HP_CAN1_TX_IRQHandler                0x08000163   Thumb Code     0  startup_stm32f10x_hd.o(.text)
    USB_LP_CAN1_RX0_IRQHandler               0x08000163   Thumb Code     0  startup_stm32f10x_hd.o(.text)
    WWDG_IRQHandler                          0x08000163   Thumb Code     0  startup_stm32f10x_hd.o(.text)
    NMI_Handler                              0x0800016d   Thumb Code     2  stm32f10x_it.o(.text)
    HardFault_Handler                        0x0800016f   Thumb Code     4  stm32f10x_it.o(.text)
    MemManage_Handler                        0x08000173   Thumb Code     4  stm32f10x_it.o(.text)
    BusFault_Handler                         0x08000177   Thumb Code     4  stm32f10x_it.o(.text)
    UsageFault_Handler                       0x0800017b   Thumb Code     4  stm32f10x_it.o(.text)
    SVC_Handler                              0x0800017f   Thumb Code     2  stm32f10x_it.o(.text)
    DebugMon_Handler                         0x08000181   Thumb Code     2  stm32f10x_it.o(.text)
    PendSV_Handler                           0x08000183   Thumb Code     2  stm32f10x_it.o(.text)
    SysTick_Handler                          0x08000185   Thumb Code     2  stm32f10x_it.o(.text)
    SystemInit                               0x08000267   Thumb Code    78  system_stm32f10x.o(.text)
    SystemCoreClockUpdate                    0x080002b5   Thumb Code   142  system_stm32f10x.o(.text)
    SPI_I2S_DeInit                           0x08000369   Thumb Code    76  stm32f10x_spi.o(.text)
    SPI_Init                                 0x080003b5   Thumb Code    60  stm32f10x_spi.o(.text)
    I2S_Init                                 0x080003f1   Thumb Code   226  stm32f10x_spi.o(.text)
    SPI_StructInit                           0x080004d3   Thumb Code    24  stm32f10x_spi.o(.text)
    I2S_StructInit                           0x080004eb   Thumb Code    20  stm32f10x_spi.o(.text)
    SPI_Cmd                                  0x080004ff   Thumb Code    24  stm32f10x_spi.o(.text)
    I2S_Cmd                                  0x08000517   Thumb Code    24  stm32f10x_spi.o(.text)
    SPI_I2S_ITConfig                         0x0800052f   Thumb Code    32  stm32f10x_spi.o(.text)
    SPI_I2S_DMACmd                           0x0800054f   Thumb Code    18  stm32f10x_spi.o(.text)
    SPI_I2S_SendData                         0x08000561   Thumb Code     4  stm32f10x_spi.o(.text)
    SPI_I2S_ReceiveData                      0x08000565   Thumb Code     6  stm32f10x_spi.o(.text)
    SPI_NSSInternalSoftwareConfig            0x0800056b   Thumb Code    30  stm32f10x_spi.o(.text)
    SPI_SSOutputCmd                          0x08000589   Thumb Code    24  stm32f10x_spi.o(.text)
    SPI_DataSizeConfig                       0x080005a1   Thumb Code    18  stm32f10x_spi.o(.text)
    SPI_TransmitCRC                          0x080005b3   Thumb Code    10  stm32f10x_spi.o(.text)
    SPI_CalculateCRC                         0x080005bd   Thumb Code    24  stm32f10x_spi.o(.text)
    SPI_GetCRC                               0x080005d5   Thumb Code    16  stm32f10x_spi.o(.text)
    SPI_GetCRCPolynomial                     0x080005e5   Thumb Code     6  stm32f10x_spi.o(.text)
    SPI_BiDirectionalLineConfig              0x080005eb   Thumb Code    28  stm32f10x_spi.o(.text)
    SPI_I2S_GetFlagStatus                    0x08000607   Thumb Code    18  stm32f10x_spi.o(.text)
    SPI_I2S_ClearFlag                        0x08000619   Thumb Code     6  stm32f10x_spi.o(.text)
    SPI_I2S_GetITStatus                      0x0800061f   Thumb Code    52  stm32f10x_spi.o(.text)
    SPI_I2S_ClearITPendingBit                0x08000653   Thumb Code    20  stm32f10x_spi.o(.text)
    TIM_DeInit                               0x08000675   Thumb Code   424  stm32f10x_tim.o(.text)
    TIM_TimeBaseInit                         0x0800081d   Thumb Code   122  stm32f10x_tim.o(.text)
    TIM_OC1Init                              0x08000897   Thumb Code   132  stm32f10x_tim.o(.text)
    TIM_OC2Init                              0x0800091b   Thumb Code   154  stm32f10x_tim.o(.text)
    TIM_OC3Init                              0x080009b5   Thumb Code   150  stm32f10x_tim.o(.text)
    TIM_OC4Init                              0x08000a4b   Thumb Code   182  stm32f10x_tim.o(.text)
    TIM_SetIC4Prescaler                      0x08000b01   Thumb Code    26  stm32f10x_tim.o(.text)
    TIM_SetIC3Prescaler                      0x08000b9d   Thumb Code    18  stm32f10x_tim.o(.text)
    TIM_SetIC2Prescaler                      0x08000c29   Thumb Code    26  stm32f10x_tim.o(.text)
    TIM_SetIC1Prescaler                      0x08000cc5   Thumb Code    18  stm32f10x_tim.o(.text)
    TIM_ICInit                               0x08000d43   Thumb Code   150  stm32f10x_tim.o(.text)
    TIM_PWMIConfig                           0x08000dd9   Thumb Code   124  stm32f10x_tim.o(.text)
    TIM_BDTRConfig                           0x08000e55   Thumb Code    32  stm32f10x_tim.o(.text)
    TIM_TimeBaseStructInit                   0x08000e75   Thumb Code    18  stm32f10x_tim.o(.text)
    TIM_OCStructInit                         0x08000e87   Thumb Code    20  stm32f10x_tim.o(.text)
    TIM_ICStructInit                         0x08000e9b   Thumb Code    18  stm32f10x_tim.o(.text)
    TIM_BDTRStructInit                       0x08000ead   Thumb Code    40  stm32f10x_tim.o(.text)
    TIM_Cmd                                  0x08000ed5   Thumb Code    24  stm32f10x_tim.o(.text)
    TIM_CtrlPWMOutputs                       0x08000eed   Thumb Code    30  stm32f10x_tim.o(.text)
    TIM_ITConfig                             0x08000f0b   Thumb Code    18  stm32f10x_tim.o(.text)
    TIM_GenerateEvent                        0x08000f1d   Thumb Code     4  stm32f10x_tim.o(.text)
    TIM_DMAConfig                            0x08000f21   Thumb Code    10  stm32f10x_tim.o(.text)
    TIM_DMACmd                               0x08000f2b   Thumb Code    18  stm32f10x_tim.o(.text)
    TIM_InternalClockConfig                  0x08000f3d   Thumb Code    12  stm32f10x_tim.o(.text)
    TIM_SelectInputTrigger                   0x08000f49   Thumb Code    18  stm32f10x_tim.o(.text)
    TIM_ITRxExternalClockConfig              0x08000f5b   Thumb Code    24  stm32f10x_tim.o(.text)
    TIM_TIxExternalClockConfig               0x08000f73   Thumb Code    62  stm32f10x_tim.o(.text)
    TIM_ETRConfig                            0x08000fb1   Thumb Code    28  stm32f10x_tim.o(.text)
    TIM_ETRClockMode1Config                  0x08000fcd   Thumb Code    54  stm32f10x_tim.o(.text)
    TIM_ETRClockMode2Config                  0x08001003   Thumb Code    32  stm32f10x_tim.o(.text)
    TIM_PrescalerConfig                      0x08001023   Thumb Code     6  stm32f10x_tim.o(.text)
    TIM_CounterModeConfig                    0x08001029   Thumb Code    18  stm32f10x_tim.o(.text)
    TIM_EncoderInterfaceConfig               0x0800103b   Thumb Code    66  stm32f10x_tim.o(.text)
    TIM_ForcedOC1Config                      0x0800107d   Thumb Code    18  stm32f10x_tim.o(.text)
    TIM_ForcedOC2Config                      0x0800108f   Thumb Code    26  stm32f10x_tim.o(.text)
    TIM_ForcedOC3Config                      0x080010a9   Thumb Code    18  stm32f10x_tim.o(.text)
    TIM_ForcedOC4Config                      0x080010bb   Thumb Code    26  stm32f10x_tim.o(.text)
    TIM_ARRPreloadConfig                     0x080010d5   Thumb Code    24  stm32f10x_tim.o(.text)
    TIM_SelectCOM                            0x080010ed   Thumb Code    24  stm32f10x_tim.o(.text)
    TIM_SelectCCDMA                          0x08001105   Thumb Code    24  stm32f10x_tim.o(.text)
    TIM_CCPreloadControl                     0x0800111d   Thumb Code    24  stm32f10x_tim.o(.text)
    TIM_OC1PreloadConfig                     0x08001135   Thumb Code    18  stm32f10x_tim.o(.text)
    TIM_OC2PreloadConfig                     0x08001147   Thumb Code    26  stm32f10x_tim.o(.text)
    TIM_OC3PreloadConfig                     0x08001161   Thumb Code    18  stm32f10x_tim.o(.text)
    TIM_OC4PreloadConfig                     0x08001173   Thumb Code    26  stm32f10x_tim.o(.text)
    TIM_OC1FastConfig                        0x0800118d   Thumb Code    18  stm32f10x_tim.o(.text)
    TIM_OC2FastConfig                        0x0800119f   Thumb Code    26  stm32f10x_tim.o(.text)
    TIM_OC3FastConfig                        0x080011b9   Thumb Code    18  stm32f10x_tim.o(.text)
    TIM_OC4FastConfig                        0x080011cb   Thumb Code    26  stm32f10x_tim.o(.text)
    TIM_ClearOC1Ref                          0x080011e5   Thumb Code    18  stm32f10x_tim.o(.text)
    TIM_ClearOC2Ref                          0x080011f7   Thumb Code    24  stm32f10x_tim.o(.text)
    TIM_ClearOC3Ref                          0x0800120f   Thumb Code    18  stm32f10x_tim.o(.text)
    TIM_ClearOC4Ref                          0x08001221   Thumb Code    24  stm32f10x_tim.o(.text)
    TIM_OC1PolarityConfig                    0x08001239   Thumb Code    18  stm32f10x_tim.o(.text)
    TIM_OC1NPolarityConfig                   0x0800124b   Thumb Code    18  stm32f10x_tim.o(.text)
    TIM_OC2PolarityConfig                    0x0800125d   Thumb Code    26  stm32f10x_tim.o(.text)
    TIM_OC2NPolarityConfig                   0x08001277   Thumb Code    26  stm32f10x_tim.o(.text)
    TIM_OC3PolarityConfig                    0x08001291   Thumb Code    26  stm32f10x_tim.o(.text)
    TIM_OC3NPolarityConfig                   0x080012ab   Thumb Code    26  stm32f10x_tim.o(.text)
    TIM_OC4PolarityConfig                    0x080012c5   Thumb Code    26  stm32f10x_tim.o(.text)
    TIM_CCxCmd                               0x080012df   Thumb Code    30  stm32f10x_tim.o(.text)
    TIM_CCxNCmd                              0x080012fd   Thumb Code    30  stm32f10x_tim.o(.text)
    TIM_SelectOCxM                           0x0800131b   Thumb Code    82  stm32f10x_tim.o(.text)
    TIM_UpdateDisableConfig                  0x0800136d   Thumb Code    24  stm32f10x_tim.o(.text)
    TIM_UpdateRequestConfig                  0x08001385   Thumb Code    24  stm32f10x_tim.o(.text)
    TIM_SelectHallSensor                     0x0800139d   Thumb Code    24  stm32f10x_tim.o(.text)
    TIM_SelectOnePulseMode                   0x080013b5   Thumb Code    18  stm32f10x_tim.o(.text)
    TIM_SelectOutputTrigger                  0x080013c7   Thumb Code    18  stm32f10x_tim.o(.text)
    TIM_SelectSlaveMode                      0x080013d9   Thumb Code    18  stm32f10x_tim.o(.text)
    TIM_SelectMasterSlaveMode                0x080013eb   Thumb Code    18  stm32f10x_tim.o(.text)
    TIM_SetCounter                           0x080013fd   Thumb Code     4  stm32f10x_tim.o(.text)
    TIM_SetAutoreload                        0x08001401   Thumb Code     4  stm32f10x_tim.o(.text)
    TIM_SetCompare1                          0x08001405   Thumb Code     4  stm32f10x_tim.o(.text)
    TIM_SetCompare2                          0x08001409   Thumb Code     4  stm32f10x_tim.o(.text)
    TIM_SetCompare3                          0x0800140d   Thumb Code     4  stm32f10x_tim.o(.text)
    TIM_SetCompare4                          0x08001411   Thumb Code     6  stm32f10x_tim.o(.text)
    TIM_SetClockDivision                     0x08001417   Thumb Code    18  stm32f10x_tim.o(.text)
    TIM_GetCapture1                          0x08001429   Thumb Code     6  stm32f10x_tim.o(.text)
    TIM_GetCapture2                          0x0800142f   Thumb Code     6  stm32f10x_tim.o(.text)
    TIM_GetCapture3                          0x08001435   Thumb Code     6  stm32f10x_tim.o(.text)
    TIM_GetCapture4                          0x0800143b   Thumb Code     8  stm32f10x_tim.o(.text)
    TIM_GetCounter                           0x08001443   Thumb Code     6  stm32f10x_tim.o(.text)
    TIM_GetPrescaler                         0x08001449   Thumb Code     6  stm32f10x_tim.o(.text)
    TIM_GetFlagStatus                        0x0800144f   Thumb Code    18  stm32f10x_tim.o(.text)
    TIM_ClearFlag                            0x08001461   Thumb Code     6  stm32f10x_tim.o(.text)
    TIM_GetITStatus                          0x08001467   Thumb Code    34  stm32f10x_tim.o(.text)
    TIM_ClearITPendingBit                    0x08001489   Thumb Code     6  stm32f10x_tim.o(.text)
    NVIC_PriorityGroupConfig                 0x08001491   Thumb Code    10  misc.o(.text)
    NVIC_Init                                0x0800149b   Thumb Code   100  misc.o(.text)
    NVIC_SetVectorTable                      0x080014ff   Thumb Code    14  misc.o(.text)
    NVIC_SystemLPConfig                      0x0800150d   Thumb Code    34  misc.o(.text)
    SysTick_CLKSourceConfig                  0x0800152f   Thumb Code    40  misc.o(.text)
    EXTI_DeInit                              0x0800156d   Thumb Code    28  stm32f10x_exti.o(.text)
    EXTI_Init                                0x08001589   Thumb Code   142  stm32f10x_exti.o(.text)
    EXTI_StructInit                          0x08001617   Thumb Code    16  stm32f10x_exti.o(.text)
    EXTI_GenerateSWInterrupt                 0x08001627   Thumb Code    16  stm32f10x_exti.o(.text)
    EXTI_GetFlagStatus                       0x08001637   Thumb Code    22  stm32f10x_exti.o(.text)
    EXTI_ClearFlag                           0x0800164d   Thumb Code     8  stm32f10x_exti.o(.text)
    EXTI_GetITStatus                         0x08001655   Thumb Code    34  stm32f10x_exti.o(.text)
    EXTI_ClearITPendingBit                   0x08001677   Thumb Code     8  stm32f10x_exti.o(.text)
    GPIO_DeInit                              0x08001689   Thumb Code   172  stm32f10x_gpio.o(.text)
    GPIO_AFIODeInit                          0x08001735   Thumb Code    20  stm32f10x_gpio.o(.text)
    GPIO_Init                                0x08001749   Thumb Code   278  stm32f10x_gpio.o(.text)
    GPIO_StructInit                          0x0800185f   Thumb Code    16  stm32f10x_gpio.o(.text)
    GPIO_ReadInputDataBit                    0x0800186f   Thumb Code    18  stm32f10x_gpio.o(.text)
    GPIO_ReadInputData                       0x08001881   Thumb Code     8  stm32f10x_gpio.o(.text)
    GPIO_ReadOutputDataBit                   0x08001889   Thumb Code    18  stm32f10x_gpio.o(.text)
    GPIO_ReadOutputData                      0x0800189b   Thumb Code     8  stm32f10x_gpio.o(.text)
    GPIO_SetBits                             0x080018a3   Thumb Code     4  stm32f10x_gpio.o(.text)
    GPIO_ResetBits                           0x080018a7   Thumb Code     4  stm32f10x_gpio.o(.text)
    GPIO_WriteBit                            0x080018ab   Thumb Code    10  stm32f10x_gpio.o(.text)
    GPIO_Write                               0x080018b5   Thumb Code     4  stm32f10x_gpio.o(.text)
    GPIO_PinLockConfig                       0x080018b9   Thumb Code    18  stm32f10x_gpio.o(.text)
    GPIO_EventOutputConfig                   0x080018cb   Thumb Code    26  stm32f10x_gpio.o(.text)
    GPIO_EventOutputCmd                      0x080018e5   Thumb Code     6  stm32f10x_gpio.o(.text)
    GPIO_PinRemapConfig                      0x080018eb   Thumb Code   138  stm32f10x_gpio.o(.text)
    GPIO_EXTILineConfig                      0x08001975   Thumb Code    66  stm32f10x_gpio.o(.text)
    GPIO_ETH_MediaInterfaceConfig            0x080019b7   Thumb Code     8  stm32f10x_gpio.o(.text)
    RCC_DeInit                               0x080019e5   Thumb Code    64  stm32f10x_rcc.o(.text)
    RCC_HSEConfig                            0x08001a25   Thumb Code    70  stm32f10x_rcc.o(.text)
    RCC_GetFlagStatus                        0x08001a6b   Thumb Code    56  stm32f10x_rcc.o(.text)
    RCC_WaitForHSEStartUp                    0x08001aa3   Thumb Code    56  stm32f10x_rcc.o(.text)
    RCC_AdjustHSICalibrationValue            0x08001adb   Thumb Code    20  stm32f10x_rcc.o(.text)
    RCC_HSICmd                               0x08001aef   Thumb Code     6  stm32f10x_rcc.o(.text)
    RCC_PLLConfig                            0x08001af5   Thumb Code    24  stm32f10x_rcc.o(.text)
    RCC_PLLCmd                               0x08001b0d   Thumb Code     6  stm32f10x_rcc.o(.text)
    RCC_SYSCLKConfig                         0x08001b13   Thumb Code    18  stm32f10x_rcc.o(.text)
    RCC_GetSYSCLKSource                      0x08001b25   Thumb Code    10  stm32f10x_rcc.o(.text)
    RCC_HCLKConfig                           0x08001b2f   Thumb Code    18  stm32f10x_rcc.o(.text)
    RCC_PCLK1Config                          0x08001b41   Thumb Code    18  stm32f10x_rcc.o(.text)
    RCC_PCLK2Config                          0x08001b53   Thumb Code    20  stm32f10x_rcc.o(.text)
    RCC_ITConfig                             0x08001b67   Thumb Code    26  stm32f10x_rcc.o(.text)
    RCC_USBCLKConfig                         0x08001b81   Thumb Code     8  stm32f10x_rcc.o(.text)
    RCC_ADCCLKConfig                         0x08001b89   Thumb Code    18  stm32f10x_rcc.o(.text)
    RCC_LSEConfig                            0x08001b9b   Thumb Code    50  stm32f10x_rcc.o(.text)
    RCC_LSICmd                               0x08001bcd   Thumb Code     6  stm32f10x_rcc.o(.text)
    RCC_RTCCLKConfig                         0x08001bd3   Thumb Code    12  stm32f10x_rcc.o(.text)
    RCC_RTCCLKCmd                            0x08001bdf   Thumb Code     8  stm32f10x_rcc.o(.text)
    RCC_GetClocksFreq                        0x08001be7   Thumb Code   192  stm32f10x_rcc.o(.text)
    RCC_AHBPeriphClockCmd                    0x08001ca7   Thumb Code    26  stm32f10x_rcc.o(.text)
    RCC_APB2PeriphClockCmd                   0x08001cc1   Thumb Code    26  stm32f10x_rcc.o(.text)
    RCC_APB1PeriphClockCmd                   0x08001cdb   Thumb Code    26  stm32f10x_rcc.o(.text)
    RCC_APB2PeriphResetCmd                   0x08001cf5   Thumb Code    26  stm32f10x_rcc.o(.text)
    RCC_APB1PeriphResetCmd                   0x08001d0f   Thumb Code    26  stm32f10x_rcc.o(.text)
    RCC_BackupResetCmd                       0x08001d29   Thumb Code     8  stm32f10x_rcc.o(.text)
    RCC_ClockSecuritySystemCmd               0x08001d31   Thumb Code     6  stm32f10x_rcc.o(.text)
    RCC_MCOConfig                            0x08001d37   Thumb Code     6  stm32f10x_rcc.o(.text)
    RCC_ClearFlag                            0x08001d3d   Thumb Code    14  stm32f10x_rcc.o(.text)
    RCC_GetITStatus                          0x08001d4b   Thumb Code    20  stm32f10x_rcc.o(.text)
    RCC_ClearITPendingBit                    0x08001d5f   Thumb Code     6  stm32f10x_rcc.o(.text)
    USART_DeInit                             0x08001d89   Thumb Code   134  stm32f10x_usart.o(.text)
    USART_Init                               0x08001e0f   Thumb Code   210  stm32f10x_usart.o(.text)
    USART_StructInit                         0x08001ee1   Thumb Code    24  stm32f10x_usart.o(.text)
    USART_ClockInit                          0x08001ef9   Thumb Code    34  stm32f10x_usart.o(.text)
    USART_ClockStructInit                    0x08001f1b   Thumb Code    12  stm32f10x_usart.o(.text)
    USART_Cmd                                0x08001f27   Thumb Code    24  stm32f10x_usart.o(.text)
    USART_ITConfig                           0x08001f3f   Thumb Code    74  stm32f10x_usart.o(.text)
    USART_DMACmd                             0x08001f89   Thumb Code    18  stm32f10x_usart.o(.text)
    USART_SetAddress                         0x08001f9b   Thumb Code    18  stm32f10x_usart.o(.text)
    USART_WakeUpConfig                       0x08001fad   Thumb Code    18  stm32f10x_usart.o(.text)
    USART_ReceiverWakeUpCmd                  0x08001fbf   Thumb Code    24  stm32f10x_usart.o(.text)
    USART_LINBreakDetectLengthConfig         0x08001fd7   Thumb Code    18  stm32f10x_usart.o(.text)
    USART_LINCmd                             0x08001fe9   Thumb Code    24  stm32f10x_usart.o(.text)
    USART_SendData                           0x08002001   Thumb Code     8  stm32f10x_usart.o(.text)
    USART_ReceiveData                        0x08002009   Thumb Code    10  stm32f10x_usart.o(.text)
    USART_SendBreak                          0x08002013   Thumb Code    10  stm32f10x_usart.o(.text)
    USART_SetGuardTime                       0x0800201d   Thumb Code    16  stm32f10x_usart.o(.text)
    USART_SetPrescaler                       0x0800202d   Thumb Code    16  stm32f10x_usart.o(.text)
    USART_SmartCardCmd                       0x0800203d   Thumb Code    24  stm32f10x_usart.o(.text)
    USART_SmartCardNACKCmd                   0x08002055   Thumb Code    24  stm32f10x_usart.o(.text)
    USART_HalfDuplexCmd                      0x0800206d   Thumb Code    24  stm32f10x_usart.o(.text)
    USART_OverSampling8Cmd                   0x08002085   Thumb Code    22  stm32f10x_usart.o(.text)
    USART_OneBitMethodCmd                    0x0800209b   Thumb Code    24  stm32f10x_usart.o(.text)
    USART_IrDAConfig                         0x080020b3   Thumb Code    18  stm32f10x_usart.o(.text)
    USART_IrDACmd                            0x080020c5   Thumb Code    24  stm32f10x_usart.o(.text)
    USART_GetFlagStatus                      0x080020dd   Thumb Code    26  stm32f10x_usart.o(.text)
    USART_ClearFlag                          0x080020f7   Thumb Code    18  stm32f10x_usart.o(.text)
    USART_GetITStatus                        0x08002109   Thumb Code    84  stm32f10x_usart.o(.text)
    USART_ClearITPendingBit                  0x0800215d   Thumb Code    52  stm32f10x_usart.o(.text)
    delay_init                               0x08002191   Thumb Code    56  delay.o(.text)
    delay_us                                 0x080021c9   Thumb Code    72  delay.o(.text)
    delay_ms                                 0x08002211   Thumb Code    72  delay.o(.text)
    STM32_Flash_Capacity                     0x08002261   Thumb Code   154  sys.o(.text)
    STM32_CPUID                              0x080022fb   Thumb Code    20  sys.o(.text)
    MY_NVIC_SetVectorTable                   0x0800230f   Thumb Code    14  sys.o(.text)
    MY_NVIC_PriorityGroup_Config             0x0800231d   Thumb Code    12  sys.o(.text)
    MY_NVIC_Init                             0x08002329   Thumb Code    42  sys.o(.text)
    MY_RCC_DeInit                            0x08002353   Thumb Code    90  sys.o(.text)
    SYS_Standby                              0x080023ad   Thumb Code    68  sys.o(.text)
    SYS_SoftReset                            0x080023f1   Thumb Code    10  sys.o(.text)
    STM_JTAG_Set                             0x080023fb   Thumb Code    36  sys.o(.text)
    STM_Clock_Init                           0x0800241f   Thumb Code   134  sys.o(.text)
    _sys_exit                                0x080024d9   Thumb Code     6  usart.o(.text)
    fputc                                    0x080024df   Thumb Code    24  usart.o(.text)
    USARTx_Init                              0x080024f7   Thumb Code   170  usart.o(.text)
    uart3_init                               0x080025a1   Thumb Code   166  usart.o(.text)
    USART1_IRQHandler                        0x08002647   Thumb Code     2  usart.o(.text)
    serial_packet_received                   0x08002649   Thumb Code    42  usart.o(.text)
    serial_xfer_string                       0x08002673   Thumb Code    40  usart.o(.text)
    USART3_IRQHandler                        0x0800269b   Thumb Code    68  usart.o(.text)
    get_signal_queue                         0x080026fd   Thumb Code     4  signal.o(.text)
    init_signal_queue                        0x08002701   Thumb Code    24  signal.o(.text)
    queue_callback                           0x08002719   Thumb Code   168  signal.o(.text)
    poll_callbacks                           0x080027c1   Thumb Code    64  signal.o(.text)
    hardware_failure                         0x08002805   Thumb Code    32  main.o(.text)
    main                                     0x08002825   Thumb Code    64  main.o(.text)
    mod_2                                    0x08002875   Thumb Code    30  platform.o(.text)
    gpio_init                                0x08002893   Thumb Code    64  platform.o(.text)
    gpio_set_value                           0x080028d3   Thumb Code    18  platform.o(.text)
    gpio_get_value                           0x080028e5   Thumb Code    14  platform.o(.text)
    plat_spi_write_read                      0x080028f3   Thumb Code    26  platform.o(.text)
    platform_spi_init                        0x0800290d   Thumb Code    32  platform.o(.text)
    plat_intr_init                           0x0800292d   Thumb Code   222  platform.o(.text)
    pwm_init                                 0x08002a0b   Thumb Code   444  platform.o(.text)
    pwm_set_high_pulse                       0x08002bc7   Thumb Code   144  platform.o(.text)
    EXTI1_IRQHandler                         0x08002c57   Thumb Code    42  platform.o(.text)
    EXTI3_IRQHandler                         0x08002c81   Thumb Code    34  platform.o(.text)
    EXTI9_5_IRQHandler                       0x08002ca3   Thumb Code    68  platform.o(.text)
    EXTI15_10_IRQHandler                     0x08002ce7   Thumb Code   168  platform.o(.text)
    platform_timer_intr_init                 0x08002d8f   Thumb Code   122  platform.o(.text)
    platform_timer_stop                      0x08002e09   Thumb Code    22  platform.o(.text)
    platform_timer_refresh                   0x08002e1f   Thumb Code    30  platform.o(.text)
    platform_counter_init                    0x08002e3d   Thumb Code   106  platform.o(.text)
    platform_get_counter                     0x08002ea7   Thumb Code     6  platform.o(.text)
    TIM3_IRQHandler                          0x08002ead   Thumb Code    32  platform.o(.text)
    TIM4_IRQHandler                          0x08002ecd   Thumb Code    34  platform.o(.text)
    beeper_work                              0x08002f01   Thumb Code    76  controller.o(.text)
    controller_handle_user_commands          0x08002f4d   Thumb Code   114  controller.o(.text)
    controller_speed_btn_pressed             0x08002fbf   Thumb Code   248  controller.o(.text)
    controller_bottom_btn_pressed            0x080030b7   Thumb Code   128  controller.o(.text)
    controller_back_btn_pressed              0x08003137   Thumb Code   256  controller.o(.text)
    controller_init                          0x08003237   Thumb Code   616  controller.o(.text)
    ble10x_xmit_msg                          0x080034a1   Thumb Code    32  ble102.o(.text)
    ble10x_usart_recv                        0x0800355d   Thumb Code    60  ble102.o(.text)
    ble10x_usart_xmit                        0x08003599   Thumb Code     6  ble102.o(.text)
    setup_serial_port                        0x0800359f   Thumb Code    90  ble102.o(.text)
    ble10x_device_init                       0x08003641   Thumb Code   208  ble102.o(.text)
    ble10x_set_recv_callback                 0x08003711   Thumb Code    28  ble102.o(.text)
    speed_to_high_pulse                      0x080037c1   Thumb Code    48  us_motor.o(.text)
    set_dir                                  0x080037f1   Thumb Code   168  us_motor.o(.text)
    set_range                                0x08003899   Thumb Code    22  us_motor.o(.text)
    set_speed                                0x080038af   Thumb Code    56  us_motor.o(.text)
    us_motor_lower_edge_reached              0x080038e7   Thumb Code    66  us_motor.o(.text)
    us_motor_middle_point_reached            0x08003929   Thumb Code    62  us_motor.o(.text)
    us_motor_upper_edge_reached              0x08003967   Thumb Code    66  us_motor.o(.text)
    us_motor_init                            0x080039a9   Thumb Code   264  us_motor.o(.text)
    us_motor_start                           0x08003ab1   Thumb Code    36  us_motor.o(.text)
    us_motor_stop                            0x08003ad5   Thumb Code    34  us_motor.o(.text)
    spi_set_speed                            0x08003b31   Thumb Code    32  spi.o(.text)
    spi_write_read                           0x08003b51   Thumb Code    54  spi.o(.text)
    spi_init                                 0x08003b87   Thumb Code   320  spi.o(.text)
    __aeabi_memcpy                           0x08003d01   Thumb Code    36  memcpya.o(.text)
    __aeabi_memcpy4                          0x08003d01   Thumb Code     0  memcpya.o(.text)
    __aeabi_memcpy8                          0x08003d01   Thumb Code     0  memcpya.o(.text)
    __aeabi_memset                           0x08003d25   Thumb Code    14  memseta.o(.text)
    __aeabi_memset4                          0x08003d25   Thumb Code     0  memseta.o(.text)
    __aeabi_memset8                          0x08003d25   Thumb Code     0  memseta.o(.text)
    __aeabi_memclr                           0x08003d33   Thumb Code     4  memseta.o(.text)
    __aeabi_memclr4                          0x08003d33   Thumb Code     0  memseta.o(.text)
    __aeabi_memclr8                          0x08003d33   Thumb Code     0  memseta.o(.text)
    _memset$wrapper                          0x08003d37   Thumb Code    18  memseta.o(.text)
    strncpy                                  0x08003d49   Thumb Code    24  strncpy.o(.text)
    strncmp                                  0x08003d61   Thumb Code    30  strncmp.o(.text)
    calloc                                   0x08003d7f   Thumb Code    28  calloc.o(.text)
    __0sscanf                                0x08003d9d   Thumb Code    48  __0sscanf.o(.text)
    _scanf_int                               0x08003dd5   Thumb Code   332  _scanf_int.o(.text)
    __aeabi_uldivmod                         0x08003f21   Thumb Code    98  uldiv.o(.text)
    _chval                                   0x08003f83   Thumb Code    28  _chval.o(.text)
    __vfscanf_char                           0x08003fad   Thumb Code    20  scanf_char.o(.text)
    _sgetc                                   0x08003fc9   Thumb Code    30  _sgetc.o(.text)
    _sbackspace                              0x08003fe7   Thumb Code    34  _sgetc.o(.text)
    __scatterload                            0x08004009   Thumb Code    28  init.o(.text)
    __scatterload_rt2                        0x08004009   Thumb Code     0  init.o(.text)
    __aeabi_llsl                             0x0800402d   Thumb Code    30  llshl.o(.text)
    _ll_shift_l                              0x0800402d   Thumb Code     0  llshl.o(.text)
    __aeabi_llsr                             0x0800404b   Thumb Code    32  llushr.o(.text)
    _ll_ushift_r                             0x0800404b   Thumb Code     0  llushr.o(.text)
    isspace                                  0x0800406b   Thumb Code    10  isspace_c.o(.text)
    __vfscanf                                0x08004075   Thumb Code   802  _scanf.o(.text)
    __ctype_lookup                           0x0800439d   Thumb Code    34  ctype_c.o(.text)
    __decompress                             0x080043c5   Thumb Code     0  __dczerorl2.o(.text)
    __decompress1                            0x080043c5   Thumb Code    86  __dczerorl2.o(.text)
    __0printf$8                              0x0800441d   Thumb Code    22  printf8.o(i.__0printf$8)
    __1printf$8                              0x0800441d   Thumb Code     0  printf8.o(i.__0printf$8)
    __2printf                                0x0800441d   Thumb Code     0  printf8.o(i.__0printf$8)
    __0sprintf$8                             0x0800443d   Thumb Code    34  printf8.o(i.__0sprintf$8)
    __1sprintf$8                             0x0800443d   Thumb Code     0  printf8.o(i.__0sprintf$8)
    __2sprintf                               0x0800443d   Thumb Code     0  printf8.o(i.__0sprintf$8)
    __scatterload_copy                       0x08004465   Thumb Code    14  handlers.o(i.__scatterload_copy)
    __scatterload_null                       0x08004473   Thumb Code     2  handlers.o(i.__scatterload_null)
    __scatterload_zeroinit                   0x08004475   Thumb Code    14  handlers.o(i.__scatterload_zeroinit)
    malloc                                   0x080048e9   Thumb Code    92  malloc.o(i.malloc)
    __ctype_categories                       0x08004a54   Data          64  ctype_c.o(.constdata)
    Region$$Table$$Base                      0x08004a94   Number         0  anon$$obj.o(Region$$Table)
    Region$$Table$$Limit                     0x08004ab4   Number         0  anon$$obj.o(Region$$Table)
    SystemCoreClock                          0x20000000   Data           4  system_stm32f10x.o(.data)
    AHBPrescTable                            0x20000004   Data          16  system_stm32f10x.o(.data)
    serial_count                             0x2000002c   Data           1  usart.o(.data)
    __stdout                                 0x20000030   Data           4  usart.o(.data)
    ctrler                                   0x20000034   Data           4  main.o(.data)
    bmotor_para                              0x20000038   Data          64  main.o(.data)
    umotor_para                              0x20000078   Data          64  main.o(.data)
    ble10x_para                              0x200000b8   Data          40  main.o(.data)
    para                                     0x200000e0   Data          76  main.o(.data)
    platform_counter                         0x2000012c   Data           4  platform.o(.data)
    __microlib_freelist                      0x20000130   Data           4  mvars.o(.data)
    __microlib_freelist_initialised          0x20000134   Data           4  mvars.o(.data)
    serial_buf                               0x20000138   Data          50  usart.o(.bss)
    g_signal_queue                           0x2000016c   Data        3204  signal.o(.bss)
    __heap_base                              0x20000df0   Data           0  startup_stm32f10x_hd.o(HEAP)
    __heap_limit                             0x20000ff0   Data           0  startup_stm32f10x_hd.o(HEAP)
    __initial_sp                             0x200013f0   Data           0  startup_stm32f10x_hd.o(STACK)



==============================================================================

Memory Map of the image

  Image Entry point : 0x08000131

  Load Region LR_IROM1 (Base: 0x08000000, Size: 0x00004bec, Max: 0x00080000, ABSOLUTE, COMPRESSED[0x00004b40])

    Execution Region ER_IROM1 (Base: 0x08000000, Size: 0x00004ab4, Max: 0x00080000, ABSOLUTE)

    Base Addr    Size         Type   Attr      Idx    E Section Name        Object

    0x08000000   0x00000130   Data   RO           19    RESET               startup_stm32f10x_hd.o
    0x08000130   0x00000000   Code   RO          495  * .ARM.Collect$$$$00000000  mc_w.l(entry.o)
    0x08000130   0x00000004   Code   RO          775    .ARM.Collect$$$$00000001  mc_w.l(entry2.o)
    0x08000134   0x00000004   Code   RO          778    .ARM.Collect$$$$00000004  mc_w.l(entry5.o)
    0x08000138   0x00000000   Code   RO          780    .ARM.Collect$$$$00000008  mc_w.l(entry7b.o)
    0x08000138   0x00000000   Code   RO          782    .ARM.Collect$$$$0000000A  mc_w.l(entry8b.o)
    0x08000138   0x00000008   Code   RO          783    .ARM.Collect$$$$0000000B  mc_w.l(entry9a.o)
    0x08000140   0x00000000   Code   RO          785    .ARM.Collect$$$$0000000D  mc_w.l(entry10a.o)
    0x08000140   0x00000000   Code   RO          787    .ARM.Collect$$$$0000000F  mc_w.l(entry11a.o)
    0x08000140   0x00000004   Code   RO          776    .ARM.Collect$$$$00002712  mc_w.l(entry2.o)
    0x08000144   0x00000002   Code   RO          268    .emb_text           sys.o
    0x08000146   0x00000002   PAD
    0x08000148   0x00000024   Code   RO           20    .text               startup_stm32f10x_hd.o
    0x0800016c   0x0000001a   Code   RO           24    .text               stm32f10x_it.o
    0x08000186   0x00000002   PAD
    0x08000188   0x000001e0   Code   RO          138    .text               system_stm32f10x.o
    0x08000368   0x0000030c   Code   RO          156    .text               stm32f10x_spi.o
    0x08000674   0x00000e1a   Code   RO          168    .text               stm32f10x_tim.o
    0x0800148e   0x00000002   PAD
    0x08001490   0x000000dc   Code   RO          180    .text               misc.o
    0x0800156c   0x0000011c   Code   RO          192    .text               stm32f10x_exti.o
    0x08001688   0x0000035c   Code   RO          216    .text               stm32f10x_gpio.o
    0x080019e4   0x000003a4   Code   RO          228    .text               stm32f10x_rcc.o
    0x08001d88   0x00000408   Code   RO          242    .text               stm32f10x_usart.o
    0x08002190   0x000000d0   Code   RO          254    .text               delay.o
    0x08002260   0x00000278   Code   RO          269    .text               sys.o
    0x080024d8   0x00000224   Code   RO          284    .text               usart.o
    0x080026fc   0x00000108   Code   RO          336    .text               signal.o
    0x08002804   0x00000070   Code   RO          354    .text               main.o
    0x08002874   0x0000068c   Code   RO          406    .text               platform.o
    0x08002f00   0x0000059e   Code   RO          426    .text               controller.o
    0x0800349e   0x00000002   PAD
    0x080034a0   0x00000320   Code   RO          439    .text               ble102.o
    0x080037c0   0x00000370   Code   RO          457    .text               us_motor.o
    0x08003b30   0x000001d0   Code   RO          482    .text               spi.o
    0x08003d00   0x00000024   Code   RO          498    .text               mc_w.l(memcpya.o)
    0x08003d24   0x00000024   Code   RO          500    .text               mc_w.l(memseta.o)
    0x08003d48   0x00000018   Code   RO          502    .text               mc_w.l(strncpy.o)
    0x08003d60   0x0000001e   Code   RO          504    .text               mc_w.l(strncmp.o)
    0x08003d7e   0x0000001c   Code   RO          769    .text               mc_w.l(calloc.o)
    0x08003d9a   0x00000002   PAD
    0x08003d9c   0x00000038   Code   RO          771    .text               mc_w.l(__0sscanf.o)
    0x08003dd4   0x0000014c   Code   RO          773    .text               mc_w.l(_scanf_int.o)
    0x08003f20   0x00000062   Code   RO          791    .text               mc_w.l(uldiv.o)
    0x08003f82   0x0000001c   Code   RO          821    .text               mc_w.l(_chval.o)
    0x08003f9e   0x00000002   PAD
    0x08003fa0   0x00000028   Code   RO          823    .text               mc_w.l(scanf_char.o)
    0x08003fc8   0x00000040   Code   RO          825    .text               mc_w.l(_sgetc.o)
    0x08004008   0x00000024   Code   RO          838    .text               mc_w.l(init.o)
    0x0800402c   0x0000001e   Code   RO          840    .text               mc_w.l(llshl.o)
    0x0800404a   0x00000020   Code   RO          842    .text               mc_w.l(llushr.o)
    0x0800406a   0x0000000a   Code   RO          846    .text               mc_w.l(isspace_c.o)
    0x08004074   0x00000328   Code   RO          850    .text               mc_w.l(_scanf.o)
    0x0800439c   0x00000028   Code   RO          854    .text               mc_w.l(ctype_c.o)
    0x080043c4   0x00000056   Code   RO          865    .text               mc_w.l(__dczerorl2.o)
    0x0800441a   0x00000002   PAD
    0x0800441c   0x00000020   Code   RO          715    i.__0printf$8       mc_w.l(printf8.o)
    0x0800443c   0x00000028   Code   RO          717    i.__0sprintf$8      mc_w.l(printf8.o)
    0x08004464   0x0000000e   Code   RO          859    i.__scatterload_copy  mc_w.l(handlers.o)
    0x08004472   0x00000002   Code   RO          860    i.__scatterload_null  mc_w.l(handlers.o)
    0x08004474   0x0000000e   Code   RO          861    i.__scatterload_zeroinit  mc_w.l(handlers.o)
    0x08004482   0x00000002   PAD
    0x08004484   0x00000408   Code   RO          722    i._printf_core      mc_w.l(printf8.o)
    0x0800488c   0x00000024   Code   RO          723    i._printf_post_padding  mc_w.l(printf8.o)
    0x080048b0   0x0000002e   Code   RO          724    i._printf_pre_padding  mc_w.l(printf8.o)
    0x080048de   0x0000000a   Code   RO          726    i._sputc            mc_w.l(printf8.o)
    0x080048e8   0x0000006c   Code   RO          794    i.malloc            mc_w.l(malloc.o)
    0x08004954   0x00000093   Data   RO          427    .constdata          controller.o
    0x080049e7   0x0000004c   Data   RO          440    .constdata          ble102.o
    0x08004a33   0x00000018   Data   RO          458    .constdata          us_motor.o
    0x08004a4b   0x00000009   Data   RO          483    .constdata          spi.o
    0x08004a54   0x00000040   Data   RO          855    .constdata          mc_w.l(ctype_c.o)
    0x08004a94   0x00000020   Data   RO          857    Region$$Table       anon$$obj.o


    Execution Region RW_IRAM1 (Base: 0x20000000, Size: 0x000013f0, Max: 0x00010000, ABSOLUTE, COMPRESSED[0x0000008c])

    Base Addr    Size         Type   Attr      Idx    E Section Name        Object

    0x20000000   0x00000014   Data   RW          139    .data               system_stm32f10x.o
    0x20000014   0x00000014   Data   RW          229    .data               stm32f10x_rcc.o
    0x20000028   0x00000004   Data   RW          255    .data               delay.o
    0x2000002c   0x00000008   Data   RW          286    .data               usart.o
    0x20000034   0x000000f8   Data   RW          355    .data               main.o
    0x2000012c   0x00000004   Data   RW          407    .data               platform.o
    0x20000130   0x00000004   Data   RW          848    .data               mc_w.l(mvars.o)
    0x20000134   0x00000004   Data   RW          849    .data               mc_w.l(mvars.o)
    0x20000138   0x00000032   Zero   RW          285    .bss                usart.o
    0x2000016a   0x00000002   PAD
    0x2000016c   0x00000c84   Zero   RW          337    .bss                signal.o
    0x20000df0   0x00000200   Zero   RW           18    HEAP                startup_stm32f10x_hd.o
    0x20000ff0   0x00000400   Zero   RW           17    STACK               startup_stm32f10x_hd.o


==============================================================================

Image component sizes


      Code (inc. data)   RO Data    RW Data    ZI Data      Debug   Object Name

       800        136         76          0          0       4109   ble102.o
      1438        302        147          0          0       3441   controller.o
         0          0          0          0          0       4304   core_cm3.o
       208          8          0          4          0        999   delay.o
       112         16          0        248          0       4846   main.o
       220         22          0          0          0       1769   misc.o
      1676         66          0          4          0       5674   platform.o
       264          4          0          0       3204       2532   signal.o
       464         58          9          0          0       1596   spi.o
        36          8        304          0       1536        804   startup_stm32f10x_hd.o
       284         10          0          0          0       2199   stm32f10x_exti.o
       860         38          0          0          0       5609   stm32f10x_gpio.o
        26          0          0          0          0     258506   stm32f10x_it.o
       932         36          0         20          0       8764   stm32f10x_rcc.o
       780         14          0          0          0       6494   stm32f10x_spi.o
      3610         88          0          0          0      22096   stm32f10x_tim.o
      1032         22          0          0          0       8340   stm32f10x_usart.o
       634         52          0          0          0       2960   sys.o
       480         38          0         20          0       1767   system_stm32f10x.o
       880         58         24          0          0       3547   us_motor.o
       548         30          0          8         50       7934   usart.o

    ----------------------------------------------------------------------
     15292       1006        592        304       4792     358290   Object Totals
         0          0         32          0          0          0   (incl. Generated)
         8          0          0          0          2          0   (incl. Padding)

    ----------------------------------------------------------------------

      Code (inc. data)   RO Data    RW Data    ZI Data      Debug   Library Member Name

        56          8          0          0          0         84   __0sscanf.o
        86          0          0          0          0          0   __dczerorl2.o
        28          0          0          0          0         68   _chval.o
       808          6          0          0          0        112   _scanf.o
       332          0          0          0          0         96   _scanf_int.o
        64          0          0          0          0         84   _sgetc.o
        28          0          0          0          0         76   calloc.o
        40          6         64          0          0         68   ctype_c.o
         0          0          0          0          0          0   entry.o
         0          0          0          0          0          0   entry10a.o
         0          0          0          0          0          0   entry11a.o
         8          4          0          0          0          0   entry2.o
         4          0          0          0          0          0   entry5.o
         0          0          0          0          0          0   entry7b.o
         0          0          0          0          0          0   entry8b.o
         8          4          0          0          0          0   entry9a.o
        30          0          0          0          0          0   handlers.o
        36          8          0          0          0         68   init.o
        10          0          0          0          0         68   isspace_c.o
        30          0          0          0          0         68   llshl.o
        32          0          0          0          0         68   llushr.o
       108         16          0          0          0         84   malloc.o
        36          0          0          0          0         68   memcpya.o
        36          0          0          0          0        108   memseta.o
         0          0          0          8          0          0   mvars.o
      1196         60          0          0          0        504   printf8.o
        40          8          0          0          0         84   scanf_char.o
        30          0          0          0          0         80   strncmp.o
        24          0          0          0          0         76   strncpy.o
        98          0          0          0          0         92   uldiv.o

    ----------------------------------------------------------------------
      3176        120         64          8          0       1956   Library Totals
         8          0          0          0          0          0   (incl. Padding)

    ----------------------------------------------------------------------

      Code (inc. data)   RO Data    RW Data    ZI Data      Debug   Library Name

      3168        120         64          8          0       1956   mc_w.l

    ----------------------------------------------------------------------
      3176        120         64          8          0       1956   Library Totals

    ----------------------------------------------------------------------

==============================================================================


      Code (inc. data)   RO Data    RW Data    ZI Data      Debug   

     18468       1126        656        312       4792     357358   Grand Totals
     18468       1126        656        140       4792     357358   ELF Image Totals (compressed)
     18468       1126        656        140          0          0   ROM Totals

==============================================================================

    Total RO  Size (Code + RO Data)                19124 (  18.68kB)
    Total RW  Size (RW Data + ZI Data)              5104 (   4.98kB)
    Total ROM Size (Code + RO Data + RW Data)      19264 (  18.81kB)

==============================================================================

