Product: MDK-ARM Standard 5.10
Component: ARM Compiler 5.04 update 1 (build 49)
Tool: armlink [5040049]

==============================================================================

Section Cross References

    startup_stm32f10x_hd.o(RESET) refers to startup_stm32f10x_hd.o(STACK) for __initial_sp
    startup_stm32f10x_hd.o(RESET) refers to startup_stm32f10x_hd.o(.text) for Reset_Handler
    startup_stm32f10x_hd.o(RESET) refers to stm32f10x_it.o(.text) for NMI_Handler
    startup_stm32f10x_hd.o(RESET) refers to platform.o(.text) for EXTI9_5_IRQHandler
    startup_stm32f10x_hd.o(.text) refers to system_stm32f10x.o(.text) for SystemInit
    startup_stm32f10x_hd.o(.text) refers to entry.o(.ARM.Collect$$$$00000000) for __main
    system_stm32f10x.o(.text) refers to system_stm32f10x.o(.data) for SystemCoreClock
    stm32f10x_spi.o(.text) refers to stm32f10x_rcc.o(.text) for RCC_APB2PeriphResetCmd
    stm32f10x_tim.o(.text) refers to stm32f10x_rcc.o(.text) for RCC_APB2PeriphResetCmd
    stm32f10x_gpio.o(.text) refers to stm32f10x_rcc.o(.text) for RCC_APB2PeriphResetCmd
    stm32f10x_rcc.o(.text) refers to stm32f10x_rcc.o(.data) for APBAHBPrescTable
    stm32f10x_usart.o(.text) refers to stm32f10x_rcc.o(.text) for RCC_APB2PeriphResetCmd
    delay.o(.text) refers to delay.o(.data) for fac_us
    sys.o(.text) refers to printf8.o(i.__0sprintf$8) for __2sprintf
    sys.o(.text) refers to misc.o(.text) for NVIC_PriorityGroupConfig
    sys.o(.text) refers to sys.o(.emb_text) for WFI_SET
    usart.o(.text) refers to stm32f10x_rcc.o(.text) for RCC_APB2PeriphClockCmd
    usart.o(.text) refers to stm32f10x_usart.o(.text) for USART_DeInit
    usart.o(.text) refers to stm32f10x_gpio.o(.text) for GPIO_Init
    signal.o(.text) refers to signal.o(.bss) for g_signal_queue
    main.o(.text) refers to misc.o(.text) for NVIC_PriorityGroupConfig
    main.o(.text) refers to delay.o(.text) for delay_init
    main.o(.text) refers to usart.o(.text) for USARTx_Init
    main.o(.text) refers to led.o(.text) for LED_Init
    main.o(.text) refers to signal.o(.text) for init_signal_queue
    main.o(.text) refers to controller.o(.text) for controller_init
    main.o(.text) refers to main.o(.data) for para
    platform.o(.text) refers to stm32f10x_rcc.o(.text) for RCC_APB2PeriphClockCmd
    platform.o(.text) refers to stm32f10x_gpio.o(.text) for GPIO_Init
    platform.o(.text) refers to spi.o(.text) for spi_write_read
    platform.o(.text) refers to stm32f10x_exti.o(.text) for EXTI_Init
    platform.o(.text) refers to misc.o(.text) for NVIC_Init
    platform.o(.text) refers to stm32f10x_tim.o(.text) for TIM_TimeBaseInit
    platform.o(.text) refers to main.o(.data) for ctrler
    controller.o(.text) refers to calloc.o(.text) for calloc
    controller.o(.text) refers to printf8.o(i.__0printf$8) for __2printf
    controller.o(.text) refers to us_motor.o(.text) for us_motor_init
    controller.o(.text) refers to ble102.o(.text) for ble10x_device_init
    controller.o(.text) refers to controller.o(.constdata) for __func__
    ble102.o(.text) refers to printf8.o(i.__0printf$8) for __2printf
    ble102.o(.text) refers to calloc.o(.text) for calloc
    ble102.o(.text) refers to usart.o(.text) for usart3_init
    ble102.o(.text) refers to platform.o(.text) for platform_timer_intr_init
    ble102.o(.text) refers to ble102.o(.constdata) for __func__
    ble102.o(.data) refers to ble102.o(.conststring) for .conststring
    us_motor.o(.text) refers to printf8.o(i.__0printf$8) for __2printf
    us_motor.o(.text) refers to platform.o(.text) for pwm_set_high_pulse
    us_motor.o(.text) refers to calloc.o(.text) for calloc
    us_motor.o(.text) refers to delay.o(.text) for delay_ms
    us_motor.o(.text) refers to us_motor.o(.constdata) for __func__
    led.o(.text) refers to stm32f10x_rcc.o(.text) for RCC_APB2PeriphClockCmd
    led.o(.text) refers to stm32f10x_gpio.o(.text) for GPIO_Init
    spi.o(.text) refers to stm32f10x_spi.o(.text) for SPI_Cmd
    spi.o(.text) refers to printf8.o(i.__0printf$8) for __2printf
    spi.o(.text) refers to stm32f10x_rcc.o(.text) for RCC_APB2PeriphClockCmd
    spi.o(.text) refers to stm32f10x_gpio.o(.text) for GPIO_Init
    spi.o(.text) refers to spi.o(.constdata) for __func__
    entry.o(.ARM.Collect$$$$00000000) refers (Special) to entry10a.o(.ARM.Collect$$$$0000000D) for __rt_final_cpp
    entry.o(.ARM.Collect$$$$00000000) refers (Special) to entry11a.o(.ARM.Collect$$$$0000000F) for __rt_final_exit
    entry.o(.ARM.Collect$$$$00000000) refers (Special) to entry7b.o(.ARM.Collect$$$$00000008) for _main_clock
    entry.o(.ARM.Collect$$$$00000000) refers (Special) to entry8b.o(.ARM.Collect$$$$0000000A) for _main_cpp_init
    entry.o(.ARM.Collect$$$$00000000) refers (Special) to entry9a.o(.ARM.Collect$$$$0000000B) for _main_init
    entry.o(.ARM.Collect$$$$00000000) refers (Special) to entry5.o(.ARM.Collect$$$$00000004) for _main_scatterload
    entry.o(.ARM.Collect$$$$00000000) refers (Special) to entry2.o(.ARM.Collect$$$$00000001) for _main_stk
    printfb.o(i.__0fprintf$bare) refers to printfb.o(i._printf_core) for _printf_core
    printfb.o(i.__0fprintf$bare) refers to usart.o(.text) for fputc
    printfb.o(i.__0printf$bare) refers to printfb.o(i._printf_core) for _printf_core
    printfb.o(i.__0printf$bare) refers to usart.o(.text) for fputc
    printfb.o(i.__0printf$bare) refers to usart.o(.data) for __stdout
    printfb.o(i.__0snprintf$bare) refers to printfb.o(i._printf_core) for _printf_core
    printfb.o(i.__0snprintf$bare) refers to printfb.o(i._snputc) for _snputc
    printfb.o(i.__0sprintf$bare) refers to printfb.o(i._printf_core) for _printf_core
    printfb.o(i.__0sprintf$bare) refers to printfb.o(i._sputc) for _sputc
    printfb.o(i.__0vfprintf$bare) refers to printfb.o(i._printf_core) for _printf_core
    printfb.o(i.__0vfprintf$bare) refers to usart.o(.text) for fputc
    printfb.o(i.__0vprintf$bare) refers to printfb.o(i._printf_core) for _printf_core
    printfb.o(i.__0vprintf$bare) refers to usart.o(.text) for fputc
    printfb.o(i.__0vprintf$bare) refers to usart.o(.data) for __stdout
    printfb.o(i.__0vsnprintf$bare) refers to printfb.o(i._printf_core) for _printf_core
    printfb.o(i.__0vsnprintf$bare) refers to printfb.o(i._snputc) for _snputc
    printfb.o(i.__0vsprintf$bare) refers to printfb.o(i._printf_core) for _printf_core
    printfb.o(i.__0vsprintf$bare) refers to printfb.o(i._sputc) for _sputc
    printf0.o(i.__0fprintf$0) refers to printf0.o(i._printf_core) for _printf_core
    printf0.o(i.__0fprintf$0) refers to usart.o(.text) for fputc
    printf0.o(i.__0printf$0) refers to printf0.o(i._printf_core) for _printf_core
    printf0.o(i.__0printf$0) refers to usart.o(.text) for fputc
    printf0.o(i.__0printf$0) refers to usart.o(.data) for __stdout
    printf0.o(i.__0snprintf$0) refers to printf0.o(i._printf_core) for _printf_core
    printf0.o(i.__0snprintf$0) refers to printf0.o(i._snputc) for _snputc
    printf0.o(i.__0sprintf$0) refers to printf0.o(i._printf_core) for _printf_core
    printf0.o(i.__0sprintf$0) refers to printf0.o(i._sputc) for _sputc
    printf0.o(i.__0vfprintf$0) refers to printf0.o(i._printf_core) for _printf_core
    printf0.o(i.__0vfprintf$0) refers to usart.o(.text) for fputc
    printf0.o(i.__0vprintf$0) refers to printf0.o(i._printf_core) for _printf_core
    printf0.o(i.__0vprintf$0) refers to usart.o(.text) for fputc
    printf0.o(i.__0vprintf$0) refers to usart.o(.data) for __stdout
    printf0.o(i.__0vsnprintf$0) refers to printf0.o(i._printf_core) for _printf_core
    printf0.o(i.__0vsnprintf$0) refers to printf0.o(i._snputc) for _snputc
    printf0.o(i.__0vsprintf$0) refers to printf0.o(i._printf_core) for _printf_core
    printf0.o(i.__0vsprintf$0) refers to printf0.o(i._sputc) for _sputc
    printf1.o(i.__0fprintf$1) refers to printf1.o(i._printf_core) for _printf_core
    printf1.o(i.__0fprintf$1) refers to usart.o(.text) for fputc
    printf1.o(i.__0printf$1) refers to printf1.o(i._printf_core) for _printf_core
    printf1.o(i.__0printf$1) refers to usart.o(.text) for fputc
    printf1.o(i.__0printf$1) refers to usart.o(.data) for __stdout
    printf1.o(i.__0snprintf$1) refers to printf1.o(i._printf_core) for _printf_core
    printf1.o(i.__0snprintf$1) refers to printf1.o(i._snputc) for _snputc
    printf1.o(i.__0sprintf$1) refers to printf1.o(i._printf_core) for _printf_core
    printf1.o(i.__0sprintf$1) refers to printf1.o(i._sputc) for _sputc
    printf1.o(i.__0vfprintf$1) refers to printf1.o(i._printf_core) for _printf_core
    printf1.o(i.__0vfprintf$1) refers to usart.o(.text) for fputc
    printf1.o(i.__0vprintf$1) refers to printf1.o(i._printf_core) for _printf_core
    printf1.o(i.__0vprintf$1) refers to usart.o(.text) for fputc
    printf1.o(i.__0vprintf$1) refers to usart.o(.data) for __stdout
    printf1.o(i.__0vsnprintf$1) refers to printf1.o(i._printf_core) for _printf_core
    printf1.o(i.__0vsnprintf$1) refers to printf1.o(i._snputc) for _snputc
    printf1.o(i.__0vsprintf$1) refers to printf1.o(i._printf_core) for _printf_core
    printf1.o(i.__0vsprintf$1) refers to printf1.o(i._sputc) for _sputc
    printf1.o(i._printf_core) refers to uidiv.o(.text) for __aeabi_uidivmod
    printf2.o(i.__0fprintf$2) refers to printf2.o(i._printf_core) for _printf_core
    printf2.o(i.__0fprintf$2) refers to usart.o(.text) for fputc
    printf2.o(i.__0printf$2) refers to printf2.o(i._printf_core) for _printf_core
    printf2.o(i.__0printf$2) refers to usart.o(.text) for fputc
    printf2.o(i.__0printf$2) refers to usart.o(.data) for __stdout
    printf2.o(i.__0snprintf$2) refers to printf2.o(i._printf_core) for _printf_core
    printf2.o(i.__0snprintf$2) refers to printf2.o(i._snputc) for _snputc
    printf2.o(i.__0sprintf$2) refers to printf2.o(i._printf_core) for _printf_core
    printf2.o(i.__0sprintf$2) refers to printf2.o(i._sputc) for _sputc
    printf2.o(i.__0vfprintf$2) refers to printf2.o(i._printf_core) for _printf_core
    printf2.o(i.__0vfprintf$2) refers to usart.o(.text) for fputc
    printf2.o(i.__0vprintf$2) refers to printf2.o(i._printf_core) for _printf_core
    printf2.o(i.__0vprintf$2) refers to usart.o(.text) for fputc
    printf2.o(i.__0vprintf$2) refers to usart.o(.data) for __stdout
    printf2.o(i.__0vsnprintf$2) refers to printf2.o(i._printf_core) for _printf_core
    printf2.o(i.__0vsnprintf$2) refers to printf2.o(i._snputc) for _snputc
    printf2.o(i.__0vsprintf$2) refers to printf2.o(i._printf_core) for _printf_core
    printf2.o(i.__0vsprintf$2) refers to printf2.o(i._sputc) for _sputc
    printf3.o(i.__0fprintf$3) refers to printf3.o(i._printf_core) for _printf_core
    printf3.o(i.__0fprintf$3) refers to usart.o(.text) for fputc
    printf3.o(i.__0printf$3) refers to printf3.o(i._printf_core) for _printf_core
    printf3.o(i.__0printf$3) refers to usart.o(.text) for fputc
    printf3.o(i.__0printf$3) refers to usart.o(.data) for __stdout
    printf3.o(i.__0snprintf$3) refers to printf3.o(i._printf_core) for _printf_core
    printf3.o(i.__0snprintf$3) refers to printf3.o(i._snputc) for _snputc
    printf3.o(i.__0sprintf$3) refers to printf3.o(i._printf_core) for _printf_core
    printf3.o(i.__0sprintf$3) refers to printf3.o(i._sputc) for _sputc
    printf3.o(i.__0vfprintf$3) refers to printf3.o(i._printf_core) for _printf_core
    printf3.o(i.__0vfprintf$3) refers to usart.o(.text) for fputc
    printf3.o(i.__0vprintf$3) refers to printf3.o(i._printf_core) for _printf_core
    printf3.o(i.__0vprintf$3) refers to usart.o(.text) for fputc
    printf3.o(i.__0vprintf$3) refers to usart.o(.data) for __stdout
    printf3.o(i.__0vsnprintf$3) refers to printf3.o(i._printf_core) for _printf_core
    printf3.o(i.__0vsnprintf$3) refers to printf3.o(i._snputc) for _snputc
    printf3.o(i.__0vsprintf$3) refers to printf3.o(i._printf_core) for _printf_core
    printf3.o(i.__0vsprintf$3) refers to printf3.o(i._sputc) for _sputc
    printf3.o(i._printf_core) refers to uidiv.o(.text) for __aeabi_uidivmod
    printf4.o(i.__0fprintf$4) refers to printf4.o(i._printf_core) for _printf_core
    printf4.o(i.__0fprintf$4) refers to usart.o(.text) for fputc
    printf4.o(i.__0printf$4) refers to printf4.o(i._printf_core) for _printf_core
    printf4.o(i.__0printf$4) refers to usart.o(.text) for fputc
    printf4.o(i.__0printf$4) refers to usart.o(.data) for __stdout
    printf4.o(i.__0snprintf$4) refers to printf4.o(i._printf_core) for _printf_core
    printf4.o(i.__0snprintf$4) refers to printf4.o(i._snputc) for _snputc
    printf4.o(i.__0sprintf$4) refers to printf4.o(i._printf_core) for _printf_core
    printf4.o(i.__0sprintf$4) refers to printf4.o(i._sputc) for _sputc
    printf4.o(i.__0vfprintf$4) refers to printf4.o(i._printf_core) for _printf_core
    printf4.o(i.__0vfprintf$4) refers to usart.o(.text) for fputc
    printf4.o(i.__0vprintf$4) refers to printf4.o(i._printf_core) for _printf_core
    printf4.o(i.__0vprintf$4) refers to usart.o(.text) for fputc
    printf4.o(i.__0vprintf$4) refers to usart.o(.data) for __stdout
    printf4.o(i.__0vsnprintf$4) refers to printf4.o(i._printf_core) for _printf_core
    printf4.o(i.__0vsnprintf$4) refers to printf4.o(i._snputc) for _snputc
    printf4.o(i.__0vsprintf$4) refers to printf4.o(i._printf_core) for _printf_core
    printf4.o(i.__0vsprintf$4) refers to printf4.o(i._sputc) for _sputc
    printf4.o(i._printf_core) refers to uldiv.o(.text) for __aeabi_uldivmod
    printf5.o(i.__0fprintf$5) refers to printf5.o(i._printf_core) for _printf_core
    printf5.o(i.__0fprintf$5) refers to usart.o(.text) for fputc
    printf5.o(i.__0printf$5) refers to printf5.o(i._printf_core) for _printf_core
    printf5.o(i.__0printf$5) refers to usart.o(.text) for fputc
    printf5.o(i.__0printf$5) refers to usart.o(.data) for __stdout
    printf5.o(i.__0snprintf$5) refers to printf5.o(i._printf_core) for _printf_core
    printf5.o(i.__0snprintf$5) refers to printf5.o(i._snputc) for _snputc
    printf5.o(i.__0sprintf$5) refers to printf5.o(i._printf_core) for _printf_core
    printf5.o(i.__0sprintf$5) refers to printf5.o(i._sputc) for _sputc
    printf5.o(i.__0vfprintf$5) refers to printf5.o(i._printf_core) for _printf_core
    printf5.o(i.__0vfprintf$5) refers to usart.o(.text) for fputc
    printf5.o(i.__0vprintf$5) refers to printf5.o(i._printf_core) for _printf_core
    printf5.o(i.__0vprintf$5) refers to usart.o(.text) for fputc
    printf5.o(i.__0vprintf$5) refers to usart.o(.data) for __stdout
    printf5.o(i.__0vsnprintf$5) refers to printf5.o(i._printf_core) for _printf_core
    printf5.o(i.__0vsnprintf$5) refers to printf5.o(i._snputc) for _snputc
    printf5.o(i.__0vsprintf$5) refers to printf5.o(i._printf_core) for _printf_core
    printf5.o(i.__0vsprintf$5) refers to printf5.o(i._sputc) for _sputc
    printf5.o(i._printf_core) refers to uldiv.o(.text) for __aeabi_uldivmod
    printf6.o(i.__0fprintf$6) refers to printf6.o(i._printf_core) for _printf_core
    printf6.o(i.__0fprintf$6) refers to usart.o(.text) for fputc
    printf6.o(i.__0printf$6) refers to printf6.o(i._printf_core) for _printf_core
    printf6.o(i.__0printf$6) refers to usart.o(.text) for fputc
    printf6.o(i.__0printf$6) refers to usart.o(.data) for __stdout
    printf6.o(i.__0snprintf$6) refers to printf6.o(i._printf_core) for _printf_core
    printf6.o(i.__0snprintf$6) refers to printf6.o(i._snputc) for _snputc
    printf6.o(i.__0sprintf$6) refers to printf6.o(i._printf_core) for _printf_core
    printf6.o(i.__0sprintf$6) refers to printf6.o(i._sputc) for _sputc
    printf6.o(i.__0vfprintf$6) refers to printf6.o(i._printf_core) for _printf_core
    printf6.o(i.__0vfprintf$6) refers to usart.o(.text) for fputc
    printf6.o(i.__0vprintf$6) refers to printf6.o(i._printf_core) for _printf_core
    printf6.o(i.__0vprintf$6) refers to usart.o(.text) for fputc
    printf6.o(i.__0vprintf$6) refers to usart.o(.data) for __stdout
    printf6.o(i.__0vsnprintf$6) refers to printf6.o(i._printf_core) for _printf_core
    printf6.o(i.__0vsnprintf$6) refers to printf6.o(i._snputc) for _snputc
    printf6.o(i.__0vsprintf$6) refers to printf6.o(i._printf_core) for _printf_core
    printf6.o(i.__0vsprintf$6) refers to printf6.o(i._sputc) for _sputc
    printf6.o(i._printf_core) refers to printf6.o(i._printf_pre_padding) for _printf_pre_padding
    printf6.o(i._printf_core) refers to uidiv.o(.text) for __aeabi_uidivmod
    printf6.o(i._printf_core) refers to printf6.o(i._printf_post_padding) for _printf_post_padding
    printf7.o(i.__0fprintf$7) refers to printf7.o(i._printf_core) for _printf_core
    printf7.o(i.__0fprintf$7) refers to usart.o(.text) for fputc
    printf7.o(i.__0printf$7) refers to printf7.o(i._printf_core) for _printf_core
    printf7.o(i.__0printf$7) refers to usart.o(.text) for fputc
    printf7.o(i.__0printf$7) refers to usart.o(.data) for __stdout
    printf7.o(i.__0snprintf$7) refers to printf7.o(i._printf_core) for _printf_core
    printf7.o(i.__0snprintf$7) refers to printf7.o(i._snputc) for _snputc
    printf7.o(i.__0sprintf$7) refers to printf7.o(i._printf_core) for _printf_core
    printf7.o(i.__0sprintf$7) refers to printf7.o(i._sputc) for _sputc
    printf7.o(i.__0vfprintf$7) refers to printf7.o(i._printf_core) for _printf_core
    printf7.o(i.__0vfprintf$7) refers to usart.o(.text) for fputc
    printf7.o(i.__0vprintf$7) refers to printf7.o(i._printf_core) for _printf_core
    printf7.o(i.__0vprintf$7) refers to usart.o(.text) for fputc
    printf7.o(i.__0vprintf$7) refers to usart.o(.data) for __stdout
    printf7.o(i.__0vsnprintf$7) refers to printf7.o(i._printf_core) for _printf_core
    printf7.o(i.__0vsnprintf$7) refers to printf7.o(i._snputc) for _snputc
    printf7.o(i.__0vsprintf$7) refers to printf7.o(i._printf_core) for _printf_core
    printf7.o(i.__0vsprintf$7) refers to printf7.o(i._sputc) for _sputc
    printf7.o(i._printf_core) refers to printf7.o(i._printf_pre_padding) for _printf_pre_padding
    printf7.o(i._printf_core) refers to uldiv.o(.text) for __aeabi_uldivmod
    printf7.o(i._printf_core) refers to printf7.o(i._printf_post_padding) for _printf_post_padding
    printf8.o(i.__0fprintf$8) refers to printf8.o(i._printf_core) for _printf_core
    printf8.o(i.__0fprintf$8) refers to usart.o(.text) for fputc
    printf8.o(i.__0printf$8) refers to printf8.o(i._printf_core) for _printf_core
    printf8.o(i.__0printf$8) refers to usart.o(.text) for fputc
    printf8.o(i.__0printf$8) refers to usart.o(.data) for __stdout
    printf8.o(i.__0snprintf$8) refers to printf8.o(i._printf_core) for _printf_core
    printf8.o(i.__0snprintf$8) refers to printf8.o(i._snputc) for _snputc
    printf8.o(i.__0sprintf$8) refers to printf8.o(i._printf_core) for _printf_core
    printf8.o(i.__0sprintf$8) refers to printf8.o(i._sputc) for _sputc
    printf8.o(i.__0vfprintf$8) refers to printf8.o(i._printf_core) for _printf_core
    printf8.o(i.__0vfprintf$8) refers to usart.o(.text) for fputc
    printf8.o(i.__0vprintf$8) refers to printf8.o(i._printf_core) for _printf_core
    printf8.o(i.__0vprintf$8) refers to usart.o(.text) for fputc
    printf8.o(i.__0vprintf$8) refers to usart.o(.data) for __stdout
    printf8.o(i.__0vsnprintf$8) refers to printf8.o(i._printf_core) for _printf_core
    printf8.o(i.__0vsnprintf$8) refers to printf8.o(i._snputc) for _snputc
    printf8.o(i.__0vsprintf$8) refers to printf8.o(i._printf_core) for _printf_core
    printf8.o(i.__0vsprintf$8) refers to printf8.o(i._sputc) for _sputc
    printf8.o(i._printf_core) refers to printf8.o(i._printf_pre_padding) for _printf_pre_padding
    printf8.o(i._printf_core) refers to uldiv.o(.text) for __aeabi_uldivmod
    printf8.o(i._printf_core) refers to printf8.o(i._printf_post_padding) for _printf_post_padding
    printfa.o(i.__0fprintf) refers (Special) to iusefp.o(.text) for __I$use$fp
    printfa.o(i.__0fprintf) refers to printfa.o(i._printf_core) for _printf_core
    printfa.o(i.__0fprintf) refers to usart.o(.text) for fputc
    printfa.o(i.__0printf) refers (Special) to iusefp.o(.text) for __I$use$fp
    printfa.o(i.__0printf) refers to printfa.o(i._printf_core) for _printf_core
    printfa.o(i.__0printf) refers to usart.o(.text) for fputc
    printfa.o(i.__0printf) refers to usart.o(.data) for __stdout
    printfa.o(i.__0snprintf) refers (Special) to iusefp.o(.text) for __I$use$fp
    printfa.o(i.__0snprintf) refers to printfa.o(i._printf_core) for _printf_core
    printfa.o(i.__0snprintf) refers to printfa.o(i._snputc) for _snputc
    printfa.o(i.__0sprintf) refers (Special) to iusefp.o(.text) for __I$use$fp
    printfa.o(i.__0sprintf) refers to printfa.o(i._printf_core) for _printf_core
    printfa.o(i.__0sprintf) refers to printfa.o(i._sputc) for _sputc
    printfa.o(i.__0vfprintf) refers (Special) to iusefp.o(.text) for __I$use$fp
    printfa.o(i.__0vfprintf) refers to printfa.o(i._printf_core) for _printf_core
    printfa.o(i.__0vfprintf) refers to usart.o(.text) for fputc
    printfa.o(i.__0vprintf) refers (Special) to iusefp.o(.text) for __I$use$fp
    printfa.o(i.__0vprintf) refers to printfa.o(i._printf_core) for _printf_core
    printfa.o(i.__0vprintf) refers to usart.o(.text) for fputc
    printfa.o(i.__0vprintf) refers to usart.o(.data) for __stdout
    printfa.o(i.__0vsnprintf) refers (Special) to iusefp.o(.text) for __I$use$fp
    printfa.o(i.__0vsnprintf) refers to printfa.o(i._printf_core) for _printf_core
    printfa.o(i.__0vsnprintf) refers to printfa.o(i._snputc) for _snputc
    printfa.o(i.__0vsprintf) refers (Special) to iusefp.o(.text) for __I$use$fp
    printfa.o(i.__0vsprintf) refers to printfa.o(i._printf_core) for _printf_core
    printfa.o(i.__0vsprintf) refers to printfa.o(i._sputc) for _sputc
    printfa.o(i._fp_digits) refers (Special) to iusefp.o(.text) for __I$use$fp
    printfa.o(i._fp_digits) refers to dmul.o(.text) for __aeabi_dmul
    printfa.o(i._fp_digits) refers to ddiv.o(.text) for __aeabi_ddiv
    printfa.o(i._fp_digits) refers to cdrcmple.o(.text) for __aeabi_cdrcmple
    printfa.o(i._fp_digits) refers to dadd.o(.text) for __aeabi_dadd
    printfa.o(i._fp_digits) refers to dfixul.o(.text) for __aeabi_d2ulz
    printfa.o(i._fp_digits) refers to uldiv.o(.text) for __aeabi_uldivmod
    printfa.o(i._printf_core) refers (Special) to iusefp.o(.text) for __I$use$fp
    printfa.o(i._printf_core) refers to printfa.o(i._printf_pre_padding) for _printf_pre_padding
    printfa.o(i._printf_core) refers to uldiv.o(.text) for __aeabi_uldivmod
    printfa.o(i._printf_core) refers to printfa.o(i._printf_post_padding) for _printf_post_padding
    printfa.o(i._printf_core) refers to printfa.o(i._fp_digits) for _fp_digits
    printfa.o(i._printf_core) refers to uidiv.o(.text) for __aeabi_uidivmod
    printfa.o(i._printf_post_padding) refers (Special) to iusefp.o(.text) for __I$use$fp
    printfa.o(i._printf_pre_padding) refers (Special) to iusefp.o(.text) for __I$use$fp
    printfa.o(i._snputc) refers (Special) to iusefp.o(.text) for __I$use$fp
    printfa.o(i._sputc) refers (Special) to iusefp.o(.text) for __I$use$fp
    calloc.o(.text) refers to malloc.o(i.malloc) for malloc
    entry2.o(.ARM.Collect$$$$00000001) refers to entry2.o(.ARM.Collect$$$$00002712) for __lit__00000000
    entry2.o(.ARM.Collect$$$$00002712) refers to startup_stm32f10x_hd.o(STACK) for __initial_sp
    entry2.o(__vectab_stack_and_reset_area) refers to startup_stm32f10x_hd.o(STACK) for __initial_sp
    entry2.o(__vectab_stack_and_reset_area) refers to entry.o(.ARM.Collect$$$$00000000) for __main
    entry5.o(.ARM.Collect$$$$00000004) refers to init.o(.text) for __scatterload
    entry9a.o(.ARM.Collect$$$$0000000B) refers to main.o(.text) for main
    entry9b.o(.ARM.Collect$$$$0000000C) refers to main.o(.text) for main
    uldiv.o(.text) refers to llushr.o(.text) for __aeabi_llsr
    uldiv.o(.text) refers to llshl.o(.text) for __aeabi_llsl
    malloc.o(i.free) refers to mvars.o(.data) for __microlib_freelist
    malloc.o(i.malloc) refers to mvars.o(.data) for __microlib_freelist_initialised
    malloc.o(i.malloc) refers to mvars.o(.data) for __microlib_freelist
    malloc.o(i.malloc) refers to startup_stm32f10x_hd.o(HEAP) for __heap_base
    mallocr.o(i.__free$realloc) refers to mvars.o(.data) for __microlib_freelist
    mallocr.o(i.__malloc$realloc) refers to mallocr.o(i.internal_alloc) for internal_alloc
    mallocr.o(i.__malloc$realloc) refers to mvars.o(.data) for __microlib_freelist_initialised
    mallocr.o(i.__malloc$realloc) refers to startup_stm32f10x_hd.o(HEAP) for __heap_base
    mallocr.o(i.__malloc$realloc) refers to mvars.o(.data) for __microlib_freelist
    mallocr.o(i.internal_alloc) refers to memcpya.o(.text) for __aeabi_memcpy
    mallocr.o(i.internal_alloc) refers to mvars.o(.data) for __microlib_freelist
    mallocr.o(i.realloc) refers to mallocr.o(i.__free$realloc) for __free$realloc
    mallocr.o(i.realloc) refers to mallocr.o(i.internal_alloc) for internal_alloc
    mallocr.o(i.realloc) refers to mallocr.o(i.__malloc$realloc) for __malloc$realloc
    mallocr.o(i.realloc) refers to mvars.o(.data) for __microlib_freelist
    malloca.o(i.__aligned_malloc) refers to mvars.o(.data) for __microlib_freelist_initialised
    malloca.o(i.__aligned_malloc) refers to mvars.o(.data) for __microlib_freelist
    malloca.o(i.__aligned_malloc) refers to startup_stm32f10x_hd.o(HEAP) for __heap_base
    malloca.o(i.__free$memalign) refers to mvars.o(.data) for __microlib_freelist
    malloca.o(i.__malloc$memalign) refers to malloca.o(i.__aligned_malloc) for __aligned_malloc
    mallocra.o(i.__aligned_malloc$realloc) refers to mallocra.o(i.internal_alloc) for internal_alloc
    mallocra.o(i.__aligned_malloc$realloc) refers to mvars.o(.data) for __microlib_freelist_initialised
    mallocra.o(i.__aligned_malloc$realloc) refers to startup_stm32f10x_hd.o(HEAP) for __heap_base
    mallocra.o(i.__aligned_malloc$realloc) refers to mvars.o(.data) for __microlib_freelist
    mallocra.o(i.__free$realloc$memalign) refers to mvars.o(.data) for __microlib_freelist
    mallocra.o(i.__malloc$realloc$memalign) refers to mallocra.o(i.__aligned_malloc$realloc) for __aligned_malloc$realloc
    mallocra.o(i.__realloc$memalign) refers to mallocra.o(i.__free$realloc$memalign) for __free$realloc$memalign
    mallocra.o(i.__realloc$memalign) refers to mallocra.o(i.internal_alloc) for internal_alloc
    mallocra.o(i.__realloc$memalign) refers to mallocra.o(i.__malloc$realloc$memalign) for __malloc$realloc$memalign
    mallocra.o(i.__realloc$memalign) refers to mvars.o(.data) for __microlib_freelist
    mallocra.o(i.internal_alloc) refers to memcpya.o(.text) for __aeabi_memcpy
    mallocra.o(i.internal_alloc) refers to mvars.o(.data) for __microlib_freelist
    dadd.o(.text) refers to llshl.o(.text) for __aeabi_llsl
    dadd.o(.text) refers to llsshr.o(.text) for __aeabi_lasr
    dadd.o(.text) refers to depilogue.o(.text) for _double_epilogue
    dmul.o(.text) refers to depilogue.o(.text) for _double_epilogue
    ddiv.o(.text) refers to depilogue.o(.text) for _double_round
    dfixul.o(.text) refers to llushr.o(.text) for __aeabi_llsr
    dfixul.o(.text) refers to llshl.o(.text) for __aeabi_llsl
    init.o(.text) refers to entry5.o(.ARM.Collect$$$$00000004) for __main_after_scatterload
    depilogue.o(.text) refers to llshl.o(.text) for __aeabi_llsl
    depilogue.o(.text) refers to llushr.o(.text) for __aeabi_llsr


==============================================================================

Removing Unused input sections from the image.

    Removing core_cm3.o(.emb_text), (32 bytes).
    Removing stm32f10x_fsmc.o(.text), (1548 bytes).
    Removing sys.o(.emb_text), (2 bytes).
    Removing sys.o(.text), (796 bytes).
    Removing ble102.o(.conststring), (117 bytes).
    Removing ble102.o(.data), (12 bytes).
    Removing dadd.o(.text), (334 bytes).
    Removing dmul.o(.text), (228 bytes).
    Removing ddiv.o(.text), (222 bytes).
    Removing dfixul.o(.text), (48 bytes).
    Removing cdrcmple.o(.text), (40 bytes).
    Removing depilogue.o(.text), (182 bytes).

12 unused section(s) (total 3561 bytes) removed from the image.

==============================================================================

Image Symbol Table

    Local Symbols

    Symbol Name                              Value     Ov Type        Size  Object(Section)

    ../clib/microlib/division.c              0x00000000   Number         0  uidiv.o ABSOLUTE
    ../clib/microlib/division.c              0x00000000   Number         0  uldiv.o ABSOLUTE
    ../clib/microlib/init/entry.s            0x00000000   Number         0  entry.o ABSOLUTE
    ../clib/microlib/init/entry.s            0x00000000   Number         0  entry8a.o ABSOLUTE
    ../clib/microlib/init/entry.s            0x00000000   Number         0  entry10a.o ABSOLUTE
    ../clib/microlib/init/entry.s            0x00000000   Number         0  entry2.o ABSOLUTE
    ../clib/microlib/init/entry.s            0x00000000   Number         0  entry7a.o ABSOLUTE
    ../clib/microlib/init/entry.s            0x00000000   Number         0  entry10b.o ABSOLUTE
    ../clib/microlib/init/entry.s            0x00000000   Number         0  entry8b.o ABSOLUTE
    ../clib/microlib/init/entry.s            0x00000000   Number         0  entry11b.o ABSOLUTE
    ../clib/microlib/init/entry.s            0x00000000   Number         0  entry5.o ABSOLUTE
    ../clib/microlib/init/entry.s            0x00000000   Number         0  entry7b.o ABSOLUTE
    ../clib/microlib/init/entry.s            0x00000000   Number         0  entry9a.o ABSOLUTE
    ../clib/microlib/init/entry.s            0x00000000   Number         0  entry11a.o ABSOLUTE
    ../clib/microlib/init/entry.s            0x00000000   Number         0  entry9b.o ABSOLUTE
    ../clib/microlib/longlong.c              0x00000000   Number         0  llshl.o ABSOLUTE
    ../clib/microlib/longlong.c              0x00000000   Number         0  llushr.o ABSOLUTE
    ../clib/microlib/longlong.c              0x00000000   Number         0  llsshr.o ABSOLUTE
    ../clib/microlib/malloc/calloc.c         0x00000000   Number         0  calloc.o ABSOLUTE
    ../clib/microlib/malloc/malloc.c         0x00000000   Number         0  mallocra.o ABSOLUTE
    ../clib/microlib/malloc/malloc.c         0x00000000   Number         0  malloca.o ABSOLUTE
    ../clib/microlib/malloc/malloc.c         0x00000000   Number         0  malloc.o ABSOLUTE
    ../clib/microlib/malloc/malloc.c         0x00000000   Number         0  mallocr.o ABSOLUTE
    ../clib/microlib/malloc/mvars.c          0x00000000   Number         0  mvars.o ABSOLUTE
    ../clib/microlib/printf/printf.c         0x00000000   Number         0  printfa.o ABSOLUTE
    ../clib/microlib/printf/printf.c         0x00000000   Number         0  printf8.o ABSOLUTE
    ../clib/microlib/printf/printf.c         0x00000000   Number         0  printf7.o ABSOLUTE
    ../clib/microlib/printf/printf.c         0x00000000   Number         0  printf6.o ABSOLUTE
    ../clib/microlib/printf/printf.c         0x00000000   Number         0  printf5.o ABSOLUTE
    ../clib/microlib/printf/printf.c         0x00000000   Number         0  printf4.o ABSOLUTE
    ../clib/microlib/printf/printf.c         0x00000000   Number         0  printf2.o ABSOLUTE
    ../clib/microlib/printf/printf.c         0x00000000   Number         0  printfb.o ABSOLUTE
    ../clib/microlib/printf/printf.c         0x00000000   Number         0  printf1.o ABSOLUTE
    ../clib/microlib/printf/printf.c         0x00000000   Number         0  printf3.o ABSOLUTE
    ../clib/microlib/printf/printf.c         0x00000000   Number         0  printf0.o ABSOLUTE
    ../clib/microlib/printf/stubs.s          0x00000000   Number         0  stubs.o ABSOLUTE
    ../clib/microlib/string/memcpy.c         0x00000000   Number         0  memcpya.o ABSOLUTE
    ../clib/microlib/string/memcpy.c         0x00000000   Number         0  memcpyb.o ABSOLUTE
    ../clib/microlib/stubs.s                 0x00000000   Number         0  iusefp.o ABSOLUTE
    ../clib/microlib/stubs.s                 0x00000000   Number         0  useno.o ABSOLUTE
    ../fplib/microlib/fpadd.c                0x00000000   Number         0  dadd.o ABSOLUTE
    ../fplib/microlib/fpdiv.c                0x00000000   Number         0  ddiv.o ABSOLUTE
    ../fplib/microlib/fpepilogue.c           0x00000000   Number         0  depilogue.o ABSOLUTE
    ../fplib/microlib/fpfix.c                0x00000000   Number         0  dfixul.o ABSOLUTE
    ../fplib/microlib/fpmul.c                0x00000000   Number         0  dmul.o ABSOLUTE
    ..\CMSIS\CM3\CORE\core_cm3.c             0x00000000   Number         0  core_cm3.o ABSOLUTE
    ..\CMSIS\CM3\STARTUP\startup_stm32f10x_hd.s 0x00000000   Number         0  startup_stm32f10x_hd.o ABSOLUTE
    ..\CMSIS\CM3\stm32f10x_it.c              0x00000000   Number         0  stm32f10x_it.o ABSOLUTE
    ..\CMSIS\CM3\system_stm32f10x.c          0x00000000   Number         0  system_stm32f10x.o ABSOLUTE
    ..\CMSIS\STM32LIB\src\misc.c             0x00000000   Number         0  misc.o ABSOLUTE
    ..\CMSIS\STM32LIB\src\stm32f10x_exti.c   0x00000000   Number         0  stm32f10x_exti.o ABSOLUTE
    ..\CMSIS\STM32LIB\src\stm32f10x_fsmc.c   0x00000000   Number         0  stm32f10x_fsmc.o ABSOLUTE
    ..\CMSIS\STM32LIB\src\stm32f10x_gpio.c   0x00000000   Number         0  stm32f10x_gpio.o ABSOLUTE
    ..\CMSIS\STM32LIB\src\stm32f10x_rcc.c    0x00000000   Number         0  stm32f10x_rcc.o ABSOLUTE
    ..\CMSIS\STM32LIB\src\stm32f10x_spi.c    0x00000000   Number         0  stm32f10x_spi.o ABSOLUTE
    ..\CMSIS\STM32LIB\src\stm32f10x_tim.c    0x00000000   Number         0  stm32f10x_tim.o ABSOLUTE
    ..\CMSIS\STM32LIB\src\stm32f10x_usart.c  0x00000000   Number         0  stm32f10x_usart.o ABSOLUTE
    ..\HARDWARE\LED\led.c                    0x00000000   Number         0  led.o ABSOLUTE
    ..\HARDWARE\spi\spi.c                    0x00000000   Number         0  spi.o ABSOLUTE
    ..\SYSTEM\delay\delay.c                  0x00000000   Number         0  delay.o ABSOLUTE
    ..\SYSTEM\signal\signal.c                0x00000000   Number         0  signal.o ABSOLUTE
    ..\SYSTEM\sys\sys.c                      0x00000000   Number         0  sys.o ABSOLUTE
    ..\SYSTEM\usart\usart.c                  0x00000000   Number         0  usart.o ABSOLUTE
    ..\\CMSIS\\CM3\\CORE\\core_cm3.c         0x00000000   Number         0  core_cm3.o ABSOLUTE
    ..\\SYSTEM\\sys\\sys.c                   0x00000000   Number         0  sys.o ABSOLUTE
    ble102.c                                 0x00000000   Number         0  ble102.o ABSOLUTE
    cdrcmple.s                               0x00000000   Number         0  cdrcmple.o ABSOLUTE
    controller.c                             0x00000000   Number         0  controller.o ABSOLUTE
    dc.s                                     0x00000000   Number         0  dc.o ABSOLUTE
    handlers.s                               0x00000000   Number         0  handlers.o ABSOLUTE
    init.s                                   0x00000000   Number         0  init.o ABSOLUTE
    main.c                                   0x00000000   Number         0  main.o ABSOLUTE
    platform.c                               0x00000000   Number         0  platform.o ABSOLUTE
    us_motor.c                               0x00000000   Number         0  us_motor.o ABSOLUTE
    RESET                                    0x08000000   Section      304  startup_stm32f10x_hd.o(RESET)
    .ARM.Collect$$$$00000000                 0x08000130   Section        0  entry.o(.ARM.Collect$$$$00000000)
    .ARM.Collect$$$$00000001                 0x08000130   Section        4  entry2.o(.ARM.Collect$$$$00000001)
    .ARM.Collect$$$$00000004                 0x08000134   Section        4  entry5.o(.ARM.Collect$$$$00000004)
    .ARM.Collect$$$$00000008                 0x08000138   Section        0  entry7b.o(.ARM.Collect$$$$00000008)
    .ARM.Collect$$$$0000000A                 0x08000138   Section        0  entry8b.o(.ARM.Collect$$$$0000000A)
    .ARM.Collect$$$$0000000B                 0x08000138   Section        8  entry9a.o(.ARM.Collect$$$$0000000B)
    .ARM.Collect$$$$0000000D                 0x08000140   Section        0  entry10a.o(.ARM.Collect$$$$0000000D)
    .ARM.Collect$$$$0000000F                 0x08000140   Section        0  entry11a.o(.ARM.Collect$$$$0000000F)
    .ARM.Collect$$$$00002712                 0x08000140   Section        4  entry2.o(.ARM.Collect$$$$00002712)
    __lit__00000000                          0x08000140   Data           4  entry2.o(.ARM.Collect$$$$00002712)
    .text                                    0x08000144   Section       36  startup_stm32f10x_hd.o(.text)
    .text                                    0x08000168   Section        0  stm32f10x_it.o(.text)
    .text                                    0x08000184   Section        0  system_stm32f10x.o(.text)
    SetSysClockTo72                          0x08000185   Thumb Code   214  system_stm32f10x.o(.text)
    SetSysClock                              0x0800025b   Thumb Code     8  system_stm32f10x.o(.text)
    .text                                    0x08000364   Section        0  stm32f10x_spi.o(.text)
    .text                                    0x08000670   Section        0  stm32f10x_tim.o(.text)
    TI4_Config                               0x08000b17   Thumb Code   130  stm32f10x_tim.o(.text)
    TI3_Config                               0x08000bab   Thumb Code   122  stm32f10x_tim.o(.text)
    TI2_Config                               0x08000c3f   Thumb Code   130  stm32f10x_tim.o(.text)
    TI1_Config                               0x08000cd3   Thumb Code   108  stm32f10x_tim.o(.text)
    .text                                    0x0800148c   Section        0  misc.o(.text)
    .text                                    0x08001568   Section        0  stm32f10x_exti.o(.text)
    .text                                    0x08001684   Section        0  stm32f10x_gpio.o(.text)
    .text                                    0x080019e0   Section        0  stm32f10x_rcc.o(.text)
    .text                                    0x08001d84   Section        0  stm32f10x_usart.o(.text)
    .text                                    0x0800218c   Section        0  delay.o(.text)
    .text                                    0x0800225c   Section        0  usart.o(.text)
    .text                                    0x0800230c   Section        0  signal.o(.text)
    .text                                    0x08002414   Section        0  main.o(.text)
    .text                                    0x08002484   Section        0  platform.o(.text)
    .text                                    0x080029d0   Section        0  controller.o(.text)
    .text                                    0x08002b18   Section        0  ble102.o(.text)
    set_uuid                                 0x08002b1f   Thumb Code     6  ble102.o(.text)
    set_workmode                             0x08002b25   Thumb Code     6  ble102.o(.text)
    enter_command_mode                       0x08002b2b   Thumb Code     6  ble102.o(.text)
    setup_buffers                            0x08002b31   Thumb Code    76  ble102.o(.text)
    init_module_gpios                        0x08002bd9   Thumb Code     6  ble102.o(.text)
    set_name                                 0x08002cb5   Thumb Code     6  ble102.o(.text)
    set_uart_packtime                        0x08002cbb   Thumb Code     6  ble102.o(.text)
    exit_command_mode                        0x08002cc1   Thumb Code     6  ble102.o(.text)
    .text                                    0x08002d20   Section        0  us_motor.o(.text)
    .text                                    0x08002fa8   Section        0  led.o(.text)
    .text                                    0x08002ff8   Section        0  spi.o(.text)
    .text                                    0x080031c8   Section        0  calloc.o(.text)
    .text                                    0x080031e4   Section        0  uldiv.o(.text)
    .text                                    0x08003248   Section       36  init.o(.text)
    .text                                    0x0800326c   Section        0  llshl.o(.text)
    .text                                    0x0800328a   Section        0  llushr.o(.text)
    i.__0printf$8                            0x080032ac   Section        0  printf8.o(i.__0printf$8)
    i.__scatterload_copy                     0x080032cc   Section       14  handlers.o(i.__scatterload_copy)
    i.__scatterload_null                     0x080032da   Section        2  handlers.o(i.__scatterload_null)
    i.__scatterload_zeroinit                 0x080032dc   Section       14  handlers.o(i.__scatterload_zeroinit)
    i._printf_core                           0x080032ec   Section        0  printf8.o(i._printf_core)
    _printf_core                             0x080032ed   Thumb Code   988  printf8.o(i._printf_core)
    i._printf_post_padding                   0x080036f4   Section        0  printf8.o(i._printf_post_padding)
    _printf_post_padding                     0x080036f5   Thumb Code    36  printf8.o(i._printf_post_padding)
    i._printf_pre_padding                    0x08003718   Section        0  printf8.o(i._printf_pre_padding)
    _printf_pre_padding                      0x08003719   Thumb Code    46  printf8.o(i._printf_pre_padding)
    i.malloc                                 0x08003748   Section        0  malloc.o(i.malloc)
    .constdata                               0x080037b4   Section       16  controller.o(.constdata)
    __func__                                 0x080037b4   Data          16  controller.o(.constdata)
    .constdata                               0x080037c4   Section       76  ble102.o(.constdata)
    __func__                                 0x080037c4   Data          19  ble102.o(.constdata)
    __func__                                 0x080037d7   Data          18  ble102.o(.constdata)
    __func__                                 0x080037e9   Data          14  ble102.o(.constdata)
    __func__                                 0x080037f7   Data          25  ble102.o(.constdata)
    .constdata                               0x08003810   Section       24  us_motor.o(.constdata)
    __func__                                 0x08003810   Data          10  us_motor.o(.constdata)
    __func__                                 0x0800381a   Data          14  us_motor.o(.constdata)
    .constdata                               0x08003828   Section        9  spi.o(.constdata)
    __func__                                 0x08003828   Data           9  spi.o(.constdata)
    .data                                    0x20000000   Section       20  system_stm32f10x.o(.data)
    .data                                    0x20000014   Section       20  stm32f10x_rcc.o(.data)
    APBAHBPrescTable                         0x20000014   Data          16  stm32f10x_rcc.o(.data)
    ADCPrescTable                            0x20000024   Data           4  stm32f10x_rcc.o(.data)
    .data                                    0x20000028   Section        4  delay.o(.data)
    fac_us                                   0x20000028   Data           1  delay.o(.data)
    fac_ms                                   0x2000002a   Data           2  delay.o(.data)
    .data                                    0x2000002c   Section        4  usart.o(.data)
    .data                                    0x20000030   Section      168  main.o(.data)
    .data                                    0x200000d8   Section        4  mvars.o(.data)
    .data                                    0x200000dc   Section        4  mvars.o(.data)
    .bss                                     0x200000e0   Section     3204  signal.o(.bss)
    HEAP                                     0x20000d68   Section      512  startup_stm32f10x_hd.o(HEAP)
    STACK                                    0x20000f68   Section     1024  startup_stm32f10x_hd.o(STACK)

    Global Symbols

    Symbol Name                              Value     Ov Type        Size  Object(Section)

    BuildAttributes$$THM_ISAv4$P$D$K$B$S$PE$A:L22UL41UL21$X:L11$S22US41US21$IEEE1$IW$USESV6$~STKCKD$USESV7$~SHL$OSPACE$ROPI$EBA8$MICROLIB$REQ8$PRES8$EABIv2 0x00000000   Number         0  anon$$obj.o ABSOLUTE
    __ARM_use_no_argv                        0x00000000   Number         0  main.o ABSOLUTE
    __use_no_errno                           0x00000000   Number         0  useno.o ABSOLUTE
    __use_no_exception_handling              0x00000000   Number         0  useno.o ABSOLUTE
    __use_no_fp                              0x00000000   Number         0  useno.o ABSOLUTE
    __use_no_heap                            0x00000000   Number         0  useno.o ABSOLUTE
    __use_no_heap_region                     0x00000000   Number         0  useno.o ABSOLUTE
    __use_no_semihosting                     0x00000000   Number         0  useno.o ABSOLUTE
    __use_no_semihosting_swi                 0x00000000   Number         0  useno.o ABSOLUTE
    __use_no_signal_handling                 0x00000000   Number         0  useno.o ABSOLUTE
    _printf_a                                0x00000000   Number         0  stubs.o ABSOLUTE
    _printf_c                                0x00000000   Number         0  stubs.o ABSOLUTE
    _printf_charcount                        0x00000000   Number         0  stubs.o ABSOLUTE
    _printf_d                                0x00000000   Number         0  stubs.o ABSOLUTE
    _printf_e                                0x00000000   Number         0  stubs.o ABSOLUTE
    _printf_f                                0x00000000   Number         0  stubs.o ABSOLUTE
    _printf_flags                            0x00000000   Number         0  stubs.o ABSOLUTE
    _printf_fp_dec                           0x00000000   Number         0  stubs.o ABSOLUTE
    _printf_fp_hex                           0x00000000   Number         0  stubs.o ABSOLUTE
    _printf_g                                0x00000000   Number         0  stubs.o ABSOLUTE
    _printf_i                                0x00000000   Number         0  stubs.o ABSOLUTE
    _printf_int_dec                          0x00000000   Number         0  stubs.o ABSOLUTE
    _printf_l                                0x00000000   Number         0  stubs.o ABSOLUTE
    _printf_lc                               0x00000000   Number         0  stubs.o ABSOLUTE
    _printf_ll                               0x00000000   Number         0  stubs.o ABSOLUTE
    _printf_lld                              0x00000000   Number         0  stubs.o ABSOLUTE
    _printf_lli                              0x00000000   Number         0  stubs.o ABSOLUTE
    _printf_llo                              0x00000000   Number         0  stubs.o ABSOLUTE
    _printf_llu                              0x00000000   Number         0  stubs.o ABSOLUTE
    _printf_llx                              0x00000000   Number         0  stubs.o ABSOLUTE
    _printf_longlong_dec                     0x00000000   Number         0  stubs.o ABSOLUTE
    _printf_longlong_hex                     0x00000000   Number         0  stubs.o ABSOLUTE
    _printf_longlong_oct                     0x00000000   Number         0  stubs.o ABSOLUTE
    _printf_ls                               0x00000000   Number         0  stubs.o ABSOLUTE
    _printf_mbtowc                           0x00000000   Number         0  stubs.o ABSOLUTE
    _printf_n                                0x00000000   Number         0  stubs.o ABSOLUTE
    _printf_o                                0x00000000   Number         0  stubs.o ABSOLUTE
    _printf_p                                0x00000000   Number         0  stubs.o ABSOLUTE
    _printf_percent                          0x00000000   Number         0  stubs.o ABSOLUTE
    _printf_pre_padding                      0x00000000   Number         0  stubs.o ABSOLUTE
    _printf_return_value                     0x00000000   Number         0  stubs.o ABSOLUTE
    _printf_s                                0x00000000   Number         0  stubs.o ABSOLUTE
    _printf_sizespec                         0x00000000   Number         0  stubs.o ABSOLUTE
    _printf_str                              0x00000000   Number         0  stubs.o ABSOLUTE
    _printf_truncate_signed                  0x00000000   Number         0  stubs.o ABSOLUTE
    _printf_truncate_unsigned                0x00000000   Number         0  stubs.o ABSOLUTE
    _printf_u                                0x00000000   Number         0  stubs.o ABSOLUTE
    _printf_wc                               0x00000000   Number         0  stubs.o ABSOLUTE
    _printf_wctomb                           0x00000000   Number         0  stubs.o ABSOLUTE
    _printf_widthprec                        0x00000000   Number         0  stubs.o ABSOLUTE
    _printf_x                                0x00000000   Number         0  stubs.o ABSOLUTE
    __cpp_initialize__aeabi_                  - Undefined Weak Reference
    __cxa_finalize                            - Undefined Weak Reference
    __decompress                              - Undefined Weak Reference
    _clock_init                               - Undefined Weak Reference
    _microlib_exit                            - Undefined Weak Reference
    __Vectors_Size                           0x00000130   Number         0  startup_stm32f10x_hd.o ABSOLUTE
    __Vectors                                0x08000000   Data           4  startup_stm32f10x_hd.o(RESET)
    __Vectors_End                            0x08000130   Data           0  startup_stm32f10x_hd.o(RESET)
    __main                                   0x08000131   Thumb Code     0  entry.o(.ARM.Collect$$$$00000000)
    _main_stk                                0x08000131   Thumb Code     0  entry2.o(.ARM.Collect$$$$00000001)
    _main_scatterload                        0x08000135   Thumb Code     0  entry5.o(.ARM.Collect$$$$00000004)
    __main_after_scatterload                 0x08000139   Thumb Code     0  entry5.o(.ARM.Collect$$$$00000004)
    _main_clock                              0x08000139   Thumb Code     0  entry7b.o(.ARM.Collect$$$$00000008)
    _main_cpp_init                           0x08000139   Thumb Code     0  entry8b.o(.ARM.Collect$$$$0000000A)
    _main_init                               0x08000139   Thumb Code     0  entry9a.o(.ARM.Collect$$$$0000000B)
    __rt_final_cpp                           0x08000141   Thumb Code     0  entry10a.o(.ARM.Collect$$$$0000000D)
    __rt_final_exit                          0x08000141   Thumb Code     0  entry11a.o(.ARM.Collect$$$$0000000F)
    Reset_Handler                            0x08000145   Thumb Code     8  startup_stm32f10x_hd.o(.text)
    ADC1_2_IRQHandler                        0x0800015f   Thumb Code     0  startup_stm32f10x_hd.o(.text)
    ADC3_IRQHandler                          0x0800015f   Thumb Code     0  startup_stm32f10x_hd.o(.text)
    CAN1_RX1_IRQHandler                      0x0800015f   Thumb Code     0  startup_stm32f10x_hd.o(.text)
    CAN1_SCE_IRQHandler                      0x0800015f   Thumb Code     0  startup_stm32f10x_hd.o(.text)
    DMA1_Channel1_IRQHandler                 0x0800015f   Thumb Code     0  startup_stm32f10x_hd.o(.text)
    DMA1_Channel2_IRQHandler                 0x0800015f   Thumb Code     0  startup_stm32f10x_hd.o(.text)
    DMA1_Channel3_IRQHandler                 0x0800015f   Thumb Code     0  startup_stm32f10x_hd.o(.text)
    DMA1_Channel4_IRQHandler                 0x0800015f   Thumb Code     0  startup_stm32f10x_hd.o(.text)
    DMA1_Channel5_IRQHandler                 0x0800015f   Thumb Code     0  startup_stm32f10x_hd.o(.text)
    DMA1_Channel6_IRQHandler                 0x0800015f   Thumb Code     0  startup_stm32f10x_hd.o(.text)
    DMA1_Channel7_IRQHandler                 0x0800015f   Thumb Code     0  startup_stm32f10x_hd.o(.text)
    DMA2_Channel1_IRQHandler                 0x0800015f   Thumb Code     0  startup_stm32f10x_hd.o(.text)
    DMA2_Channel2_IRQHandler                 0x0800015f   Thumb Code     0  startup_stm32f10x_hd.o(.text)
    DMA2_Channel3_IRQHandler                 0x0800015f   Thumb Code     0  startup_stm32f10x_hd.o(.text)
    DMA2_Channel4_5_IRQHandler               0x0800015f   Thumb Code     0  startup_stm32f10x_hd.o(.text)
    EXTI0_IRQHandler                         0x0800015f   Thumb Code     0  startup_stm32f10x_hd.o(.text)
    EXTI1_IRQHandler                         0x0800015f   Thumb Code     0  startup_stm32f10x_hd.o(.text)
    EXTI2_IRQHandler                         0x0800015f   Thumb Code     0  startup_stm32f10x_hd.o(.text)
    EXTI3_IRQHandler                         0x0800015f   Thumb Code     0  startup_stm32f10x_hd.o(.text)
    EXTI4_IRQHandler                         0x0800015f   Thumb Code     0  startup_stm32f10x_hd.o(.text)
    FLASH_IRQHandler                         0x0800015f   Thumb Code     0  startup_stm32f10x_hd.o(.text)
    FSMC_IRQHandler                          0x0800015f   Thumb Code     0  startup_stm32f10x_hd.o(.text)
    I2C1_ER_IRQHandler                       0x0800015f   Thumb Code     0  startup_stm32f10x_hd.o(.text)
    I2C1_EV_IRQHandler                       0x0800015f   Thumb Code     0  startup_stm32f10x_hd.o(.text)
    I2C2_ER_IRQHandler                       0x0800015f   Thumb Code     0  startup_stm32f10x_hd.o(.text)
    I2C2_EV_IRQHandler                       0x0800015f   Thumb Code     0  startup_stm32f10x_hd.o(.text)
    PVD_IRQHandler                           0x0800015f   Thumb Code     0  startup_stm32f10x_hd.o(.text)
    RCC_IRQHandler                           0x0800015f   Thumb Code     0  startup_stm32f10x_hd.o(.text)
    RTCAlarm_IRQHandler                      0x0800015f   Thumb Code     0  startup_stm32f10x_hd.o(.text)
    RTC_IRQHandler                           0x0800015f   Thumb Code     0  startup_stm32f10x_hd.o(.text)
    SDIO_IRQHandler                          0x0800015f   Thumb Code     0  startup_stm32f10x_hd.o(.text)
    SPI1_IRQHandler                          0x0800015f   Thumb Code     0  startup_stm32f10x_hd.o(.text)
    SPI2_IRQHandler                          0x0800015f   Thumb Code     0  startup_stm32f10x_hd.o(.text)
    SPI3_IRQHandler                          0x0800015f   Thumb Code     0  startup_stm32f10x_hd.o(.text)
    TAMPER_IRQHandler                        0x0800015f   Thumb Code     0  startup_stm32f10x_hd.o(.text)
    TIM1_BRK_IRQHandler                      0x0800015f   Thumb Code     0  startup_stm32f10x_hd.o(.text)
    TIM1_CC_IRQHandler                       0x0800015f   Thumb Code     0  startup_stm32f10x_hd.o(.text)
    TIM1_TRG_COM_IRQHandler                  0x0800015f   Thumb Code     0  startup_stm32f10x_hd.o(.text)
    TIM1_UP_IRQHandler                       0x0800015f   Thumb Code     0  startup_stm32f10x_hd.o(.text)
    TIM2_IRQHandler                          0x0800015f   Thumb Code     0  startup_stm32f10x_hd.o(.text)
    TIM4_IRQHandler                          0x0800015f   Thumb Code     0  startup_stm32f10x_hd.o(.text)
    TIM5_IRQHandler                          0x0800015f   Thumb Code     0  startup_stm32f10x_hd.o(.text)
    TIM6_IRQHandler                          0x0800015f   Thumb Code     0  startup_stm32f10x_hd.o(.text)
    TIM7_IRQHandler                          0x0800015f   Thumb Code     0  startup_stm32f10x_hd.o(.text)
    TIM8_BRK_IRQHandler                      0x0800015f   Thumb Code     0  startup_stm32f10x_hd.o(.text)
    TIM8_CC_IRQHandler                       0x0800015f   Thumb Code     0  startup_stm32f10x_hd.o(.text)
    TIM8_TRG_COM_IRQHandler                  0x0800015f   Thumb Code     0  startup_stm32f10x_hd.o(.text)
    TIM8_UP_IRQHandler                       0x0800015f   Thumb Code     0  startup_stm32f10x_hd.o(.text)
    UART4_IRQHandler                         0x0800015f   Thumb Code     0  startup_stm32f10x_hd.o(.text)
    UART5_IRQHandler                         0x0800015f   Thumb Code     0  startup_stm32f10x_hd.o(.text)
    USART1_IRQHandler                        0x0800015f   Thumb Code     0  startup_stm32f10x_hd.o(.text)
    USART2_IRQHandler                        0x0800015f   Thumb Code     0  startup_stm32f10x_hd.o(.text)
    USART3_IRQHandler                        0x0800015f   Thumb Code     0  startup_stm32f10x_hd.o(.text)
    USBWakeUp_IRQHandler                     0x0800015f   Thumb Code     0  startup_stm32f10x_hd.o(.text)
    USB_HP_CAN1_TX_IRQHandler                0x0800015f   Thumb Code     0  startup_stm32f10x_hd.o(.text)
    USB_LP_CAN1_RX0_IRQHandler               0x0800015f   Thumb Code     0  startup_stm32f10x_hd.o(.text)
    WWDG_IRQHandler                          0x0800015f   Thumb Code     0  startup_stm32f10x_hd.o(.text)
    NMI_Handler                              0x08000169   Thumb Code     2  stm32f10x_it.o(.text)
    HardFault_Handler                        0x0800016b   Thumb Code     4  stm32f10x_it.o(.text)
    MemManage_Handler                        0x0800016f   Thumb Code     4  stm32f10x_it.o(.text)
    BusFault_Handler                         0x08000173   Thumb Code     4  stm32f10x_it.o(.text)
    UsageFault_Handler                       0x08000177   Thumb Code     4  stm32f10x_it.o(.text)
    SVC_Handler                              0x0800017b   Thumb Code     2  stm32f10x_it.o(.text)
    DebugMon_Handler                         0x0800017d   Thumb Code     2  stm32f10x_it.o(.text)
    PendSV_Handler                           0x0800017f   Thumb Code     2  stm32f10x_it.o(.text)
    SysTick_Handler                          0x08000181   Thumb Code     2  stm32f10x_it.o(.text)
    SystemInit                               0x08000263   Thumb Code    78  system_stm32f10x.o(.text)
    SystemCoreClockUpdate                    0x080002b1   Thumb Code   142  system_stm32f10x.o(.text)
    SPI_I2S_DeInit                           0x08000365   Thumb Code    76  stm32f10x_spi.o(.text)
    SPI_Init                                 0x080003b1   Thumb Code    60  stm32f10x_spi.o(.text)
    I2S_Init                                 0x080003ed   Thumb Code   226  stm32f10x_spi.o(.text)
    SPI_StructInit                           0x080004cf   Thumb Code    24  stm32f10x_spi.o(.text)
    I2S_StructInit                           0x080004e7   Thumb Code    20  stm32f10x_spi.o(.text)
    SPI_Cmd                                  0x080004fb   Thumb Code    24  stm32f10x_spi.o(.text)
    I2S_Cmd                                  0x08000513   Thumb Code    24  stm32f10x_spi.o(.text)
    SPI_I2S_ITConfig                         0x0800052b   Thumb Code    32  stm32f10x_spi.o(.text)
    SPI_I2S_DMACmd                           0x0800054b   Thumb Code    18  stm32f10x_spi.o(.text)
    SPI_I2S_SendData                         0x0800055d   Thumb Code     4  stm32f10x_spi.o(.text)
    SPI_I2S_ReceiveData                      0x08000561   Thumb Code     6  stm32f10x_spi.o(.text)
    SPI_NSSInternalSoftwareConfig            0x08000567   Thumb Code    30  stm32f10x_spi.o(.text)
    SPI_SSOutputCmd                          0x08000585   Thumb Code    24  stm32f10x_spi.o(.text)
    SPI_DataSizeConfig                       0x0800059d   Thumb Code    18  stm32f10x_spi.o(.text)
    SPI_TransmitCRC                          0x080005af   Thumb Code    10  stm32f10x_spi.o(.text)
    SPI_CalculateCRC                         0x080005b9   Thumb Code    24  stm32f10x_spi.o(.text)
    SPI_GetCRC                               0x080005d1   Thumb Code    16  stm32f10x_spi.o(.text)
    SPI_GetCRCPolynomial                     0x080005e1   Thumb Code     6  stm32f10x_spi.o(.text)
    SPI_BiDirectionalLineConfig              0x080005e7   Thumb Code    28  stm32f10x_spi.o(.text)
    SPI_I2S_GetFlagStatus                    0x08000603   Thumb Code    18  stm32f10x_spi.o(.text)
    SPI_I2S_ClearFlag                        0x08000615   Thumb Code     6  stm32f10x_spi.o(.text)
    SPI_I2S_GetITStatus                      0x0800061b   Thumb Code    52  stm32f10x_spi.o(.text)
    SPI_I2S_ClearITPendingBit                0x0800064f   Thumb Code    20  stm32f10x_spi.o(.text)
    TIM_DeInit                               0x08000671   Thumb Code   424  stm32f10x_tim.o(.text)
    TIM_TimeBaseInit                         0x08000819   Thumb Code   122  stm32f10x_tim.o(.text)
    TIM_OC1Init                              0x08000893   Thumb Code   132  stm32f10x_tim.o(.text)
    TIM_OC2Init                              0x08000917   Thumb Code   154  stm32f10x_tim.o(.text)
    TIM_OC3Init                              0x080009b1   Thumb Code   150  stm32f10x_tim.o(.text)
    TIM_OC4Init                              0x08000a47   Thumb Code   182  stm32f10x_tim.o(.text)
    TIM_SetIC4Prescaler                      0x08000afd   Thumb Code    26  stm32f10x_tim.o(.text)
    TIM_SetIC3Prescaler                      0x08000b99   Thumb Code    18  stm32f10x_tim.o(.text)
    TIM_SetIC2Prescaler                      0x08000c25   Thumb Code    26  stm32f10x_tim.o(.text)
    TIM_SetIC1Prescaler                      0x08000cc1   Thumb Code    18  stm32f10x_tim.o(.text)
    TIM_ICInit                               0x08000d3f   Thumb Code   150  stm32f10x_tim.o(.text)
    TIM_PWMIConfig                           0x08000dd5   Thumb Code   124  stm32f10x_tim.o(.text)
    TIM_BDTRConfig                           0x08000e51   Thumb Code    32  stm32f10x_tim.o(.text)
    TIM_TimeBaseStructInit                   0x08000e71   Thumb Code    18  stm32f10x_tim.o(.text)
    TIM_OCStructInit                         0x08000e83   Thumb Code    20  stm32f10x_tim.o(.text)
    TIM_ICStructInit                         0x08000e97   Thumb Code    18  stm32f10x_tim.o(.text)
    TIM_BDTRStructInit                       0x08000ea9   Thumb Code    40  stm32f10x_tim.o(.text)
    TIM_Cmd                                  0x08000ed1   Thumb Code    24  stm32f10x_tim.o(.text)
    TIM_CtrlPWMOutputs                       0x08000ee9   Thumb Code    30  stm32f10x_tim.o(.text)
    TIM_ITConfig                             0x08000f07   Thumb Code    18  stm32f10x_tim.o(.text)
    TIM_GenerateEvent                        0x08000f19   Thumb Code     4  stm32f10x_tim.o(.text)
    TIM_DMAConfig                            0x08000f1d   Thumb Code    10  stm32f10x_tim.o(.text)
    TIM_DMACmd                               0x08000f27   Thumb Code    18  stm32f10x_tim.o(.text)
    TIM_InternalClockConfig                  0x08000f39   Thumb Code    12  stm32f10x_tim.o(.text)
    TIM_SelectInputTrigger                   0x08000f45   Thumb Code    18  stm32f10x_tim.o(.text)
    TIM_ITRxExternalClockConfig              0x08000f57   Thumb Code    24  stm32f10x_tim.o(.text)
    TIM_TIxExternalClockConfig               0x08000f6f   Thumb Code    62  stm32f10x_tim.o(.text)
    TIM_ETRConfig                            0x08000fad   Thumb Code    28  stm32f10x_tim.o(.text)
    TIM_ETRClockMode1Config                  0x08000fc9   Thumb Code    54  stm32f10x_tim.o(.text)
    TIM_ETRClockMode2Config                  0x08000fff   Thumb Code    32  stm32f10x_tim.o(.text)
    TIM_PrescalerConfig                      0x0800101f   Thumb Code     6  stm32f10x_tim.o(.text)
    TIM_CounterModeConfig                    0x08001025   Thumb Code    18  stm32f10x_tim.o(.text)
    TIM_EncoderInterfaceConfig               0x08001037   Thumb Code    66  stm32f10x_tim.o(.text)
    TIM_ForcedOC1Config                      0x08001079   Thumb Code    18  stm32f10x_tim.o(.text)
    TIM_ForcedOC2Config                      0x0800108b   Thumb Code    26  stm32f10x_tim.o(.text)
    TIM_ForcedOC3Config                      0x080010a5   Thumb Code    18  stm32f10x_tim.o(.text)
    TIM_ForcedOC4Config                      0x080010b7   Thumb Code    26  stm32f10x_tim.o(.text)
    TIM_ARRPreloadConfig                     0x080010d1   Thumb Code    24  stm32f10x_tim.o(.text)
    TIM_SelectCOM                            0x080010e9   Thumb Code    24  stm32f10x_tim.o(.text)
    TIM_SelectCCDMA                          0x08001101   Thumb Code    24  stm32f10x_tim.o(.text)
    TIM_CCPreloadControl                     0x08001119   Thumb Code    24  stm32f10x_tim.o(.text)
    TIM_OC1PreloadConfig                     0x08001131   Thumb Code    18  stm32f10x_tim.o(.text)
    TIM_OC2PreloadConfig                     0x08001143   Thumb Code    26  stm32f10x_tim.o(.text)
    TIM_OC3PreloadConfig                     0x0800115d   Thumb Code    18  stm32f10x_tim.o(.text)
    TIM_OC4PreloadConfig                     0x0800116f   Thumb Code    26  stm32f10x_tim.o(.text)
    TIM_OC1FastConfig                        0x08001189   Thumb Code    18  stm32f10x_tim.o(.text)
    TIM_OC2FastConfig                        0x0800119b   Thumb Code    26  stm32f10x_tim.o(.text)
    TIM_OC3FastConfig                        0x080011b5   Thumb Code    18  stm32f10x_tim.o(.text)
    TIM_OC4FastConfig                        0x080011c7   Thumb Code    26  stm32f10x_tim.o(.text)
    TIM_ClearOC1Ref                          0x080011e1   Thumb Code    18  stm32f10x_tim.o(.text)
    TIM_ClearOC2Ref                          0x080011f3   Thumb Code    24  stm32f10x_tim.o(.text)
    TIM_ClearOC3Ref                          0x0800120b   Thumb Code    18  stm32f10x_tim.o(.text)
    TIM_ClearOC4Ref                          0x0800121d   Thumb Code    24  stm32f10x_tim.o(.text)
    TIM_OC1PolarityConfig                    0x08001235   Thumb Code    18  stm32f10x_tim.o(.text)
    TIM_OC1NPolarityConfig                   0x08001247   Thumb Code    18  stm32f10x_tim.o(.text)
    TIM_OC2PolarityConfig                    0x08001259   Thumb Code    26  stm32f10x_tim.o(.text)
    TIM_OC2NPolarityConfig                   0x08001273   Thumb Code    26  stm32f10x_tim.o(.text)
    TIM_OC3PolarityConfig                    0x0800128d   Thumb Code    26  stm32f10x_tim.o(.text)
    TIM_OC3NPolarityConfig                   0x080012a7   Thumb Code    26  stm32f10x_tim.o(.text)
    TIM_OC4PolarityConfig                    0x080012c1   Thumb Code    26  stm32f10x_tim.o(.text)
    TIM_CCxCmd                               0x080012db   Thumb Code    30  stm32f10x_tim.o(.text)
    TIM_CCxNCmd                              0x080012f9   Thumb Code    30  stm32f10x_tim.o(.text)
    TIM_SelectOCxM                           0x08001317   Thumb Code    82  stm32f10x_tim.o(.text)
    TIM_UpdateDisableConfig                  0x08001369   Thumb Code    24  stm32f10x_tim.o(.text)
    TIM_UpdateRequestConfig                  0x08001381   Thumb Code    24  stm32f10x_tim.o(.text)
    TIM_SelectHallSensor                     0x08001399   Thumb Code    24  stm32f10x_tim.o(.text)
    TIM_SelectOnePulseMode                   0x080013b1   Thumb Code    18  stm32f10x_tim.o(.text)
    TIM_SelectOutputTrigger                  0x080013c3   Thumb Code    18  stm32f10x_tim.o(.text)
    TIM_SelectSlaveMode                      0x080013d5   Thumb Code    18  stm32f10x_tim.o(.text)
    TIM_SelectMasterSlaveMode                0x080013e7   Thumb Code    18  stm32f10x_tim.o(.text)
    TIM_SetCounter                           0x080013f9   Thumb Code     4  stm32f10x_tim.o(.text)
    TIM_SetAutoreload                        0x080013fd   Thumb Code     4  stm32f10x_tim.o(.text)
    TIM_SetCompare1                          0x08001401   Thumb Code     4  stm32f10x_tim.o(.text)
    TIM_SetCompare2                          0x08001405   Thumb Code     4  stm32f10x_tim.o(.text)
    TIM_SetCompare3                          0x08001409   Thumb Code     4  stm32f10x_tim.o(.text)
    TIM_SetCompare4                          0x0800140d   Thumb Code     6  stm32f10x_tim.o(.text)
    TIM_SetClockDivision                     0x08001413   Thumb Code    18  stm32f10x_tim.o(.text)
    TIM_GetCapture1                          0x08001425   Thumb Code     6  stm32f10x_tim.o(.text)
    TIM_GetCapture2                          0x0800142b   Thumb Code     6  stm32f10x_tim.o(.text)
    TIM_GetCapture3                          0x08001431   Thumb Code     6  stm32f10x_tim.o(.text)
    TIM_GetCapture4                          0x08001437   Thumb Code     8  stm32f10x_tim.o(.text)
    TIM_GetCounter                           0x0800143f   Thumb Code     6  stm32f10x_tim.o(.text)
    TIM_GetPrescaler                         0x08001445   Thumb Code     6  stm32f10x_tim.o(.text)
    TIM_GetFlagStatus                        0x0800144b   Thumb Code    18  stm32f10x_tim.o(.text)
    TIM_ClearFlag                            0x0800145d   Thumb Code     6  stm32f10x_tim.o(.text)
    TIM_GetITStatus                          0x08001463   Thumb Code    34  stm32f10x_tim.o(.text)
    TIM_ClearITPendingBit                    0x08001485   Thumb Code     6  stm32f10x_tim.o(.text)
    NVIC_PriorityGroupConfig                 0x0800148d   Thumb Code    10  misc.o(.text)
    NVIC_Init                                0x08001497   Thumb Code   100  misc.o(.text)
    NVIC_SetVectorTable                      0x080014fb   Thumb Code    14  misc.o(.text)
    NVIC_SystemLPConfig                      0x08001509   Thumb Code    34  misc.o(.text)
    SysTick_CLKSourceConfig                  0x0800152b   Thumb Code    40  misc.o(.text)
    EXTI_DeInit                              0x08001569   Thumb Code    28  stm32f10x_exti.o(.text)
    EXTI_Init                                0x08001585   Thumb Code   142  stm32f10x_exti.o(.text)
    EXTI_StructInit                          0x08001613   Thumb Code    16  stm32f10x_exti.o(.text)
    EXTI_GenerateSWInterrupt                 0x08001623   Thumb Code    16  stm32f10x_exti.o(.text)
    EXTI_GetFlagStatus                       0x08001633   Thumb Code    22  stm32f10x_exti.o(.text)
    EXTI_ClearFlag                           0x08001649   Thumb Code     8  stm32f10x_exti.o(.text)
    EXTI_GetITStatus                         0x08001651   Thumb Code    34  stm32f10x_exti.o(.text)
    EXTI_ClearITPendingBit                   0x08001673   Thumb Code     8  stm32f10x_exti.o(.text)
    GPIO_DeInit                              0x08001685   Thumb Code   172  stm32f10x_gpio.o(.text)
    GPIO_AFIODeInit                          0x08001731   Thumb Code    20  stm32f10x_gpio.o(.text)
    GPIO_Init                                0x08001745   Thumb Code   278  stm32f10x_gpio.o(.text)
    GPIO_StructInit                          0x0800185b   Thumb Code    16  stm32f10x_gpio.o(.text)
    GPIO_ReadInputDataBit                    0x0800186b   Thumb Code    18  stm32f10x_gpio.o(.text)
    GPIO_ReadInputData                       0x0800187d   Thumb Code     8  stm32f10x_gpio.o(.text)
    GPIO_ReadOutputDataBit                   0x08001885   Thumb Code    18  stm32f10x_gpio.o(.text)
    GPIO_ReadOutputData                      0x08001897   Thumb Code     8  stm32f10x_gpio.o(.text)
    GPIO_SetBits                             0x0800189f   Thumb Code     4  stm32f10x_gpio.o(.text)
    GPIO_ResetBits                           0x080018a3   Thumb Code     4  stm32f10x_gpio.o(.text)
    GPIO_WriteBit                            0x080018a7   Thumb Code    10  stm32f10x_gpio.o(.text)
    GPIO_Write                               0x080018b1   Thumb Code     4  stm32f10x_gpio.o(.text)
    GPIO_PinLockConfig                       0x080018b5   Thumb Code    18  stm32f10x_gpio.o(.text)
    GPIO_EventOutputConfig                   0x080018c7   Thumb Code    26  stm32f10x_gpio.o(.text)
    GPIO_EventOutputCmd                      0x080018e1   Thumb Code     6  stm32f10x_gpio.o(.text)
    GPIO_PinRemapConfig                      0x080018e7   Thumb Code   138  stm32f10x_gpio.o(.text)
    GPIO_EXTILineConfig                      0x08001971   Thumb Code    66  stm32f10x_gpio.o(.text)
    GPIO_ETH_MediaInterfaceConfig            0x080019b3   Thumb Code     8  stm32f10x_gpio.o(.text)
    RCC_DeInit                               0x080019e1   Thumb Code    64  stm32f10x_rcc.o(.text)
    RCC_HSEConfig                            0x08001a21   Thumb Code    70  stm32f10x_rcc.o(.text)
    RCC_GetFlagStatus                        0x08001a67   Thumb Code    56  stm32f10x_rcc.o(.text)
    RCC_WaitForHSEStartUp                    0x08001a9f   Thumb Code    56  stm32f10x_rcc.o(.text)
    RCC_AdjustHSICalibrationValue            0x08001ad7   Thumb Code    20  stm32f10x_rcc.o(.text)
    RCC_HSICmd                               0x08001aeb   Thumb Code     6  stm32f10x_rcc.o(.text)
    RCC_PLLConfig                            0x08001af1   Thumb Code    24  stm32f10x_rcc.o(.text)
    RCC_PLLCmd                               0x08001b09   Thumb Code     6  stm32f10x_rcc.o(.text)
    RCC_SYSCLKConfig                         0x08001b0f   Thumb Code    18  stm32f10x_rcc.o(.text)
    RCC_GetSYSCLKSource                      0x08001b21   Thumb Code    10  stm32f10x_rcc.o(.text)
    RCC_HCLKConfig                           0x08001b2b   Thumb Code    18  stm32f10x_rcc.o(.text)
    RCC_PCLK1Config                          0x08001b3d   Thumb Code    18  stm32f10x_rcc.o(.text)
    RCC_PCLK2Config                          0x08001b4f   Thumb Code    20  stm32f10x_rcc.o(.text)
    RCC_ITConfig                             0x08001b63   Thumb Code    26  stm32f10x_rcc.o(.text)
    RCC_USBCLKConfig                         0x08001b7d   Thumb Code     8  stm32f10x_rcc.o(.text)
    RCC_ADCCLKConfig                         0x08001b85   Thumb Code    18  stm32f10x_rcc.o(.text)
    RCC_LSEConfig                            0x08001b97   Thumb Code    50  stm32f10x_rcc.o(.text)
    RCC_LSICmd                               0x08001bc9   Thumb Code     6  stm32f10x_rcc.o(.text)
    RCC_RTCCLKConfig                         0x08001bcf   Thumb Code    12  stm32f10x_rcc.o(.text)
    RCC_RTCCLKCmd                            0x08001bdb   Thumb Code     8  stm32f10x_rcc.o(.text)
    RCC_GetClocksFreq                        0x08001be3   Thumb Code   192  stm32f10x_rcc.o(.text)
    RCC_AHBPeriphClockCmd                    0x08001ca3   Thumb Code    26  stm32f10x_rcc.o(.text)
    RCC_APB2PeriphClockCmd                   0x08001cbd   Thumb Code    26  stm32f10x_rcc.o(.text)
    RCC_APB1PeriphClockCmd                   0x08001cd7   Thumb Code    26  stm32f10x_rcc.o(.text)
    RCC_APB2PeriphResetCmd                   0x08001cf1   Thumb Code    26  stm32f10x_rcc.o(.text)
    RCC_APB1PeriphResetCmd                   0x08001d0b   Thumb Code    26  stm32f10x_rcc.o(.text)
    RCC_BackupResetCmd                       0x08001d25   Thumb Code     8  stm32f10x_rcc.o(.text)
    RCC_ClockSecuritySystemCmd               0x08001d2d   Thumb Code     6  stm32f10x_rcc.o(.text)
    RCC_MCOConfig                            0x08001d33   Thumb Code     6  stm32f10x_rcc.o(.text)
    RCC_ClearFlag                            0x08001d39   Thumb Code    14  stm32f10x_rcc.o(.text)
    RCC_GetITStatus                          0x08001d47   Thumb Code    20  stm32f10x_rcc.o(.text)
    RCC_ClearITPendingBit                    0x08001d5b   Thumb Code     6  stm32f10x_rcc.o(.text)
    USART_DeInit                             0x08001d85   Thumb Code   134  stm32f10x_usart.o(.text)
    USART_Init                               0x08001e0b   Thumb Code   210  stm32f10x_usart.o(.text)
    USART_StructInit                         0x08001edd   Thumb Code    24  stm32f10x_usart.o(.text)
    USART_ClockInit                          0x08001ef5   Thumb Code    34  stm32f10x_usart.o(.text)
    USART_ClockStructInit                    0x08001f17   Thumb Code    12  stm32f10x_usart.o(.text)
    USART_Cmd                                0x08001f23   Thumb Code    24  stm32f10x_usart.o(.text)
    USART_ITConfig                           0x08001f3b   Thumb Code    74  stm32f10x_usart.o(.text)
    USART_DMACmd                             0x08001f85   Thumb Code    18  stm32f10x_usart.o(.text)
    USART_SetAddress                         0x08001f97   Thumb Code    18  stm32f10x_usart.o(.text)
    USART_WakeUpConfig                       0x08001fa9   Thumb Code    18  stm32f10x_usart.o(.text)
    USART_ReceiverWakeUpCmd                  0x08001fbb   Thumb Code    24  stm32f10x_usart.o(.text)
    USART_LINBreakDetectLengthConfig         0x08001fd3   Thumb Code    18  stm32f10x_usart.o(.text)
    USART_LINCmd                             0x08001fe5   Thumb Code    24  stm32f10x_usart.o(.text)
    USART_SendData                           0x08001ffd   Thumb Code     8  stm32f10x_usart.o(.text)
    USART_ReceiveData                        0x08002005   Thumb Code    10  stm32f10x_usart.o(.text)
    USART_SendBreak                          0x0800200f   Thumb Code    10  stm32f10x_usart.o(.text)
    USART_SetGuardTime                       0x08002019   Thumb Code    16  stm32f10x_usart.o(.text)
    USART_SetPrescaler                       0x08002029   Thumb Code    16  stm32f10x_usart.o(.text)
    USART_SmartCardCmd                       0x08002039   Thumb Code    24  stm32f10x_usart.o(.text)
    USART_SmartCardNACKCmd                   0x08002051   Thumb Code    24  stm32f10x_usart.o(.text)
    USART_HalfDuplexCmd                      0x08002069   Thumb Code    24  stm32f10x_usart.o(.text)
    USART_OverSampling8Cmd                   0x08002081   Thumb Code    22  stm32f10x_usart.o(.text)
    USART_OneBitMethodCmd                    0x08002097   Thumb Code    24  stm32f10x_usart.o(.text)
    USART_IrDAConfig                         0x080020af   Thumb Code    18  stm32f10x_usart.o(.text)
    USART_IrDACmd                            0x080020c1   Thumb Code    24  stm32f10x_usart.o(.text)
    USART_GetFlagStatus                      0x080020d9   Thumb Code    26  stm32f10x_usart.o(.text)
    USART_ClearFlag                          0x080020f3   Thumb Code    18  stm32f10x_usart.o(.text)
    USART_GetITStatus                        0x08002105   Thumb Code    84  stm32f10x_usart.o(.text)
    USART_ClearITPendingBit                  0x08002159   Thumb Code    52  stm32f10x_usart.o(.text)
    delay_init                               0x0800218d   Thumb Code    56  delay.o(.text)
    delay_us                                 0x080021c5   Thumb Code    72  delay.o(.text)
    delay_ms                                 0x0800220d   Thumb Code    72  delay.o(.text)
    _sys_exit                                0x0800225d   Thumb Code     6  usart.o(.text)
    fputc                                    0x08002263   Thumb Code    24  usart.o(.text)
    USARTx_Init                              0x0800227b   Thumb Code   130  usart.o(.text)
    usart3_init                              0x080022fd   Thumb Code     6  usart.o(.text)
    get_signal_queue                         0x0800230d   Thumb Code     4  signal.o(.text)
    init_signal_queue                        0x08002311   Thumb Code    24  signal.o(.text)
    queue_callback                           0x08002329   Thumb Code   168  signal.o(.text)
    poll_callbacks                           0x080023d1   Thumb Code    64  signal.o(.text)
    hardware_failure                         0x08002415   Thumb Code    32  main.o(.text)
    main                                     0x08002435   Thumb Code    62  main.o(.text)
    mod_2                                    0x08002485   Thumb Code    30  platform.o(.text)
    gpio_init                                0x080024a3   Thumb Code    64  platform.o(.text)
    gpio_set_value                           0x080024e3   Thumb Code    18  platform.o(.text)
    gpio_get_value                           0x080024f5   Thumb Code    14  platform.o(.text)
    plat_spi_write_read                      0x08002503   Thumb Code    26  platform.o(.text)
    platform_spi_init                        0x0800251d   Thumb Code    32  platform.o(.text)
    plat_intr_init                           0x0800253d   Thumb Code   216  platform.o(.text)
    pwm_init                                 0x08002615   Thumb Code   444  platform.o(.text)
    pwm_set_high_pulse                       0x080027d1   Thumb Code   144  platform.o(.text)
    EXTI9_5_IRQHandler                       0x08002861   Thumb Code    78  platform.o(.text)
    EXTI15_10_IRQHandler                     0x080028af   Thumb Code   160  platform.o(.text)
    platform_timer_intr_init                 0x0800294f   Thumb Code   100  platform.o(.text)
    TIM3_IRQHandler                          0x080029b3   Thumb Code    20  platform.o(.text)
    controller_handle_user_commands          0x080029d1   Thumb Code     4  controller.o(.text)
    controller_init                          0x080029d5   Thumb Code   166  controller.o(.text)
    ble10x_xmit_msg                          0x08002b19   Thumb Code     6  ble102.o(.text)
    ble10x_usart_recv                        0x08002b7d   Thumb Code     6  ble102.o(.text)
    ble10x_usart_xmit                        0x08002b83   Thumb Code     6  ble102.o(.text)
    setup_serial_port                        0x08002b89   Thumb Code    80  ble102.o(.text)
    ble10x_device_init                       0x08002bdf   Thumb Code   186  ble102.o(.text)
    ble10x_set_recv_callback                 0x08002c99   Thumb Code    28  ble102.o(.text)
    speed_to_high_pulse                      0x08002d21   Thumb Code    34  us_motor.o(.text)
    set_dir                                  0x08002d43   Thumb Code    38  us_motor.o(.text)
    set_range                                0x08002d69   Thumb Code    22  us_motor.o(.text)
    set_speed                                0x08002d7f   Thumb Code    56  us_motor.o(.text)
    us_motor_lower_edge_reached              0x08002db7   Thumb Code    38  us_motor.o(.text)
    us_motor_middle_point_reached            0x08002ddd   Thumb Code    42  us_motor.o(.text)
    us_motor_upper_edge_reached              0x08002e07   Thumb Code    38  us_motor.o(.text)
    us_motor_init                            0x08002e2d   Thumb Code   252  us_motor.o(.text)
    us_motor_start                           0x08002f29   Thumb Code    36  us_motor.o(.text)
    us_motor_stop                            0x08002f4d   Thumb Code    34  us_motor.o(.text)
    LED_Init                                 0x08002fa9   Thumb Code    72  led.o(.text)
    spi_set_speed                            0x08002ff9   Thumb Code    32  spi.o(.text)
    spi_write_read                           0x08003019   Thumb Code    54  spi.o(.text)
    spi_init                                 0x0800304f   Thumb Code   320  spi.o(.text)
    calloc                                   0x080031c9   Thumb Code    28  calloc.o(.text)
    __aeabi_uldivmod                         0x080031e5   Thumb Code    98  uldiv.o(.text)
    __scatterload                            0x08003249   Thumb Code    28  init.o(.text)
    __scatterload_rt2                        0x08003249   Thumb Code     0  init.o(.text)
    __aeabi_llsl                             0x0800326d   Thumb Code    30  llshl.o(.text)
    _ll_shift_l                              0x0800326d   Thumb Code     0  llshl.o(.text)
    __aeabi_llsr                             0x0800328b   Thumb Code    32  llushr.o(.text)
    _ll_ushift_r                             0x0800328b   Thumb Code     0  llushr.o(.text)
    __0printf$8                              0x080032ad   Thumb Code    22  printf8.o(i.__0printf$8)
    __1printf$8                              0x080032ad   Thumb Code     0  printf8.o(i.__0printf$8)
    __2printf                                0x080032ad   Thumb Code     0  printf8.o(i.__0printf$8)
    __scatterload_copy                       0x080032cd   Thumb Code    14  handlers.o(i.__scatterload_copy)
    __scatterload_null                       0x080032db   Thumb Code     2  handlers.o(i.__scatterload_null)
    __scatterload_zeroinit                   0x080032dd   Thumb Code    14  handlers.o(i.__scatterload_zeroinit)
    malloc                                   0x08003749   Thumb Code    92  malloc.o(i.malloc)
    Region$$Table$$Base                      0x08003834   Number         0  anon$$obj.o(Region$$Table)
    Region$$Table$$Limit                     0x08003854   Number         0  anon$$obj.o(Region$$Table)
    SystemCoreClock                          0x20000000   Data           4  system_stm32f10x.o(.data)
    AHBPrescTable                            0x20000004   Data          16  system_stm32f10x.o(.data)
    __stdout                                 0x2000002c   Data           4  usart.o(.data)
    bmotor                                   0x20000030   Data          64  main.o(.data)
    umotor                                   0x20000070   Data          64  main.o(.data)
    para                                     0x200000b0   Data          36  main.o(.data)
    ctrler                                   0x200000d4   Data           4  main.o(.data)
    __microlib_freelist                      0x200000d8   Data           4  mvars.o(.data)
    __microlib_freelist_initialised          0x200000dc   Data           4  mvars.o(.data)
    g_signal_queue                           0x200000e0   Data        3204  signal.o(.bss)
    __heap_base                              0x20000d68   Data           0  startup_stm32f10x_hd.o(HEAP)
    __heap_limit                             0x20000f68   Data           0  startup_stm32f10x_hd.o(HEAP)
    __initial_sp                             0x20001368   Data           0  startup_stm32f10x_hd.o(STACK)



==============================================================================

Memory Map of the image

  Image Entry point : 0x08000131

  Load Region LR_IROM1 (Base: 0x08000000, Size: 0x00003934, Max: 0x00080000, ABSOLUTE)

    Execution Region ER_IROM1 (Base: 0x08000000, Size: 0x00003854, Max: 0x00080000, ABSOLUTE)

    Base Addr    Size         Type   Attr      Idx    E Section Name        Object

    0x08000000   0x00000130   Data   RO           19    RESET               startup_stm32f10x_hd.o
    0x08000130   0x00000000   Code   RO          480  * .ARM.Collect$$$$00000000  mc_w.l(entry.o)
    0x08000130   0x00000004   Code   RO          746    .ARM.Collect$$$$00000001  mc_w.l(entry2.o)
    0x08000134   0x00000004   Code   RO          749    .ARM.Collect$$$$00000004  mc_w.l(entry5.o)
    0x08000138   0x00000000   Code   RO          751    .ARM.Collect$$$$00000008  mc_w.l(entry7b.o)
    0x08000138   0x00000000   Code   RO          753    .ARM.Collect$$$$0000000A  mc_w.l(entry8b.o)
    0x08000138   0x00000008   Code   RO          754    .ARM.Collect$$$$0000000B  mc_w.l(entry9a.o)
    0x08000140   0x00000000   Code   RO          756    .ARM.Collect$$$$0000000D  mc_w.l(entry10a.o)
    0x08000140   0x00000000   Code   RO          758    .ARM.Collect$$$$0000000F  mc_w.l(entry11a.o)
    0x08000140   0x00000004   Code   RO          747    .ARM.Collect$$$$00002712  mc_w.l(entry2.o)
    0x08000144   0x00000024   Code   RO           20    .text               startup_stm32f10x_hd.o
    0x08000168   0x0000001a   Code   RO           24    .text               stm32f10x_it.o
    0x08000182   0x00000002   PAD
    0x08000184   0x000001e0   Code   RO          138    .text               system_stm32f10x.o
    0x08000364   0x0000030c   Code   RO          156    .text               stm32f10x_spi.o
    0x08000670   0x00000e1a   Code   RO          168    .text               stm32f10x_tim.o
    0x0800148a   0x00000002   PAD
    0x0800148c   0x000000dc   Code   RO          180    .text               misc.o
    0x08001568   0x0000011c   Code   RO          192    .text               stm32f10x_exti.o
    0x08001684   0x0000035c   Code   RO          216    .text               stm32f10x_gpio.o
    0x080019e0   0x000003a4   Code   RO          228    .text               stm32f10x_rcc.o
    0x08001d84   0x00000408   Code   RO          242    .text               stm32f10x_usart.o
    0x0800218c   0x000000d0   Code   RO          254    .text               delay.o
    0x0800225c   0x000000b0   Code   RO          284    .text               usart.o
    0x0800230c   0x00000108   Code   RO          309    .text               signal.o
    0x08002414   0x00000070   Code   RO          327    .text               main.o
    0x08002484   0x0000054c   Code   RO          386    .text               platform.o
    0x080029d0   0x00000148   Code   RO          406    .text               controller.o
    0x08002b18   0x00000208   Code   RO          419    .text               ble102.o
    0x08002d20   0x00000288   Code   RO          436    .text               us_motor.o
    0x08002fa8   0x00000050   Code   RO          449    .text               led.o
    0x08002ff8   0x000001d0   Code   RO          461    .text               spi.o
    0x080031c8   0x0000001c   Code   RO          744    .text               mc_w.l(calloc.o)
    0x080031e4   0x00000062   Code   RO          762    .text               mc_w.l(uldiv.o)
    0x08003246   0x00000002   PAD
    0x08003248   0x00000024   Code   RO          803    .text               mc_w.l(init.o)
    0x0800326c   0x0000001e   Code   RO          805    .text               mc_w.l(llshl.o)
    0x0800328a   0x00000020   Code   RO          807    .text               mc_w.l(llushr.o)
    0x080032aa   0x00000002   PAD
    0x080032ac   0x00000020   Code   RO          690    i.__0printf$8       mc_w.l(printf8.o)
    0x080032cc   0x0000000e   Code   RO          821    i.__scatterload_copy  mc_w.l(handlers.o)
    0x080032da   0x00000002   Code   RO          822    i.__scatterload_null  mc_w.l(handlers.o)
    0x080032dc   0x0000000e   Code   RO          823    i.__scatterload_zeroinit  mc_w.l(handlers.o)
    0x080032ea   0x00000002   PAD
    0x080032ec   0x00000408   Code   RO          697    i._printf_core      mc_w.l(printf8.o)
    0x080036f4   0x00000024   Code   RO          698    i._printf_post_padding  mc_w.l(printf8.o)
    0x08003718   0x0000002e   Code   RO          699    i._printf_pre_padding  mc_w.l(printf8.o)
    0x08003746   0x00000002   PAD
    0x08003748   0x0000006c   Code   RO          765    i.malloc            mc_w.l(malloc.o)
    0x080037b4   0x00000010   Data   RO          407    .constdata          controller.o
    0x080037c4   0x0000004c   Data   RO          420    .constdata          ble102.o
    0x08003810   0x00000018   Data   RO          437    .constdata          us_motor.o
    0x08003828   0x00000009   Data   RO          462    .constdata          spi.o
    0x08003831   0x00000003   PAD
    0x08003834   0x00000020   Data   RO          819    Region$$Table       anon$$obj.o


    Execution Region RW_IRAM1 (Base: 0x20000000, Size: 0x00001368, Max: 0x00010000, ABSOLUTE)

    Base Addr    Size         Type   Attr      Idx    E Section Name        Object

    0x20000000   0x00000014   Data   RW          139    .data               system_stm32f10x.o
    0x20000014   0x00000014   Data   RW          229    .data               stm32f10x_rcc.o
    0x20000028   0x00000004   Data   RW          255    .data               delay.o
    0x2000002c   0x00000004   Data   RW          285    .data               usart.o
    0x20000030   0x000000a8   Data   RW          328    .data               main.o
    0x200000d8   0x00000004   Data   RW          815    .data               mc_w.l(mvars.o)
    0x200000dc   0x00000004   Data   RW          816    .data               mc_w.l(mvars.o)
    0x200000e0   0x00000c84   Zero   RW          310    .bss                signal.o
    0x20000d64   0x00000004   PAD
    0x20000d68   0x00000200   Zero   RW           18    HEAP                startup_stm32f10x_hd.o
    0x20000f68   0x00000400   Zero   RW           17    STACK               startup_stm32f10x_hd.o


==============================================================================

Image component sizes


      Code (inc. data)   RO Data    RW Data    ZI Data      Debug   Object Name

       520         90         76          0          0       3668   ble102.o
       328        158         16          0          0       1338   controller.o
         0          0          0          0          0       4304   core_cm3.o
       208          8          0          4          0       1003   delay.o
        80          8          0          0          0        479   led.o
       112         18          0        168          0       4500   main.o
       220         22          0          0          0       1769   misc.o
      1356         54          0          0          0       4223   platform.o
       264          4          0          0       3204       2532   signal.o
       464         58          9          0          0       2124   spi.o
        36          8        304          0       1536        804   startup_stm32f10x_hd.o
       284         10          0          0          0       2199   stm32f10x_exti.o
       860         38          0          0          0       5609   stm32f10x_gpio.o
        26          0          0          0          0     258506   stm32f10x_it.o
       932         36          0         20          0       8764   stm32f10x_rcc.o
       780         14          0          0          0       6494   stm32f10x_spi.o
      3610         88          0          0          0      22096   stm32f10x_tim.o
      1032         22          0          0          0       8340   stm32f10x_usart.o
       480         38          0         20          0       1767   system_stm32f10x.o
       648         58         24          0          0       3319   us_motor.o
       176         10          0          4          0       2848   usart.o

    ----------------------------------------------------------------------
     12420        742        464        216       4744     346686   Object Totals
         0          0         32          0          0          0   (incl. Generated)
         4          0          3          0          4          0   (incl. Padding)

    ----------------------------------------------------------------------

      Code (inc. data)   RO Data    RW Data    ZI Data      Debug   Library Member Name

        28          0          0          0          0         76   calloc.o
         0          0          0          0          0          0   entry.o
         0          0          0          0          0          0   entry10a.o
         0          0          0          0          0          0   entry11a.o
         8          4          0          0          0          0   entry2.o
         4          0          0          0          0          0   entry5.o
         0          0          0          0          0          0   entry7b.o
         0          0          0          0          0          0   entry8b.o
         8          4          0          0          0          0   entry9a.o
        30          0          0          0          0          0   handlers.o
        36          8          0          0          0         68   init.o
        30          0          0          0          0         68   llshl.o
        32          0          0          0          0         68   llushr.o
       108         16          0          0          0         84   malloc.o
         0          0          0          8          0          0   mvars.o
      1146         54          0          0          0        352   printf8.o
        98          0          0          0          0         92   uldiv.o

    ----------------------------------------------------------------------
      1536         86          0          8          0        808   Library Totals
         8          0          0          0          0          0   (incl. Padding)

    ----------------------------------------------------------------------

      Code (inc. data)   RO Data    RW Data    ZI Data      Debug   Library Name

      1528         86          0          8          0        808   mc_w.l

    ----------------------------------------------------------------------
      1536         86          0          8          0        808   Library Totals

    ----------------------------------------------------------------------

==============================================================================


      Code (inc. data)   RO Data    RW Data    ZI Data      Debug   

     13956        828        464        224       4744     345410   Grand Totals
     13956        828        464        224       4744     345410   ELF Image Totals
     13956        828        464        224          0          0   ROM Totals

==============================================================================

    Total RO  Size (Code + RO Data)                14420 (  14.08kB)
    Total RW  Size (RW Data + ZI Data)              4968 (   4.85kB)
    Total ROM Size (Code + RO Data + RW Data)      14644 (  14.30kB)

==============================================================================

